Archive member included to satisfy reference by file (symbol)

/usr/local/Cellar/gcc-arm-none-eabi/20180627/bin/../lib/gcc/arm-none-eabi/7.3.1/../../../../arm-none-eabi/lib/thumb/v7e-m/fpv4-sp/softfp/libc_nano.a(lib_a-exit.o)
                              /usr/local/Cellar/gcc-arm-none-eabi/20180627/bin/../lib/gcc/arm-none-eabi/7.3.1/../../../../arm-none-eabi/lib/thumb/v7e-m/fpv4-sp/softfp/crt0.o (exit)
/usr/local/Cellar/gcc-arm-none-eabi/20180627/bin/../lib/gcc/arm-none-eabi/7.3.1/../../../../arm-none-eabi/lib/thumb/v7e-m/fpv4-sp/softfp/libc_nano.a(lib_a-impure.o)
                              /usr/local/Cellar/gcc-arm-none-eabi/20180627/bin/../lib/gcc/arm-none-eabi/7.3.1/../../../../arm-none-eabi/lib/thumb/v7e-m/fpv4-sp/softfp/libc_nano.a(lib_a-exit.o) (_global_impure_ptr)
/usr/local/Cellar/gcc-arm-none-eabi/20180627/bin/../lib/gcc/arm-none-eabi/7.3.1/../../../../arm-none-eabi/lib/thumb/v7e-m/fpv4-sp/softfp/libc_nano.a(lib_a-init.o)
                              /usr/local/Cellar/gcc-arm-none-eabi/20180627/bin/../lib/gcc/arm-none-eabi/7.3.1/../../../../arm-none-eabi/lib/thumb/v7e-m/fpv4-sp/softfp/crt0.o (__libc_init_array)
/usr/local/Cellar/gcc-arm-none-eabi/20180627/bin/../lib/gcc/arm-none-eabi/7.3.1/../../../../arm-none-eabi/lib/thumb/v7e-m/fpv4-sp/softfp/libc_nano.a(lib_a-memcpy-stub.o)
                              build/ROS_main.o (memcpy)
/usr/local/Cellar/gcc-arm-none-eabi/20180627/bin/../lib/gcc/arm-none-eabi/7.3.1/../../../../arm-none-eabi/lib/thumb/v7e-m/fpv4-sp/softfp/libc_nano.a(lib_a-memset.o)
                              /usr/local/Cellar/gcc-arm-none-eabi/20180627/bin/../lib/gcc/arm-none-eabi/7.3.1/../../../../arm-none-eabi/lib/thumb/v7e-m/fpv4-sp/softfp/crt0.o (memset)
/usr/local/Cellar/gcc-arm-none-eabi/20180627/bin/../lib/gcc/arm-none-eabi/7.3.1/../../../../arm-none-eabi/lib/thumb/v7e-m/fpv4-sp/softfp/libc_nano.a(lib_a-printf.o)
                              build/main.o (printf)
/usr/local/Cellar/gcc-arm-none-eabi/20180627/bin/../lib/gcc/arm-none-eabi/7.3.1/../../../../arm-none-eabi/lib/thumb/v7e-m/fpv4-sp/softfp/libc_nano.a(lib_a-puts.o)
                              build/ROS_main.o (puts)
/usr/local/Cellar/gcc-arm-none-eabi/20180627/bin/../lib/gcc/arm-none-eabi/7.3.1/../../../../arm-none-eabi/lib/thumb/v7e-m/fpv4-sp/softfp/libc_nano.a(lib_a-realloc.o)
                              build/ROS_main.o (realloc)
/usr/local/Cellar/gcc-arm-none-eabi/20180627/bin/../lib/gcc/arm-none-eabi/7.3.1/../../../../arm-none-eabi/lib/thumb/v7e-m/fpv4-sp/softfp/libc_nano.a(lib_a-sprintf.o)
                              build/ROS_main.o (sprintf)
/usr/local/Cellar/gcc-arm-none-eabi/20180627/bin/../lib/gcc/arm-none-eabi/7.3.1/../../../../arm-none-eabi/lib/thumb/v7e-m/fpv4-sp/softfp/libc_nano.a(lib_a-strlen.o)
                              build/ROS_main.o (strlen)
/usr/local/Cellar/gcc-arm-none-eabi/20180627/bin/../lib/gcc/arm-none-eabi/7.3.1/../../../../arm-none-eabi/lib/thumb/v7e-m/fpv4-sp/softfp/libc_nano.a(lib_a-wbuf.o)
                              /usr/local/Cellar/gcc-arm-none-eabi/20180627/bin/../lib/gcc/arm-none-eabi/7.3.1/../../../../arm-none-eabi/lib/thumb/v7e-m/fpv4-sp/softfp/libc_nano.a(lib_a-puts.o) (__swbuf_r)
/usr/local/Cellar/gcc-arm-none-eabi/20180627/bin/../lib/gcc/arm-none-eabi/7.3.1/../../../../arm-none-eabi/lib/thumb/v7e-m/fpv4-sp/softfp/libc_nano.a(lib_a-wsetup.o)
                              /usr/local/Cellar/gcc-arm-none-eabi/20180627/bin/../lib/gcc/arm-none-eabi/7.3.1/../../../../arm-none-eabi/lib/thumb/v7e-m/fpv4-sp/softfp/libc_nano.a(lib_a-puts.o) (__swsetup_r)
/usr/local/Cellar/gcc-arm-none-eabi/20180627/bin/../lib/gcc/arm-none-eabi/7.3.1/../../../../arm-none-eabi/lib/thumb/v7e-m/fpv4-sp/softfp/libc_nano.a(lib_a-fflush.o)
                              /usr/local/Cellar/gcc-arm-none-eabi/20180627/bin/../lib/gcc/arm-none-eabi/7.3.1/../../../../arm-none-eabi/lib/thumb/v7e-m/fpv4-sp/softfp/libc_nano.a(lib_a-wbuf.o) (_fflush_r)
/usr/local/Cellar/gcc-arm-none-eabi/20180627/bin/../lib/gcc/arm-none-eabi/7.3.1/../../../../arm-none-eabi/lib/thumb/v7e-m/fpv4-sp/softfp/libc_nano.a(lib_a-findfp.o)
                              /usr/local/Cellar/gcc-arm-none-eabi/20180627/bin/../lib/gcc/arm-none-eabi/7.3.1/../../../../arm-none-eabi/lib/thumb/v7e-m/fpv4-sp/softfp/libc_nano.a(lib_a-printf.o) (__sinit)
/usr/local/Cellar/gcc-arm-none-eabi/20180627/bin/../lib/gcc/arm-none-eabi/7.3.1/../../../../arm-none-eabi/lib/thumb/v7e-m/fpv4-sp/softfp/libc_nano.a(lib_a-fwalk.o)
                              /usr/local/Cellar/gcc-arm-none-eabi/20180627/bin/../lib/gcc/arm-none-eabi/7.3.1/../../../../arm-none-eabi/lib/thumb/v7e-m/fpv4-sp/softfp/libc_nano.a(lib_a-findfp.o) (_fwalk)
/usr/local/Cellar/gcc-arm-none-eabi/20180627/bin/../lib/gcc/arm-none-eabi/7.3.1/../../../../arm-none-eabi/lib/thumb/v7e-m/fpv4-sp/softfp/libc_nano.a(lib_a-makebuf.o)
[...]
Memory Configuration

Name             Origin             Length             Attributes
FLASH            0x0000000008000000 0x0000000000040000 xr
RAM              0x0000000020000000 0x0000000000010000 xrw
*default*        0x0000000000000000 0xffffffffffffffff

Linker script and memory map

LOAD /usr/local/Cellar/gcc-arm-none-eabi/20180627/bin/../lib/gcc/arm-none-eabi/7.3.1/thumb/v7e-m/fpv4-sp/softfp/crti.o
LOAD /usr/local/Cellar/gcc-arm-none-eabi/20180627/bin/../lib/gcc/arm-none-eabi/7.3.1/thumb/v7e-m/fpv4-sp/softfp/crtbegin.o
LOAD /usr/local/Cellar/gcc-arm-none-eabi/20180627/bin/../lib/gcc/arm-none-eabi/7.3.1/../../../../arm-none-eabi/lib/thumb/v7e-m/fpv4-sp/softfp/crt0.o
LOAD build/stm32f1xx_hal_flash.o
LOAD build/stm32f1xx_hal_flash_ex.o
LOAD build/stm32f1xx_hal_rcc.o
LOAD build/stm32f1xx_hal_tim.o
LOAD build/stm32f1xx_hal_tim_ex.o
LOAD build/stm32f1xx_hal_gpio_ex.o
LOAD build/stm32f1xx_hal_adc_ex.o
LOAD build/stm32f1xx_hal_cortex.o
LOAD build/stm32f1xx_hal_gpio.o
LOAD build/stm32f1xx_hal_rcc_ex.o
LOAD build/stm32f1xx_hal_pwr.o
LOAD build/stm32f1xx_hal.o
LOAD build/stm32f1xx_hal_adc.o
LOAD build/stm32f1xx_hal_uart.o
LOAD build/stm32f1xx_hal_i2c.o
LOAD build/stm32f1xx_hal_dma.o
LOAD build/system_at32f4xx.o
LOAD build/setup.o
LOAD build/main.o
LOAD build/bldc.o
LOAD build/stm32f1xx_it.o
LOAD build/BLDC_controller_data.o
LOAD build/BLDC_controller.o
LOAD build/hallinterrupts.o
LOAD build/motorcontrol.o
LOAD build/duration.o
LOAD build/time.o
LOAD build/ROS_main.o
LOAD build/ROS_subscribe.o
LOAD build/startup_at32f403xe.o
LOAD /usr/local/Cellar/gcc-arm-none-eabi/20180627/bin/../lib/gcc/arm-none-eabi/7.3.1/../../../../arm-none-eabi/lib/thumb/v7e-m/fpv4-sp/softfp/libc_nano.a
LOAD /usr/local/Cellar/gcc-arm-none-eabi/20180627/bin/../lib/gcc/arm-none-eabi/7.3.1/../../../../arm-none-eabi/lib/thumb/v7e-m/fpv4-sp/softfp/libm.a
LOAD /usr/local/Cellar/gcc-arm-none-eabi/20180627/bin/../lib/gcc/arm-none-eabi/7.3.1/../../../../arm-none-eabi/lib/thumb/v7e-m/fpv4-sp/softfp/libnosys.a
START GROUP
LOAD /usr/local/Cellar/gcc-arm-none-eabi/20180627/bin/../lib/gcc/arm-none-eabi/7.3.1/thumb/v7e-m/fpv4-sp/softfp/libgcc.a
LOAD /usr/local/Cellar/gcc-arm-none-eabi/20180627/bin/../lib/gcc/arm-none-eabi/7.3.1/../../../../arm-none-eabi/lib/thumb/v7e-m/fpv4-sp/softfp/libc_nano.a
END GROUP
START GROUP
LOAD /usr/local/Cellar/gcc-arm-none-eabi/20180627/bin/../lib/gcc/arm-none-eabi/7.3.1/thumb/v7e-m/fpv4-sp/softfp/libgcc.a
LOAD /usr/local/Cellar/gcc-arm-none-eabi/20180627/bin/../lib/gcc/arm-none-eabi/7.3.1/../../../../arm-none-eabi/lib/thumb/v7e-m/fpv4-sp/softfp/libc_nano.a
LOAD /usr/local/Cellar/gcc-arm-none-eabi/20180627/bin/../lib/gcc/arm-none-eabi/7.3.1/../../../../arm-none-eabi/lib/thumb/v7e-m/fpv4-sp/softfp/libnosys.a
END GROUP
START GROUP
LOAD /usr/local/Cellar/gcc-arm-none-eabi/20180627/bin/../lib/gcc/arm-none-eabi/7.3.1/thumb/v7e-m/fpv4-sp/softfp/libgcc.a
LOAD /usr/local/Cellar/gcc-arm-none-eabi/20180627/bin/../lib/gcc/arm-none-eabi/7.3.1/../../../../arm-none-eabi/lib/thumb/v7e-m/fpv4-sp/softfp/libc_nano.a
LOAD /usr/local/Cellar/gcc-arm-none-eabi/20180627/bin/../lib/gcc/arm-none-eabi/7.3.1/../../../../arm-none-eabi/lib/thumb/v7e-m/fpv4-sp/softfp/libnosys.a
END GROUP
LOAD /usr/local/Cellar/gcc-arm-none-eabi/20180627/bin/../lib/gcc/arm-none-eabi/7.3.1/thumb/v7e-m/fpv4-sp/softfp/crtend.o
LOAD /usr/local/Cellar/gcc-arm-none-eabi/20180627/bin/../lib/gcc/arm-none-eabi/7.3.1/thumb/v7e-m/fpv4-sp/softfp/crtn.o
                0x000000002000c000                _estack = 0x2000c000
                0x0000000000000000                _Min_Heap_Size = 0x0
                0x0000000000000400                _Min_Stack_Size = 0x400

.isr_vector     0x0000000008000000      0x150
                0x0000000008000000                . = ALIGN (0x4)
 *(.isr_vector)
 .isr_vector    0x0000000008000000      0x150 build/startup_at32f403xe.o
                0x0000000008000000                g_pfnVectors
                0x0000000008000150                . = ALIGN (0x4)

.text           0x0000000008000150     0x7f90
                0x0000000008000150                . = ALIGN (0x4)
 *(.text)
 .text          0x0000000008000150       0x40 /usr/local/Cellar/gcc-arm-none-eabi/20180627/bin/../lib/gcc/arm-none-eabi/7.3.1/thumb/v7e-m/fpv4-sp/softfp/crtbegin.o
 .text          0x0000000008000190       0x10 /usr/local/Cellar/gcc-arm-none-eabi/20180627/bin/../lib/gcc/arm-none-eabi/7.3.1/../../../../arm-none-eabi/lib/thumb/v7e-m/fpv4-sp/softfp/libc_nano.a(lib_a-strlen.o)
                0x0000000008000190                strlen
 .text          0x00000000080001a0       0xa0 /usr/local/Cellar/gcc-arm-none-eabi/20180627/bin/../lib/gcc/arm-none-eabi/7.3.1/../../../../arm-none-eabi/lib/thumb/v7e-m/fpv4-sp/softfp/libc_nano.a(lib_a-memchr.o)
                0x00000000080001a0                memchr
 .text          0x0000000008000240      0x378 /usr/local/Cellar/gcc-arm-none-eabi/20180627/bin/../lib/gcc/arm-none-eabi/7.3.1/thumb/v7e-m/fpv4-sp/softfp/libgcc.a(_arm_addsubdf3.o)
                0x0000000008000240                __aeabi_drsub
                0x0000000008000248                __subdf3
                0x0000000008000248                __aeabi_dsub
                0x000000000800024c                __aeabi_dadd
                0x000000000800024c                __adddf3
                0x00000000080004c4                __aeabi_ui2d
                0x00000000080004c4                __floatunsidf
                0x00000000080004e4                __floatsidf
                0x00000000080004e4                __aeabi_i2d
                0x0000000008000508                __extendsfdf2
                0x0000000008000508                __aeabi_f2d
                0x000000000800054c                __aeabi_ul2d
                0x000000000800054c                __floatundidf
                0x000000000800055c                __aeabi_l2d
                0x000000000800055c                __floatdidf
 .text          0x00000000080005b8      0x424 /usr/local/Cellar/gcc-arm-none-eabi/20180627/bin/../lib/gcc/arm-none-eabi/7.3.1/thumb/v7e-m/fpv4-sp/softfp/libgcc.a(_arm_muldivdf3.o)
                0x00000000080005b8                __aeabi_dmul
                0x00000000080005b8                __muldf3
                0x000000000800080c                __aeabi_ddiv
                0x000000000800080c                __divdf3
 .text          0x00000000080009dc       0x50 /usr/local/Cellar/gcc-arm-none-eabi/20180627/bin/../lib/gcc/arm-none-eabi/7.3.1/thumb/v7e-m/fpv4-sp/softfp/libgcc.a(_arm_fixdfsi.o)
                0x00000000080009dc                __fixdfsi
                0x00000000080009dc                __aeabi_d2iz
 .text          0x0000000008000a2c       0xa0 /usr/local/Cellar/gcc-arm-none-eabi/20180627/bin/../lib/gcc/arm-none-eabi/7.3.1/thumb/v7e-m/fpv4-sp/softfp/libgcc.a(_arm_truncdfsf2.o)
                0x0000000008000a2c                __aeabi_d2f
                0x0000000008000a2c                __truncdfsf2
 .text          0x0000000008000acc       0x30 /usr/local/Cellar/gcc-arm-none-eabi/20180627/bin/../lib/gcc/arm-none-eabi/7.3.1/thumb/v7e-m/fpv4-sp/softfp/libgcc.a(_aeabi_uldivmod.o)
                0x0000000008000acc                __aeabi_uldivmod
 .text          0x0000000008000afc      0x2cc /usr/local/Cellar/gcc-arm-none-eabi/20180627/bin/../lib/gcc/arm-none-eabi/7.3.1/thumb/v7e-m/fpv4-sp/softfp/libgcc.a(_udivmoddi4.o)
                0x0000000008000afc                __udivmoddi4
 .text          0x0000000008000dc8      0x9ec /usr/local/Cellar/gcc-arm-none-eabi/20180627/bin/../lib/gcc/arm-none-eabi/7.3.1/thumb/v7e-m/fpv4-sp/softfp/libgcc.a(unwind-arm.o)
                0x000000000800107c                _Unwind_GetCFA
                0x0000000008001080                __gnu_Unwind_RaiseException
                0x00000000080010e0                __gnu_Unwind_ForcedUnwind
                0x00000000080010f4                __gnu_Unwind_Resume
                0x0000000008001138                __gnu_Unwind_Resume_or_Rethrow
                0x0000000008001148                _Unwind_Complete
                0x000000000800114c                _Unwind_DeleteException
                0x0000000008001158                _Unwind_VRS_Get
                0x000000000800119c                _Unwind_VRS_Set
                0x00000000080011e4                __gnu_Unwind_Backtrace
                0x0000000008001528                __aeabi_unwind_cpp_pr0
                0x000000000800152c                __aeabi_unwind_cpp_pr1
                0x0000000008001530                __aeabi_unwind_cpp_pr2
                0x0000000008001534                _Unwind_VRS_Pop
 .text          0x00000000080017b4      0x1ac /usr/local/Cellar/gcc-arm-none-eabi/20180627/bin/../lib/gcc/arm-none-eabi/7.3.1/thumb/v7e-m/fpv4-sp/softfp/libgcc.a(libunwind.o)
                0x00000000080017b4                __restore_core_regs
                0x00000000080017b4                restore_core_regs
                0x00000000080017cc                __gnu_Unwind_Restore_VFP
                0x00000000080017d4                __gnu_Unwind_Save_VFP
                0x00000000080017dc                __gnu_Unwind_Restore_VFP_D
                0x00000000080017e4                __gnu_Unwind_Save_VFP_D
                0x00000000080017ec                __gnu_Unwind_Restore_VFP_D_16_to_31
                0x00000000080017f4                __gnu_Unwind_Save_VFP_D_16_to_31
                0x00000000080017fc                __gnu_Unwind_Restore_WMMXD
                0x0000000008001840                __gnu_Unwind_Save_WMMXD
                0x0000000008001884                __gnu_Unwind_Restore_WMMXC
                0x0000000008001898                __gnu_Unwind_Save_WMMXC
                0x00000000080018ac                _Unwind_RaiseException
                0x00000000080018ac                ___Unwind_RaiseException
                0x00000000080018d0                ___Unwind_Resume
                0x00000000080018d0                _Unwind_Resume
                0x00000000080018f4                ___Unwind_Resume_or_Rethrow
                0x00000000080018f4                _Unwind_Resume_or_Rethrow
                0x0000000008001918                _Unwind_ForcedUnwind
                0x0000000008001918                ___Unwind_ForcedUnwind
                0x000000000800193c                _Unwind_Backtrace
                0x000000000800193c                ___Unwind_Backtrace
 .text          0x0000000008001960      0x374 /usr/local/Cellar/gcc-arm-none-eabi/20180627/bin/../lib/gcc/arm-none-eabi/7.3.1/thumb/v7e-m/fpv4-sp/softfp/libgcc.a(pr-support.o)
                0x00000000080019b8                __gnu_unwind_execute
                0x0000000008001c7c                __gnu_unwind_frame
                0x0000000008001ca4                _Unwind_GetRegionStart
                0x0000000008001cb0                _Unwind_GetLanguageSpecificData
                0x0000000008001cc4                _Unwind_GetDataRelBase
                0x0000000008001ccc                _Unwind_GetTextRelBase
 .text          0x0000000008001cd4        0x4 /usr/local/Cellar/gcc-arm-none-eabi/20180627/bin/../lib/gcc/arm-none-eabi/7.3.1/thumb/v7e-m/fpv4-sp/softfp/libgcc.a(_dvmd_tls.o)
                0x0000000008001cd4                __aeabi_ldiv0
                0x0000000008001cd4                __aeabi_idiv0
 *(.text*)
 .text.HAL_RCC_GetHCLKFreq
                0x0000000008001cd8        0xc build/stm32f1xx_hal_rcc.o
                0x0000000008001cd8                HAL_RCC_GetHCLKFreq
 .text.HAL_RCC_GetPCLK1Freq
                0x0000000008001ce4       0x20 build/stm32f1xx_hal_rcc.o
                0x0000000008001ce4                HAL_RCC_GetPCLK1Freq
 .text.HAL_RCC_GetPCLK2Freq
                0x0000000008001d04       0x20 build/stm32f1xx_hal_rcc.o
                0x0000000008001d04                HAL_RCC_GetPCLK2Freq
 .text.TIM_OC1_SetConfig
                0x0000000008001d24       0x68 build/stm32f1xx_hal_tim.o
 .text.TIM_OC3_SetConfig
                0x0000000008001d8c       0x70 build/stm32f1xx_hal_tim.o
 .text.TIM_OC4_SetConfig
                0x0000000008001dfc       0x50 build/stm32f1xx_hal_tim.o
 .text.TIM_TI1_ConfigInputStage
                0x0000000008001e4c       0x26 build/stm32f1xx_hal_tim.o
 .text.TIM_TI2_ConfigInputStage
                0x0000000008001e72       0x28 build/stm32f1xx_hal_tim.o
 .text.TIM_ETR_SetConfig
                0x0000000008001e9a       0x18 build/stm32f1xx_hal_tim.o
 .text.TIM_SlaveTimer_SetConfig
                0x0000000008001eb2       0x74 build/stm32f1xx_hal_tim.o
 .text.HAL_TIM_Base_MspInit
                0x0000000008001f26        0x2 build/stm32f1xx_hal_tim.o
                0x0000000008001f26                HAL_TIM_Base_MspInit
 .text.HAL_TIM_Base_Start
                0x0000000008001f28       0x1a build/stm32f1xx_hal_tim.o
                0x0000000008001f28                HAL_TIM_Base_Start
 .text.HAL_TIM_PWM_MspInit
                0x0000000008001f42        0x2 build/stm32f1xx_hal_tim.o
                0x0000000008001f42                HAL_TIM_PWM_MspInit
 .text.HAL_TIM_SlaveConfigSynchronization
                0x0000000008001f44       0x40 build/stm32f1xx_hal_tim.o
                0x0000000008001f44                HAL_TIM_SlaveConfigSynchronization
 .text.TIM_Base_SetConfig
                0x0000000008001f84       0x98 build/stm32f1xx_hal_tim.o
                0x0000000008001f84                TIM_Base_SetConfig
 .text.HAL_TIM_Base_Init
                0x000000000800201c       0x32 build/stm32f1xx_hal_tim.o
                0x000000000800201c                HAL_TIM_Base_Init
 .text.HAL_TIM_PWM_Init
                0x000000000800204e       0x32 build/stm32f1xx_hal_tim.o
                0x000000000800204e                HAL_TIM_PWM_Init
 .text.TIM_OC2_SetConfig
                0x0000000008002080       0x70 build/stm32f1xx_hal_tim.o
                0x0000000008002080                TIM_OC2_SetConfig
 .text.HAL_TIM_PWM_ConfigChannel
                0x00000000080020f0       0xdc build/stm32f1xx_hal_tim.o
                0x00000000080020f0                HAL_TIM_PWM_ConfigChannel
 .text.TIM_CCxChannelCmd
                0x00000000080021cc       0x1e build/stm32f1xx_hal_tim.o
                0x00000000080021cc                TIM_CCxChannelCmd
 *fill*         0x00000000080021ea        0x2 
 .text.HAL_TIM_PWM_Start
                0x00000000080021ec       0x38 build/stm32f1xx_hal_tim.o
                0x00000000080021ec                HAL_TIM_PWM_Start
 .text.TIM_CCxNChannelCmd
                0x0000000008002224       0x1e build/stm32f1xx_hal_tim_ex.o
 .text.HAL_TIMEx_PWMN_Start
                0x0000000008002242       0x24 build/stm32f1xx_hal_tim_ex.o
                0x0000000008002242                HAL_TIMEx_PWMN_Start
 .text.HAL_TIMEx_ConfigBreakDeadTime
                0x0000000008002266       0x58 build/stm32f1xx_hal_tim_ex.o
                0x0000000008002266                HAL_TIMEx_ConfigBreakDeadTime
 .text.HAL_TIMEx_MasterConfigSynchronization
                0x00000000080022be       0x52 build/stm32f1xx_hal_tim_ex.o
                0x00000000080022be                HAL_TIMEx_MasterConfigSynchronization
 .text.HAL_ADCEx_MultiModeConfigChannel
                0x0000000008002310       0x58 build/stm32f1xx_hal_adc_ex.o
                0x0000000008002310                HAL_ADCEx_MultiModeConfigChannel
 .text.HAL_NVIC_SetPriorityGrouping
                0x0000000008002368       0x24 build/stm32f1xx_hal_cortex.o
                0x0000000008002368                HAL_NVIC_SetPriorityGrouping
 .text.HAL_NVIC_SetPriority
                0x000000000800238c       0x68 build/stm32f1xx_hal_cortex.o
                0x000000000800238c                HAL_NVIC_SetPriority
 .text.HAL_NVIC_EnableIRQ
                0x00000000080023f4       0x18 build/stm32f1xx_hal_cortex.o
                0x00000000080023f4                HAL_NVIC_EnableIRQ
 .text.HAL_NVIC_DisableIRQ
                0x000000000800240c       0x18 build/stm32f1xx_hal_cortex.o
                0x000000000800240c                HAL_NVIC_DisableIRQ
 .text.HAL_SYSTICK_Config
                0x0000000008002424       0x2c build/stm32f1xx_hal_cortex.o
                0x0000000008002424                HAL_SYSTICK_Config
 .text.HAL_SYSTICK_CLKSourceConfig
                0x0000000008002450       0x20 build/stm32f1xx_hal_cortex.o
                0x0000000008002450                HAL_SYSTICK_CLKSourceConfig
 .text.HAL_SYSTICK_Callback
                0x0000000008002470        0x2 build/stm32f1xx_hal_cortex.o
                0x0000000008002470                HAL_SYSTICK_Callback
 .text.HAL_SYSTICK_IRQHandler
                0x0000000008002472        0x8 build/stm32f1xx_hal_cortex.o
                0x0000000008002472                HAL_SYSTICK_IRQHandler
 *fill*         0x000000000800247a        0x2 
 .text.HAL_GPIO_Init
                0x000000000800247c      0x1f0 build/stm32f1xx_hal_gpio.o
                0x000000000800247c                HAL_GPIO_Init
 .text.HAL_GPIO_ReadPin
                0x000000000800266c        0xe build/stm32f1xx_hal_gpio.o
                0x000000000800266c                HAL_GPIO_ReadPin
 .text.HAL_GPIO_WritePin
                0x000000000800267a        0xc build/stm32f1xx_hal_gpio.o
                0x000000000800267a                HAL_GPIO_WritePin
 .text.HAL_GPIO_TogglePin
                0x0000000008002686        0x8 build/stm32f1xx_hal_gpio.o
                0x0000000008002686                HAL_GPIO_TogglePin
 .text.HAL_MspInit
                0x000000000800268e        0x2 build/stm32f1xx_hal.o
                0x000000000800268e                HAL_MspInit
 .text.HAL_InitTick
                0x0000000008002690       0x2c build/stm32f1xx_hal.o
                0x0000000008002690                HAL_InitTick
 .text.HAL_Init
                0x00000000080026bc       0x24 build/stm32f1xx_hal.o
                0x00000000080026bc                HAL_Init
 .text.HAL_IncTick
                0x00000000080026e0       0x10 build/stm32f1xx_hal.o
                0x00000000080026e0                HAL_IncTick
 .text.HAL_GetTick
                0x00000000080026f0        0xc build/stm32f1xx_hal.o
                0x00000000080026f0                HAL_GetTick
 .text.HAL_Delay
                0x00000000080026fc       0x24 build/stm32f1xx_hal.o
                0x00000000080026fc                HAL_Delay
 .text.HAL_ADC_MspInit
                0x0000000008002720        0x2 build/stm32f1xx_hal_adc.o
                0x0000000008002720                HAL_ADC_MspInit
 *fill*         0x0000000008002722        0x2 
 .text.HAL_ADC_ConfigChannel
                0x0000000008002724      0x138 build/stm32f1xx_hal_adc.o
                0x0000000008002724                HAL_ADC_ConfigChannel
 .text.ADC_Enable
                0x000000000800285c       0x80 build/stm32f1xx_hal_adc.o
                0x000000000800285c                ADC_Enable
 .text.HAL_ADC_Start
                0x00000000080028dc       0xec build/stm32f1xx_hal_adc.o
                0x00000000080028dc                HAL_ADC_Start
 .text.ADC_ConversionStop_Disable
                0x00000000080029c8       0x4c build/stm32f1xx_hal_adc.o
                0x00000000080029c8                ADC_ConversionStop_Disable
 .text.HAL_ADC_Init
                0x0000000008002a14      0x12c build/stm32f1xx_hal_adc.o
                0x0000000008002a14                HAL_ADC_Init
 .text.UART_EndRxTransfer
                0x0000000008002b40       0x1c build/stm32f1xx_hal_uart.o
 .text.UART_Transmit_IT
                0x0000000008002b5c       0x68 build/stm32f1xx_hal_uart.o
 .text.UART_SetConfig
                0x0000000008002bc4      0x1ac build/stm32f1xx_hal_uart.o
 .text.UART_WaitOnFlagUntilTimeout
                0x0000000008002d70       0x62 build/stm32f1xx_hal_uart.o
 .text.HAL_UART_MspInit
                0x0000000008002dd2        0x2 build/stm32f1xx_hal_uart.o
                0x0000000008002dd2                HAL_UART_MspInit
 .text.HAL_UART_Init
                0x0000000008002dd4       0x5e build/stm32f1xx_hal_uart.o
                0x0000000008002dd4                HAL_UART_Init
 .text.HAL_UART_Transmit
                0x0000000008002e32       0xe0 build/stm32f1xx_hal_uart.o
                0x0000000008002e32                HAL_UART_Transmit
 .text.HAL_UART_Receive_IT
                0x0000000008002f12       0x5c build/stm32f1xx_hal_uart.o
                0x0000000008002f12                HAL_UART_Receive_IT
 .text.UART_EndTransmit_IT
                0x0000000008002f6e       0x1a build/stm32f1xx_hal_uart.o
 .text.UART_Receive_IT
                0x0000000008002f88       0x9c build/stm32f1xx_hal_uart.o
 .text.HAL_UART_ErrorCallback
                0x0000000008003024        0x2 build/stm32f1xx_hal_uart.o
                0x0000000008003024                HAL_UART_ErrorCallback
 *fill*         0x0000000008003026        0x2 
 .text.HAL_UART_IRQHandler
                0x0000000008003028      0x120 build/stm32f1xx_hal_uart.o
                0x0000000008003028                HAL_UART_IRQHandler
 .text.UART_DMAAbortOnError
                0x0000000008003148       0x10 build/stm32f1xx_hal_uart.o
 .text.HAL_DMA_Abort_IT
                0x0000000008003158      0x168 build/stm32f1xx_hal_dma.o
                0x0000000008003158                HAL_DMA_Abort_IT
 .text.HAL_DMA_IRQHandler
                0x00000000080032c0      0x2ec build/stm32f1xx_hal_dma.o
                0x00000000080032c0                HAL_DMA_IRQHandler
 .text.SetSysClockTo72MHSI
                0x00000000080035ac       0xc0 build/system_at32f4xx.o
 .text.SetSysClock
                0x000000000800366c        0x8 build/system_at32f4xx.o
 .text.SystemInit
                0x0000000008003674       0x6c build/system_at32f4xx.o
                0x0000000008003674                SystemInit
 .text.MX_GPIO_Init
                0x00000000080036e0      0x208 build/setup.o
                0x00000000080036e0                MX_GPIO_Init
 .text.MX_TIM_Init
                0x00000000080038e8      0x208 build/setup.o
                0x00000000080038e8                MX_TIM_Init
 .text.MX_ADC1_Init
                0x0000000008003af0      0x12c build/setup.o
                0x0000000008003af0                MX_ADC1_Init
 .text.MX_ADC2_Init
                0x0000000008003c1c       0xb4 build/setup.o
                0x0000000008003c1c                MX_ADC2_Init
 .text.UART_Debug_Init
                0x0000000008003cd0       0x9c build/setup.o
                0x0000000008003cd0                UART_Debug_Init
 .text.__io_putchar
                0x0000000008003d6c       0x20 build/setup.o
                0x0000000008003d6c                __io_putchar
 .text._write   0x0000000008003d8c       0x28 build/setup.o
                0x0000000008003d8c                _write
 .text.UART_Control_Init
                0x0000000008003db4       0xa8 build/setup.o
                0x0000000008003db4                UART_Control_Init
 .text.USART2_IRQHandler
                0x0000000008003e5c       0x10 build/setup.o
                0x0000000008003e5c                USART2_IRQHandler
 .text.HAL_UART_RxCpltCallback
                0x0000000008003e6c       0x38 build/setup.o
                0x0000000008003e6c                HAL_UART_RxCpltCallback
 .text.HAL_UART_TxCpltCallback
                0x0000000008003ea4        0x2 build/setup.o
                0x0000000008003ea4                HAL_UART_TxCpltCallback
 *fill*         0x0000000008003ea6        0x2 
 .text.poweroff
                0x0000000008003ea8       0x40 build/main.o
                0x0000000008003ea8                poweroff
 .text.SystemClock_Config
                0x0000000008003ee8       0x2c build/main.o
                0x0000000008003ee8                SystemClock_Config
 .text.main     0x0000000008003f14      0x168 build/main.o
                0x0000000008003f14                main
 .text.DMA1_Channel1_IRQHandler
                0x000000000800407c       0xe0 build/bldc.o
                0x000000000800407c                DMA1_Channel1_IRQHandler
 .text.NMI_Handler
                0x000000000800415c        0x2 build/stm32f1xx_it.o
                0x000000000800415c                NMI_Handler
 .text.HardFault_Handler
                0x000000000800415e        0x2 build/stm32f1xx_it.o
                0x000000000800415e                HardFault_Handler
 .text.MemManage_Handler
                0x0000000008004160        0x2 build/stm32f1xx_it.o
                0x0000000008004160                MemManage_Handler
 .text.BusFault_Handler
                0x0000000008004162        0x2 build/stm32f1xx_it.o
                0x0000000008004162                BusFault_Handler
 .text.UsageFault_Handler
                0x0000000008004164        0x2 build/stm32f1xx_it.o
                0x0000000008004164                UsageFault_Handler
 .text.SVC_Handler
                0x0000000008004166        0x2 build/stm32f1xx_it.o
                0x0000000008004166                SVC_Handler
 .text.DebugMon_Handler
                0x0000000008004168        0x2 build/stm32f1xx_it.o
                0x0000000008004168                DebugMon_Handler
 .text.PendSV_Handler
                0x000000000800416a        0x2 build/stm32f1xx_it.o
                0x000000000800416a                PendSV_Handler
 .text.SysTick_Handler
                0x000000000800416c        0xc build/stm32f1xx_it.o
                0x000000000800416c                SysTick_Handler
 .text.EXTI9_5_IRQHandler
                0x0000000008004178       0x74 build/stm32f1xx_it.o
                0x0000000008004178                EXTI9_5_IRQHandler
 .text.EXTI15_10_IRQHandler
                0x00000000080041ec       0x8c build/stm32f1xx_it.o
                0x00000000080041ec                EXTI15_10_IRQHandler
 .text.DMA1_Channel6_IRQHandler
                0x0000000008004278       0x10 build/stm32f1xx_it.o
                0x0000000008004278                DMA1_Channel6_IRQHandler
 .text.DMA1_Channel7_IRQHandler
                0x0000000008004288       0x10 build/stm32f1xx_it.o
                0x0000000008004288                DMA1_Channel7_IRQHandler
 .text.plook_u8s32u32n31_evenc_s
                0x0000000008004298       0x40 build/BLDC_controller.o
                0x0000000008004298                plook_u8s32u32n31_evenc_s
 .text.intrp1d_s16s32s32u8u32n31l_s
                0x00000000080042d8       0x2a build/BLDC_controller.o
                0x00000000080042d8                intrp1d_s16s32s32u8u32n31l_s
 .text.div_nde_s32_floor
                0x0000000008004302       0x24 build/BLDC_controller.o
                0x0000000008004302                div_nde_s32_floor
 *fill*         0x0000000008004326        0x2 
 .text.BLDC_controller_step
                0x0000000008004328      0x400 build/BLDC_controller.o
                0x0000000008004328                BLDC_controller_step
 .text.BLDC_controller_initialize
                0x0000000008004728       0x1c build/BLDC_controller.o
                0x0000000008004728                BLDC_controller_initialize
 *fill*         0x0000000008004744        0x4 
 .text.HallInterruptinit
                0x0000000008004748      0x124 build/hallinterrupts.o
                0x0000000008004748                HallInterruptinit
 .text.HallInterruptReadPosn
                0x000000000800486c       0x68 build/hallinterrupts.o
                0x000000000800486c                HallInterruptReadPosn
 .text.HallInterruptsInterrupt
                0x00000000080048d4      0x294 build/hallinterrupts.o
                0x00000000080048d4                HallInterruptsInterrupt
 .text.TMR4_GLOBAL_IRQHandler
                0x0000000008004b68       0x8c build/hallinterrupts.o
                0x0000000008004b68                TMR4_GLOBAL_IRQHandler
 .text.motor_init
                0x0000000008004bf4       0x60 build/motorcontrol.o
                0x0000000008004bf4                motor_init
 .text.motor_run
                0x0000000008004c54      0x178 build/motorcontrol.o
                0x0000000008004c54                motor_run
 .text._ZN3ros16normalizeSecNSecERmS0_
                0x0000000008004dcc       0x2c build/time.o
                0x0000000008004dcc                ros::normalizeSecNSec(unsigned long&, unsigned long&)
 .text._ZNK8std_msgs4Time9serializeEPh
                0x0000000008004df8       0x28 build/ROS_main.o
                0x0000000008004df8                std_msgs::Time::serialize(unsigned char*) const
 .text._ZN8std_msgs4Time11deserializeEPh
                0x0000000008004e20       0x3c build/ROS_main.o
                0x0000000008004e20                std_msgs::Time::deserialize(unsigned char*)
 .text._ZN8std_msgs4Time7getTypeEv
                0x0000000008004e5c        0x8 build/ROS_main.o
                0x0000000008004e5c                std_msgs::Time::getType()
 .text._ZN8std_msgs4Time6getMD5Ev
                0x0000000008004e64        0x8 build/ROS_main.o
                0x0000000008004e64                std_msgs::Time::getMD5()
 .text._ZN14rosserial_msgs9TopicInfo11deserializeEPh
                0x0000000008004e6c       0x94 build/ROS_main.o
                0x0000000008004e6c                rosserial_msgs::TopicInfo::deserialize(unsigned char*)
 .text._ZN14rosserial_msgs9TopicInfo7getTypeEv
                0x0000000008004f00        0x8 build/ROS_main.o
                0x0000000008004f00                rosserial_msgs::TopicInfo::getType()
 .text._ZN14rosserial_msgs9TopicInfo6getMD5Ev
                0x0000000008004f08        0x8 build/ROS_main.o
                0x0000000008004f08                rosserial_msgs::TopicInfo::getMD5()
 .text._ZN14rosserial_msgs3Log11deserializeEPh
                0x0000000008004f10       0x2c build/ROS_main.o
                0x0000000008004f10                rosserial_msgs::Log::deserialize(unsigned char*)
 .text._ZN14rosserial_msgs3Log7getTypeEv
                0x0000000008004f3c        0x8 build/ROS_main.o
                0x0000000008004f3c                rosserial_msgs::Log::getType()
 .text._ZN14rosserial_msgs3Log6getMD5Ev
                0x0000000008004f44        0x8 build/ROS_main.o
                0x0000000008004f44                rosserial_msgs::Log::getMD5()
 .text._ZN14rosserial_msgs20RequestParamResponse7getTypeEv
                0x0000000008004f4c        0x8 build/ROS_main.o
                0x0000000008004f4c                rosserial_msgs::RequestParamResponse::getType()
 .text._ZN14rosserial_msgs20RequestParamResponse6getMD5Ev
                0x0000000008004f54        0x8 build/ROS_main.o
                0x0000000008004f54                rosserial_msgs::RequestParamResponse::getMD5()
 .text._ZN8std_msgs6String11deserializeEPh
                0x0000000008004f5c       0x26 build/ROS_main.o
                0x0000000008004f5c                std_msgs::String::deserialize(unsigned char*)
 *fill*         0x0000000008004f82        0x2 
 .text._ZN8std_msgs6String7getTypeEv
                0x0000000008004f84        0x8 build/ROS_main.o
                0x0000000008004f84                std_msgs::String::getType()
 .text._ZN8std_msgs6String6getMD5Ev
                0x0000000008004f8c        0x8 build/ROS_main.o
                0x0000000008004f8c                std_msgs::String::getMD5()
 .text._Z41__static_initialization_and_destruction_0ii
                0x0000000008004f94       0xac build/ROS_main.o
 .text._ZN3ros11NodeHandle_I13STM32HardwareLi5ELi5ELi512ELi512EE9connectedEv
                0x0000000008005040        0x6 build/ROS_main.o
                0x0000000008005040                ros::NodeHandle_<STM32Hardware, 5, 5, 512, 512>::connected()
 .text._ZNK8std_msgs6String9serializeEPh
                0x0000000008005046       0x20 build/ROS_main.o
                0x0000000008005046                std_msgs::String::serialize(unsigned char*) const
 .text._ZNK14rosserial_msgs9TopicInfo9serializeEPh
                0x0000000008005066       0x7a build/ROS_main.o
                0x0000000008005066                rosserial_msgs::TopicInfo::serialize(unsigned char*) const
 .text._ZNK14rosserial_msgs3Log9serializeEPh
                0x00000000080050e0       0x24 build/ROS_main.o
                0x00000000080050e0                rosserial_msgs::Log::serialize(unsigned char*) const
 .text._ZNK14rosserial_msgs20RequestParamResponse9serializeEPh
                0x0000000008005104       0xcc build/ROS_main.o
                0x0000000008005104                rosserial_msgs::RequestParamResponse::serialize(unsigned char*) const
 .text._ZN14rosserial_msgs20RequestParamResponse11deserializeEPh
                0x00000000080051d0       0xf0 build/ROS_main.o
                0x00000000080051d0                rosserial_msgs::RequestParamResponse::deserialize(unsigned char*)
 .text.ros_init
                0x00000000080052c0       0xb0 build/ROS_main.o
                0x00000000080052c0                ros_init
 .text._ZN3ros11NodeHandle_I13STM32HardwareLi5ELi5ELi512ELi512EE8publish1EiPNS_3MsgE
                0x0000000008005370       0xdc build/ROS_main.o
                0x0000000008005370                ros::NodeHandle_<STM32Hardware, 5, 5, 512, 512>::publish1(int, ros::Msg*)
 .text._ZN3ros11NodeHandle_I13STM32HardwareLi5ELi5ELi512ELi512EE7publishEiPKNS_3MsgE
                0x000000000800544c      0x178 build/ROS_main.o
                0x000000000800544c                ros::NodeHandle_<STM32Hardware, 5, 5, 512, 512>::publish(int, ros::Msg const*)
 .text._ZN3ros11NodeHandle_I13STM32HardwareLi5ELi5ELi512ELi512EE15requestSyncTimeEv
                0x00000000080055c4      0x16c build/ROS_main.o
                0x00000000080055c4                ros::NodeHandle_<STM32Hardware, 5, 5, 512, 512>::requestSyncTime()
 .text.ros_run  0x0000000008005730      0x84c build/ROS_main.o
                0x0000000008005730                ros_run
 .text._ZN3ros11NodeHandle_I13STM32HardwareLi5ELi5ELi512ELi512EE8spinOnceEv
                0x0000000008005f7c      0x664 build/ROS_main.o
                0x0000000008005f7c                ros::NodeHandle_<STM32Hardware, 5, 5, 512, 512>::spinOnce()
 .text._GLOBAL__sub_I_nh
                0x00000000080065e0        0xe build/ROS_main.o
 *fill*         0x00000000080065ee        0x2 
 .text._Z6led_cbPh
                0x00000000080065f0       0x20 build/ROS_subscribe.o
                0x00000000080065f0                led_cb(unsigned char*)
 .text._Z11getLedStatev
                0x0000000008006610        0xc build/ROS_subscribe.o
                0x0000000008006610                getLedState()
 .text._Z16rosSubscribeInitPN3ros11NodeHandle_I13STM32HardwareLi5ELi5ELi512ELi512EEE
                0x000000000800661c       0x90 build/ROS_subscribe.o
                0x000000000800661c                rosSubscribeInit(ros::NodeHandle_<STM32Hardware, 5, 5, 512, 512>*)
 .text.Reset_Handler
                0x00000000080066ac       0x44 build/startup_at32f403xe.o
                0x00000000080066ac                Reset_Handler
 .text.Default_Handler
                0x00000000080066f0        0x2 build/startup_at32f403xe.o
                0x00000000080066f0                DMA2_Channel3_IRQHandler
                0x00000000080066f0                SDIO1_IRQHandler
                0x00000000080066f0                EXTI2_IRQHandler
                0x00000000080066f0                XMC_IRQHandler
                0x00000000080066f0                SPI4_IRQHandler
                0x00000000080066f0                TMR8_TRG_HALL_TMR14_IRQHandler
                0x00000000080066f0                TMR15_CC_IRQHandler
                0x00000000080066f0                PVD_IRQHandler
                0x00000000080066f0                EXTI3_IRQHandler
                0x00000000080066f0                TMR5_GLOBAL_IRQHandler
                0x00000000080066f0                I2C3_ER_IRQHandler
                0x00000000080066f0                TMR8_OV_TMR13_IRQHandler
                0x00000000080066f0                EXTI0_IRQHandler
                0x00000000080066f0                I2C2_EV_IRQHandler
                0x00000000080066f0                TMR15_TRG_HALL_IRQHandler
                0x00000000080066f0                SDIO2_IRQHandler
                0x00000000080066f0                ADC1_2_IRQHandler
                0x00000000080066f0                SPI1_IRQHandler
                0x00000000080066f0                TAMPER_IRQHandler
                0x00000000080066f0                DMA2_Channel2_IRQHandler
                0x00000000080066f0                DMA1_Channel4_IRQHandler
                0x00000000080066f0                TMR1_OV_TMR10_IRQHandler
                0x00000000080066f0                USART3_IRQHandler
                0x00000000080066f0                RTC_IRQHandler
                0x00000000080066f0                CAN1_RX1_IRQHandler
                0x00000000080066f0                UART5_IRQHandler
                0x00000000080066f0                ADC3_IRQHandler
                0x00000000080066f0                DMA2_Channel1_IRQHandler
                0x00000000080066f0                I2C1_EV_IRQHandler
                0x00000000080066f0                UART4_IRQHandler
                0x00000000080066f0                RCC_IRQHandler
                0x00000000080066f0                Default_Handler
                0x00000000080066f0                TMR3_GLOBAL_IRQHandler
                0x00000000080066f0                TMR7_GLOBAL_IRQHandler
                0x00000000080066f0                TMR1_CC_IRQHandler
                0x00000000080066f0                TMR15_BRK_IRQHandler
                0x00000000080066f0                I2C3_EV_IRQHandler
                0x00000000080066f0                TMR1_BRK_TMR9_IRQHandler
                0x00000000080066f0                SPI2_IRQHandler
                0x00000000080066f0                TMR8_BRK_TMR12_IRQHandler
                0x00000000080066f0                TMR1_TRG_HALL_TMR11_IRQHandler
                0x00000000080066f0                TMR15_OV_IRQHandler
                0x00000000080066f0                DMA1_Channel5_IRQHandler
                0x00000000080066f0                EXTI4_IRQHandler
                0x00000000080066f0                USB_LP_CAN1_RX0_IRQHandler
                0x00000000080066f0                USB_HP_CAN1_TX_IRQHandler
                0x00000000080066f0                DMA1_Channel3_IRQHandler
                0x00000000080066f0                WWDG_IRQHandler
                0x00000000080066f0                TMR8_CC_IRQHandler
                0x00000000080066f0                TMR6_GLOBAL_IRQHandler
                0x00000000080066f0                EXTI1_IRQHandler
                0x00000000080066f0                RTCAlarm_IRQHandler
                0x00000000080066f0                DMA2_Channel4_5_IRQHandler
                0x00000000080066f0                I2C2_ER_IRQHandler
                0x00000000080066f0                DMA1_Channel2_IRQHandler
                0x00000000080066f0                TMR2_GLOBAL_IRQHandler
                0x00000000080066f0                CAN1_SCE_IRQHandler
                0x00000000080066f0                FLASH_IRQHandler
                0x00000000080066f0                USART1_IRQHandler
                0x00000000080066f0                SPI3_IRQHandler
                0x00000000080066f0                I2C1_ER_IRQHandler
                0x00000000080066f0                USBWakeUp_IRQHandler
                0x00000000080066f0                RTC_Alarm_IRQHandler
 .text.memcpy   0x00000000080066f2       0x16 /usr/local/Cellar/gcc-arm-none-eabi/20180627/bin/../lib/gcc/arm-none-eabi/7.3.1/../../../../arm-none-eabi/lib/thumb/v7e-m/fpv4-sp/softfp/libc_nano.a(lib_a-memcpy-stub.o)
                0x00000000080066f2                memcpy
 .text.memset   0x0000000008006708       0x10 /usr/local/Cellar/gcc-arm-none-eabi/20180627/bin/../lib/gcc/arm-none-eabi/7.3.1/../../../../arm-none-eabi/lib/thumb/v7e-m/fpv4-sp/softfp/libc_nano.a(lib_a-memset.o)
                0x0000000008006708                memset
 .text.printf   0x0000000008006718       0x30 /usr/local/Cellar/gcc-arm-none-eabi/20180627/bin/../lib/gcc/arm-none-eabi/7.3.1/../../../../arm-none-eabi/lib/thumb/v7e-m/fpv4-sp/softfp/libc_nano.a(lib_a-printf.o)
                0x0000000008006718                printf
                0x0000000008006718                iprintf
 .text._puts_r  0x0000000008006748       0xb8 /usr/local/Cellar/gcc-arm-none-eabi/20180627/bin/../lib/gcc/arm-none-eabi/7.3.1/../../../../arm-none-eabi/lib/thumb/v7e-m/fpv4-sp/softfp/libc_nano.a(lib_a-puts.o)
                0x0000000008006748                _puts_r
 .text.puts     0x0000000008006800       0x10 /usr/local/Cellar/gcc-arm-none-eabi/20180627/bin/../lib/gcc/arm-none-eabi/7.3.1/../../../../arm-none-eabi/lib/thumb/v7e-m/fpv4-sp/softfp/libc_nano.a(lib_a-puts.o)
                0x0000000008006800                puts
 .text.realloc  0x0000000008006810       0x10 /usr/local/Cellar/gcc-arm-none-eabi/20180627/bin/../lib/gcc/arm-none-eabi/7.3.1/../../../../arm-none-eabi/lib/thumb/v7e-m/fpv4-sp/softfp/libc_nano.a(lib_a-realloc.o)
                0x0000000008006810                realloc
 .text.sprintf  0x0000000008006820       0x40 /usr/local/Cellar/gcc-arm-none-eabi/20180627/bin/../lib/gcc/arm-none-eabi/7.3.1/../../../../arm-none-eabi/lib/thumb/v7e-m/fpv4-sp/softfp/libc_nano.a(lib_a-sprintf.o)
                0x0000000008006820                sprintf
                0x0000000008006820                siprintf
 .text.__swbuf_r
                0x0000000008006860       0xa4 /usr/local/Cellar/gcc-arm-none-eabi/20180627/bin/../lib/gcc/arm-none-eabi/7.3.1/../../../../arm-none-eabi/lib/thumb/v7e-m/fpv4-sp/softfp/libc_nano.a(lib_a-wbuf.o)
                0x0000000008006860                __swbuf_r
 .text.__swsetup_r
                0x0000000008006904       0xdc /usr/local/Cellar/gcc-arm-none-eabi/20180627/bin/../lib/gcc/arm-none-eabi/7.3.1/../../../../arm-none-eabi/lib/thumb/v7e-m/fpv4-sp/softfp/libc_nano.a(lib_a-wsetup.o)
                0x0000000008006904                __swsetup_r
 .text.__sflush_r
                0x00000000080069e0      0x10c /usr/local/Cellar/gcc-arm-none-eabi/20180627/bin/../lib/gcc/arm-none-eabi/7.3.1/../../../../arm-none-eabi/lib/thumb/v7e-m/fpv4-sp/softfp/libc_nano.a(lib_a-fflush.o)
                0x00000000080069e0                __sflush_r
 .text._fflush_r
                0x0000000008006aec       0x54 /usr/local/Cellar/gcc-arm-none-eabi/20180627/bin/../lib/gcc/arm-none-eabi/7.3.1/../../../../arm-none-eabi/lib/thumb/v7e-m/fpv4-sp/softfp/libc_nano.a(lib_a-fflush.o)
                0x0000000008006aec                _fflush_r
 .text.std      0x0000000008006b40       0x48 /usr/local/Cellar/gcc-arm-none-eabi/20180627/bin/../lib/gcc/arm-none-eabi/7.3.1/../../../../arm-none-eabi/lib/thumb/v7e-m/fpv4-sp/softfp/libc_nano.a(lib_a-findfp.o)
 .text._cleanup_r
                0x0000000008006b88        0xc /usr/local/Cellar/gcc-arm-none-eabi/20180627/bin/../lib/gcc/arm-none-eabi/7.3.1/../../../../arm-none-eabi/lib/thumb/v7e-m/fpv4-sp/softfp/libc_nano.a(lib_a-findfp.o)
                0x0000000008006b88                _cleanup_r
 .text.__sfmoreglue
                0x0000000008006b94       0x2c /usr/local/Cellar/gcc-arm-none-eabi/20180627/bin/../lib/gcc/arm-none-eabi/7.3.1/../../../../arm-none-eabi/lib/thumb/v7e-m/fpv4-sp/softfp/libc_nano.a(lib_a-findfp.o)
                0x0000000008006b94                __sfmoreglue
 .text.__sinit  0x0000000008006bc0       0x60 /usr/local/Cellar/gcc-arm-none-eabi/20180627/bin/../lib/gcc/arm-none-eabi/7.3.1/../../../../arm-none-eabi/lib/thumb/v7e-m/fpv4-sp/softfp/libc_nano.a(lib_a-findfp.o)
                0x0000000008006bc0                __sinit
 .text.__sfp    0x0000000008006c20       0x78 /usr/local/Cellar/gcc-arm-none-eabi/20180627/bin/../lib/gcc/arm-none-eabi/7.3.1/../../../../arm-none-eabi/lib/thumb/v7e-m/fpv4-sp/softfp/libc_nano.a(lib_a-findfp.o)
                0x0000000008006c20                __sfp
 .text._fwalk_reent
                0x0000000008006c98       0x3c /usr/local/Cellar/gcc-arm-none-eabi/20180627/bin/../lib/gcc/arm-none-eabi/7.3.1/../../../../arm-none-eabi/lib/thumb/v7e-m/fpv4-sp/softfp/libc_nano.a(lib_a-fwalk.o)
                0x0000000008006c98                _fwalk_reent
 .text.__swhatbuf_r
                0x0000000008006cd4       0x48 /usr/local/Cellar/gcc-arm-none-eabi/20180627/bin/../lib/gcc/arm-none-eabi/7.3.1/../../../../arm-none-eabi/lib/thumb/v7e-m/fpv4-sp/softfp/libc_nano.a(lib_a-makebuf.o)
                0x0000000008006cd4                __swhatbuf_r
 .text.__smakebuf_r
                0x0000000008006d1c       0x80 /usr/local/Cellar/gcc-arm-none-eabi/20180627/bin/../lib/gcc/arm-none-eabi/7.3.1/../../../../arm-none-eabi/lib/thumb/v7e-m/fpv4-sp/softfp/libc_nano.a(lib_a-makebuf.o)
                0x0000000008006d1c                __smakebuf_r
 .text._free_r  0x0000000008006d9c       0x9c /usr/local/Cellar/gcc-arm-none-eabi/20180627/bin/../lib/gcc/arm-none-eabi/7.3.1/../../../../arm-none-eabi/lib/thumb/v7e-m/fpv4-sp/softfp/libc_nano.a(lib_a-nano-freer.o)
                0x0000000008006d9c                _free_r
 .text._malloc_r
                0x0000000008006e38       0xb4 /usr/local/Cellar/gcc-arm-none-eabi/20180627/bin/../lib/gcc/arm-none-eabi/7.3.1/../../../../arm-none-eabi/lib/thumb/v7e-m/fpv4-sp/softfp/libc_nano.a(lib_a-nano-mallocr.o)
                0x0000000008006e38                _malloc_r
 .text._realloc_r
                0x0000000008006eec       0x4c /usr/local/Cellar/gcc-arm-none-eabi/20180627/bin/../lib/gcc/arm-none-eabi/7.3.1/../../../../arm-none-eabi/lib/thumb/v7e-m/fpv4-sp/softfp/libc_nano.a(lib_a-nano-reallocr.o)
                0x0000000008006eec                _realloc_r
 .text.__ssputs_r
                0x0000000008006f38       0xb4 /usr/local/Cellar/gcc-arm-none-eabi/20180627/bin/../lib/gcc/arm-none-eabi/7.3.1/../../../../arm-none-eabi/lib/thumb/v7e-m/fpv4-sp/softfp/libc_nano.a(lib_a-nano-svfprintf.o)
                0x0000000008006f38                __ssputs_r
 .text._svfprintf_r
                0x0000000008006fec      0x1f0 /usr/local/Cellar/gcc-arm-none-eabi/20180627/bin/../lib/gcc/arm-none-eabi/7.3.1/../../../../arm-none-eabi/lib/thumb/v7e-m/fpv4-sp/softfp/libc_nano.a(lib_a-nano-svfprintf.o)
                0x0000000008006fec                _svfprintf_r
                0x0000000008006fec                _svfiprintf_r
 .text.__sfputc_r
                0x00000000080071dc       0x2e /usr/local/Cellar/gcc-arm-none-eabi/20180627/bin/../lib/gcc/arm-none-eabi/7.3.1/../../../../arm-none-eabi/lib/thumb/v7e-m/fpv4-sp/softfp/libc_nano.a(lib_a-nano-vfprintf.o)
 .text.__sfputs_r
                0x000000000800720a       0x24 /usr/local/Cellar/gcc-arm-none-eabi/20180627/bin/../lib/gcc/arm-none-eabi/7.3.1/../../../../arm-none-eabi/lib/thumb/v7e-m/fpv4-sp/softfp/libc_nano.a(lib_a-nano-vfprintf.o)
                0x000000000800720a                __sfputs_r
 *fill*         0x000000000800722e        0x2 
 .text._vfprintf_r
                0x0000000008007230      0x22c /usr/local/Cellar/gcc-arm-none-eabi/20180627/bin/../lib/gcc/arm-none-eabi/7.3.1/../../../../arm-none-eabi/lib/thumb/v7e-m/fpv4-sp/softfp/libc_nano.a(lib_a-nano-vfprintf.o)
                0x0000000008007230                _vfiprintf_r
                0x0000000008007230                _vfprintf_r
 .text._printf_common
                0x000000000800745c       0xea /usr/local/Cellar/gcc-arm-none-eabi/20180627/bin/../lib/gcc/arm-none-eabi/7.3.1/../../../../arm-none-eabi/lib/thumb/v7e-m/fpv4-sp/softfp/libc_nano.a(lib_a-nano-vfprintf_i.o)
                0x000000000800745c                _printf_common
 *fill*         0x0000000008007546        0x2 
 .text._printf_i
                0x0000000008007548      0x224 /usr/local/Cellar/gcc-arm-none-eabi/20180627/bin/../lib/gcc/arm-none-eabi/7.3.1/../../../../arm-none-eabi/lib/thumb/v7e-m/fpv4-sp/softfp/libc_nano.a(lib_a-nano-vfprintf_i.o)
                0x0000000008007548                _printf_i
 .text._sbrk_r  0x000000000800776c       0x20 /usr/local/Cellar/gcc-arm-none-eabi/20180627/bin/../lib/gcc/arm-none-eabi/7.3.1/../../../../arm-none-eabi/lib/thumb/v7e-m/fpv4-sp/softfp/libc_nano.a(lib_a-sbrkr.o)
                0x000000000800776c                _sbrk_r
 .text.__sread  0x000000000800778c       0x22 /usr/local/Cellar/gcc-arm-none-eabi/20180627/bin/../lib/gcc/arm-none-eabi/7.3.1/../../../../arm-none-eabi/lib/thumb/v7e-m/fpv4-sp/softfp/libc_nano.a(lib_a-stdio.o)
                0x000000000800778c                __sread
 .text.__swrite
                0x00000000080077ae       0x38 /usr/local/Cellar/gcc-arm-none-eabi/20180627/bin/../lib/gcc/arm-none-eabi/7.3.1/../../../../arm-none-eabi/lib/thumb/v7e-m/fpv4-sp/softfp/libc_nano.a(lib_a-stdio.o)
                0x00000000080077ae                __swrite
 .text.__sseek  0x00000000080077e6       0x24 /usr/local/Cellar/gcc-arm-none-eabi/20180627/bin/../lib/gcc/arm-none-eabi/7.3.1/../../../../arm-none-eabi/lib/thumb/v7e-m/fpv4-sp/softfp/libc_nano.a(lib_a-stdio.o)
                0x00000000080077e6                __sseek
 .text.__sclose
                0x000000000800780a        0x8 /usr/local/Cellar/gcc-arm-none-eabi/20180627/bin/../lib/gcc/arm-none-eabi/7.3.1/../../../../arm-none-eabi/lib/thumb/v7e-m/fpv4-sp/softfp/libc_nano.a(lib_a-stdio.o)
                0x000000000800780a                __sclose
 *fill*         0x0000000008007812        0x2 
 .text._write_r
                0x0000000008007814       0x24 /usr/local/Cellar/gcc-arm-none-eabi/20180627/bin/../lib/gcc/arm-none-eabi/7.3.1/../../../../arm-none-eabi/lib/thumb/v7e-m/fpv4-sp/softfp/libc_nano.a(lib_a-writer.o)
                0x0000000008007814                _write_r
 .text._close_r
                0x0000000008007838       0x20 /usr/local/Cellar/gcc-arm-none-eabi/20180627/bin/../lib/gcc/arm-none-eabi/7.3.1/../../../../arm-none-eabi/lib/thumb/v7e-m/fpv4-sp/softfp/libc_nano.a(lib_a-closer.o)
                0x0000000008007838                _close_r
 .text._fstat_r
                0x0000000008007858       0x24 /usr/local/Cellar/gcc-arm-none-eabi/20180627/bin/../lib/gcc/arm-none-eabi/7.3.1/../../../../arm-none-eabi/lib/thumb/v7e-m/fpv4-sp/softfp/libc_nano.a(lib_a-fstatr.o)
                0x0000000008007858                _fstat_r
 .text._isatty_r
                0x000000000800787c       0x20 /usr/local/Cellar/gcc-arm-none-eabi/20180627/bin/../lib/gcc/arm-none-eabi/7.3.1/../../../../arm-none-eabi/lib/thumb/v7e-m/fpv4-sp/softfp/libc_nano.a(lib_a-isattyr.o)
                0x000000000800787c                _isatty_r
 .text._lseek_r
                0x000000000800789c       0x24 /usr/local/Cellar/gcc-arm-none-eabi/20180627/bin/../lib/gcc/arm-none-eabi/7.3.1/../../../../arm-none-eabi/lib/thumb/v7e-m/fpv4-sp/softfp/libc_nano.a(lib_a-lseekr.o)
                0x000000000800789c                _lseek_r
 .text.memmove  0x00000000080078c0       0x32 /usr/local/Cellar/gcc-arm-none-eabi/20180627/bin/../lib/gcc/arm-none-eabi/7.3.1/../../../../arm-none-eabi/lib/thumb/v7e-m/fpv4-sp/softfp/libc_nano.a(lib_a-memmove.o)
                0x00000000080078c0                memmove
 .text.__malloc_lock
                0x00000000080078f2        0x2 /usr/local/Cellar/gcc-arm-none-eabi/20180627/bin/../lib/gcc/arm-none-eabi/7.3.1/../../../../arm-none-eabi/lib/thumb/v7e-m/fpv4-sp/softfp/libc_nano.a(lib_a-mlock.o)
                0x00000000080078f2                __malloc_lock
 .text.__malloc_unlock
                0x00000000080078f4        0x2 /usr/local/Cellar/gcc-arm-none-eabi/20180627/bin/../lib/gcc/arm-none-eabi/7.3.1/../../../../arm-none-eabi/lib/thumb/v7e-m/fpv4-sp/softfp/libc_nano.a(lib_a-mlock.o)
                0x00000000080078f4                __malloc_unlock
 .text._malloc_usable_size_r
                0x00000000080078f6       0x10 /usr/local/Cellar/gcc-arm-none-eabi/20180627/bin/../lib/gcc/arm-none-eabi/7.3.1/../../../../arm-none-eabi/lib/thumb/v7e-m/fpv4-sp/softfp/libc_nano.a(lib_a-nano-msizer.o)
                0x00000000080078f6                _malloc_usable_size_r
 *fill*         0x0000000008007906        0x2 
 .text._read_r  0x0000000008007908       0x24 /usr/local/Cellar/gcc-arm-none-eabi/20180627/bin/../lib/gcc/arm-none-eabi/7.3.1/../../../../arm-none-eabi/lib/thumb/v7e-m/fpv4-sp/softfp/libc_nano.a(lib_a-readr.o)
                0x0000000008007908                _read_r
 .text._close   0x000000000800792c       0x10 /usr/local/Cellar/gcc-arm-none-eabi/20180627/bin/../lib/gcc/arm-none-eabi/7.3.1/../../../../arm-none-eabi/lib/thumb/v7e-m/fpv4-sp/softfp/libnosys.a(close.o)
                0x000000000800792c                _close
 .text._fstat   0x000000000800793c       0x10 /usr/local/Cellar/gcc-arm-none-eabi/20180627/bin/../lib/gcc/arm-none-eabi/7.3.1/../../../../arm-none-eabi/lib/thumb/v7e-m/fpv4-sp/softfp/libnosys.a(fstat.o)
                0x000000000800793c                _fstat
 .text._isatty  0x000000000800794c       0x10 /usr/local/Cellar/gcc-arm-none-eabi/20180627/bin/../lib/gcc/arm-none-eabi/7.3.1/../../../../arm-none-eabi/lib/thumb/v7e-m/fpv4-sp/softfp/libnosys.a(isatty.o)
                0x000000000800794c                _isatty
 .text._lseek   0x000000000800795c       0x10 /usr/local/Cellar/gcc-arm-none-eabi/20180627/bin/../lib/gcc/arm-none-eabi/7.3.1/../../../../arm-none-eabi/lib/thumb/v7e-m/fpv4-sp/softfp/libnosys.a(lseek.o)
                0x000000000800795c                _lseek
 .text._read    0x000000000800796c       0x10 /usr/local/Cellar/gcc-arm-none-eabi/20180627/bin/../lib/gcc/arm-none-eabi/7.3.1/../../../../arm-none-eabi/lib/thumb/v7e-m/fpv4-sp/softfp/libnosys.a(read.o)
                0x000000000800796c                _read
 .text._sbrk    0x000000000800797c       0x1c /usr/local/Cellar/gcc-arm-none-eabi/20180627/bin/../lib/gcc/arm-none-eabi/7.3.1/../../../../arm-none-eabi/lib/thumb/v7e-m/fpv4-sp/softfp/libnosys.a(sbrk.o)
                0x000000000800797c                _sbrk
 .text._exit    0x0000000008007998        0x4 /usr/local/Cellar/gcc-arm-none-eabi/20180627/bin/../lib/gcc/arm-none-eabi/7.3.1/../../../../arm-none-eabi/lib/thumb/v7e-m/fpv4-sp/softfp/libnosys.a(_exit.o)
                0x0000000008007998                _exit
 .text.abort    0x000000000800799c        0xe /usr/local/Cellar/gcc-arm-none-eabi/20180627/bin/../lib/gcc/arm-none-eabi/7.3.1/../../../../arm-none-eabi/lib/thumb/v7e-m/fpv4-sp/softfp/libc_nano.a(lib_a-abort.o)
                0x000000000800799c                abort
 .text._raise_r
                0x00000000080079aa       0x50 /usr/local/Cellar/gcc-arm-none-eabi/20180627/bin/../lib/gcc/arm-none-eabi/7.3.1/../../../../arm-none-eabi/lib/thumb/v7e-m/fpv4-sp/softfp/libc_nano.a(lib_a-signal.o)
                0x00000000080079aa                _raise_r
 *fill*         0x00000000080079fa        0x2 
 .text.raise    0x00000000080079fc       0x10 /usr/local/Cellar/gcc-arm-none-eabi/20180627/bin/../lib/gcc/arm-none-eabi/7.3.1/../../../../arm-none-eabi/lib/thumb/v7e-m/fpv4-sp/softfp/libc_nano.a(lib_a-signal.o)
                0x00000000080079fc                raise
 .text._kill_r  0x0000000008007a0c       0x24 /usr/local/Cellar/gcc-arm-none-eabi/20180627/bin/../lib/gcc/arm-none-eabi/7.3.1/../../../../arm-none-eabi/lib/thumb/v7e-m/fpv4-sp/softfp/libc_nano.a(lib_a-signalr.o)
                0x0000000008007a0c                _kill_r
 .text._getpid_r
                0x0000000008007a30        0x4 /usr/local/Cellar/gcc-arm-none-eabi/20180627/bin/../lib/gcc/arm-none-eabi/7.3.1/../../../../arm-none-eabi/lib/thumb/v7e-m/fpv4-sp/softfp/libc_nano.a(lib_a-signalr.o)
                0x0000000008007a30                _getpid_r
 .text._getpid  0x0000000008007a34       0x10 /usr/local/Cellar/gcc-arm-none-eabi/20180627/bin/../lib/gcc/arm-none-eabi/7.3.1/../../../../arm-none-eabi/lib/thumb/v7e-m/fpv4-sp/softfp/libnosys.a(getpid.o)
                0x0000000008007a34                _getpid
 .text._kill    0x0000000008007a44       0x10 /usr/local/Cellar/gcc-arm-none-eabi/20180627/bin/../lib/gcc/arm-none-eabi/7.3.1/../../../../arm-none-eabi/lib/thumb/v7e-m/fpv4-sp/softfp/libnosys.a(kill.o)
                0x0000000008007a44                _kill
 *(.rodata)
 *(.rodata*)
 .rodata.main.str1.4
                0x0000000008007a54       0x6e build/main.o
 *fill*         0x0000000008007ac2        0x2 
 .rodata.rtConstP
                0x0000000008007ac4      0x212 build/BLDC_controller_data.o
                0x0000000008007ac4                rtConstP
 *fill*         0x0000000008007cd6        0x2 
 .rodata.increments
                0x0000000008007cd8       0xc4 build/hallinterrupts.o
 .rodata._ZTVN8std_msgs4TimeE
                0x0000000008007d9c       0x18 build/ROS_main.o
                0x0000000008007d9c                vtable for std_msgs::Time
 .rodata._ZTVN14rosserial_msgs9TopicInfoE
                0x0000000008007db4       0x18 build/ROS_main.o
                0x0000000008007db4                vtable for rosserial_msgs::TopicInfo
 .rodata._ZTVN14rosserial_msgs3LogE
                0x0000000008007dcc       0x18 build/ROS_main.o
                0x0000000008007dcc                vtable for rosserial_msgs::Log
 .rodata._ZTVN14rosserial_msgs20RequestParamResponseE
                0x0000000008007de4       0x18 build/ROS_main.o
                0x0000000008007de4                vtable for rosserial_msgs::RequestParamResponse
 .rodata._ZTVN8std_msgs6StringE
                0x0000000008007dfc       0x18 build/ROS_main.o
                0x0000000008007dfc                vtable for std_msgs::String
 .rodata._ZTVN3ros11NodeHandle_I13STM32HardwareLi5ELi5ELi512ELi512EEE
                0x0000000008007e14       0x14 build/ROS_main.o
                0x0000000008007e14                vtable for ros::NodeHandle_<STM32Hardware, 5, 5, 512, 512>
 .rodata._ZN14rosserial_msgs20RequestParamResponse6getMD5Ev.str1.4
                0x0000000008007e28       0x21 build/ROS_main.o
 *fill*         0x0000000008007e49        0x3 
 .rodata._ZN14rosserial_msgs3Log6getMD5Ev.str1.4
                0x0000000008007e4c       0x21 build/ROS_main.o
 *fill*         0x0000000008007e6d        0x3 
 .rodata._ZN14rosserial_msgs3Log7getTypeEv.str1.4
                0x0000000008007e70       0x13 build/ROS_main.o
 *fill*         0x0000000008007e83        0x1 
 .rodata._ZN14rosserial_msgs9TopicInfo6getMD5Ev.str1.4
                0x0000000008007e84       0x21 build/ROS_main.o
 *fill*         0x0000000008007ea5        0x3 
 .rodata._ZN14rosserial_msgs9TopicInfo7getTypeEv.str1.4
                0x0000000008007ea8       0x19 build/ROS_main.o
 *fill*         0x0000000008007ec1        0x3 
 .rodata._ZN14rosserial_msgsL12REQUESTPARAME
                0x0000000008007ec4       0x1c build/ROS_main.o
 .rodata._ZN3ros11NodeHandle_I13STM32HardwareLi5ELi5ELi512ELi512EE8publish1EiPNS_3MsgE.str1.4
                0x0000000008007ee0       0x4d build/ROS_main.o
 *fill*         0x0000000008007f2d        0x3 
 .rodata._ZN8std_msgs4Time6getMD5Ev.str1.4
                0x0000000008007f30       0x21 build/ROS_main.o
 *fill*         0x0000000008007f51        0x3 
 .rodata._ZN8std_msgs4Time7getTypeEv.str1.4
                0x0000000008007f54        0xe build/ROS_main.o
 *fill*         0x0000000008007f62        0x2 
 .rodata._ZN8std_msgs6String6getMD5Ev.str1.4
                0x0000000008007f64       0x21 build/ROS_main.o
 *fill*         0x0000000008007f85        0x3 
 .rodata._ZN8std_msgs6String7getTypeEv.str1.4
                0x0000000008007f88       0x10 build/ROS_main.o
 .rodata.ros_init.str1.4
                0x0000000008007f98       0x14 build/ROS_main.o
 .rodata.ros_run.str1.4
                0x0000000008007fac       0x19 build/ROS_main.o
 *fill*         0x0000000008007fc5        0x3 
 .rodata._Z16rosSubscribeInitPN3ros11NodeHandle_I13STM32HardwareLi5ELi5ELi512ELi512EEE.str1.4
                0x0000000008007fc8       0x52 build/ROS_subscribe.o
 *fill*         0x000000000800801a        0x2 
 .rodata._Z6led_cbPh.str1.4
                0x000000000800801c       0x14 build/ROS_subscribe.o
                                         0x13 (size before relaxing)
 .rodata._global_impure_ptr
                0x0000000008008030        0x4 /usr/local/Cellar/gcc-arm-none-eabi/20180627/bin/../lib/gcc/arm-none-eabi/7.3.1/../../../../arm-none-eabi/lib/thumb/v7e-m/fpv4-sp/softfp/libc_nano.a(lib_a-impure.o)
                0x0000000008008030                _global_impure_ptr
 .rodata.__sf_fake_stderr
                0x0000000008008034       0x20 /usr/local/Cellar/gcc-arm-none-eabi/20180627/bin/../lib/gcc/arm-none-eabi/7.3.1/../../../../arm-none-eabi/lib/thumb/v7e-m/fpv4-sp/softfp/libc_nano.a(lib_a-findfp.o)
                0x0000000008008034                __sf_fake_stderr
 .rodata.__sf_fake_stdin
                0x0000000008008054       0x20 /usr/local/Cellar/gcc-arm-none-eabi/20180627/bin/../lib/gcc/arm-none-eabi/7.3.1/../../../../arm-none-eabi/lib/thumb/v7e-m/fpv4-sp/softfp/libc_nano.a(lib_a-findfp.o)
                0x0000000008008054                __sf_fake_stdin
 .rodata.__sf_fake_stdout
                0x0000000008008074       0x20 /usr/local/Cellar/gcc-arm-none-eabi/20180627/bin/../lib/gcc/arm-none-eabi/7.3.1/../../../../arm-none-eabi/lib/thumb/v7e-m/fpv4-sp/softfp/libc_nano.a(lib_a-findfp.o)
                0x0000000008008074                __sf_fake_stdout
 .rodata._svfprintf_r.str1.1
                0x0000000008008094       0x11 /usr/local/Cellar/gcc-arm-none-eabi/20180627/bin/../lib/gcc/arm-none-eabi/7.3.1/../../../../arm-none-eabi/lib/thumb/v7e-m/fpv4-sp/softfp/libc_nano.a(lib_a-nano-svfprintf.o)
 .rodata._vfprintf_r.str1.1
                0x00000000080080a5       0x11 /usr/local/Cellar/gcc-arm-none-eabi/20180627/bin/../lib/gcc/arm-none-eabi/7.3.1/../../../../arm-none-eabi/lib/thumb/v7e-m/fpv4-sp/softfp/libc_nano.a(lib_a-nano-vfprintf.o)
 .rodata._printf_i.str1.1
                0x00000000080080a5       0x22 /usr/local/Cellar/gcc-arm-none-eabi/20180627/bin/../lib/gcc/arm-none-eabi/7.3.1/../../../../arm-none-eabi/lib/thumb/v7e-m/fpv4-sp/softfp/libc_nano.a(lib_a-nano-vfprintf_i.o)
 *(.glue_7)
 .glue_7        0x00000000080080c7        0x0 linker stubs
 *(.glue_7t)
 .glue_7t       0x00000000080080c7        0x0 linker stubs
 *(.eh_frame)
 *fill*         0x00000000080080c7        0x1 
 .eh_frame      0x00000000080080c8        0x0 /usr/local/Cellar/gcc-arm-none-eabi/20180627/bin/../lib/gcc/arm-none-eabi/7.3.1/thumb/v7e-m/fpv4-sp/softfp/crtbegin.o
 *(.init)
 .init          0x00000000080080c8        0x4 /usr/local/Cellar/gcc-arm-none-eabi/20180627/bin/../lib/gcc/arm-none-eabi/7.3.1/thumb/v7e-m/fpv4-sp/softfp/crti.o
                0x00000000080080c8                _init
 .init          0x00000000080080cc        0x8 /usr/local/Cellar/gcc-arm-none-eabi/20180627/bin/../lib/gcc/arm-none-eabi/7.3.1/thumb/v7e-m/fpv4-sp/softfp/crtn.o
 *(.fini)
 .fini          0x00000000080080d4        0x4 /usr/local/Cellar/gcc-arm-none-eabi/20180627/bin/../lib/gcc/arm-none-eabi/7.3.1/thumb/v7e-m/fpv4-sp/softfp/crti.o
                0x00000000080080d4                _fini
 .fini          0x00000000080080d8        0x8 /usr/local/Cellar/gcc-arm-none-eabi/20180627/bin/../lib/gcc/arm-none-eabi/7.3.1/thumb/v7e-m/fpv4-sp/softfp/crtn.o
                0x00000000080080e0                . = ALIGN (0x4)
                0x00000000080080e0                _etext = .

.vfp11_veneer   0x00000000080080e0        0x0
 .vfp11_veneer  0x00000000080080e0        0x0 linker stubs

.v4_bx          0x00000000080080e0        0x0
 .v4_bx         0x00000000080080e0        0x0 linker stubs

.iplt           0x00000000080080e0        0x0
 .iplt          0x00000000080080e0        0x0 /usr/local/Cellar/gcc-arm-none-eabi/20180627/bin/../lib/gcc/arm-none-eabi/7.3.1/thumb/v7e-m/fpv4-sp/softfp/crtbegin.o

.ARM.extab      0x00000000080080e0       0x24
 *(.ARM.extab* .gnu.linkonce.armextab.*)
 .ARM.extab.text._ZNK8std_msgs4Time9serializeEPh
                0x00000000080080e0        0x0 build/ROS_main.o
 .ARM.extab.text._ZN8std_msgs4Time11deserializeEPh
                0x00000000080080e0        0x0 build/ROS_main.o
 .ARM.extab.text._ZN8std_msgs4Time7getTypeEv
                0x00000000080080e0        0x0 build/ROS_main.o
 .ARM.extab.text._ZN8std_msgs4Time6getMD5Ev
                0x00000000080080e0        0x0 build/ROS_main.o
 .ARM.extab.text._ZN14rosserial_msgs9TopicInfo11deserializeEPh
                0x00000000080080e0        0x0 build/ROS_main.o
 .ARM.extab.text._ZN14rosserial_msgs9TopicInfo7getTypeEv
                0x00000000080080e0        0x0 build/ROS_main.o
 .ARM.extab.text._ZN14rosserial_msgs9TopicInfo6getMD5Ev
                0x00000000080080e0        0x0 build/ROS_main.o
 .ARM.extab.text._ZN14rosserial_msgs3Log11deserializeEPh
                0x00000000080080e0        0x0 build/ROS_main.o
 .ARM.extab.text._ZN14rosserial_msgs3Log7getTypeEv
                0x00000000080080e0        0x0 build/ROS_main.o
 .ARM.extab.text._ZN14rosserial_msgs3Log6getMD5Ev
                0x00000000080080e0        0x0 build/ROS_main.o
 .ARM.extab.text._ZN14rosserial_msgs20RequestParamResponse7getTypeEv
                0x00000000080080e0        0x0 build/ROS_main.o
 .ARM.extab.text._ZN14rosserial_msgs20RequestParamResponse6getMD5Ev
                0x00000000080080e0        0x0 build/ROS_main.o
 .ARM.extab.text._ZN8std_msgs6String11deserializeEPh
                0x00000000080080e0        0x0 build/ROS_main.o
 .ARM.extab.text._ZN8std_msgs6String7getTypeEv
                0x00000000080080e0        0x0 build/ROS_main.o
 .ARM.extab.text._ZN8std_msgs6String6getMD5Ev
                0x00000000080080e0        0x0 build/ROS_main.o
 .ARM.extab.text._ZN3ros11NodeHandle_I13STM32HardwareLi5ELi5ELi512ELi512EE9connectedEv
                0x00000000080080e0        0x0 build/ROS_main.o
 .ARM.extab.text._ZNK8std_msgs6String9serializeEPh
                0x00000000080080e0        0x0 build/ROS_main.o
 .ARM.extab.text._ZNK14rosserial_msgs9TopicInfo9serializeEPh
                0x00000000080080e0        0x0 build/ROS_main.o
 .ARM.extab.text._ZNK14rosserial_msgs3Log9serializeEPh
                0x00000000080080e0        0x0 build/ROS_main.o
 .ARM.extab.text._ZNK14rosserial_msgs20RequestParamResponse9serializeEPh
                0x00000000080080e0        0x0 build/ROS_main.o
 .ARM.extab.text._ZN14rosserial_msgs20RequestParamResponse11deserializeEPh
                0x00000000080080e0        0x0 build/ROS_main.o
 .ARM.extab.text._ZN3ros11NodeHandle_I13STM32HardwareLi5ELi5ELi512ELi512EE8publish1EiPNS_3MsgE
                0x00000000080080e0        0x0 build/ROS_main.o
 .ARM.extab.text._ZN3ros11NodeHandle_I13STM32HardwareLi5ELi5ELi512ELi512EE7publishEiPKNS_3MsgE
                0x00000000080080e0        0x0 build/ROS_main.o
 .ARM.extab.text._ZN3ros11NodeHandle_I13STM32HardwareLi5ELi5ELi512ELi512EE15requestSyncTimeEv
                0x00000000080080e0        0x0 build/ROS_main.o
 .ARM.extab.text._ZN3ros11NodeHandle_I13STM32HardwareLi5ELi5ELi512ELi512EE8spinOnceEv
                0x00000000080080e0        0x0 build/ROS_main.o
 .ARM.extab.text._Z6led_cbPh
                0x00000000080080e0        0xc build/ROS_subscribe.o
 .ARM.extab     0x00000000080080ec       0x18 /usr/local/Cellar/gcc-arm-none-eabi/20180627/bin/../lib/gcc/arm-none-eabi/7.3.1/thumb/v7e-m/fpv4-sp/softfp/libgcc.a(pr-support.o)

.ARM            0x0000000008008104      0x110
                0x0000000008008104                __exidx_start = .
 *(.ARM.exidx*)
 .ARM.exidx.text._ZN3ros16normalizeSecNSecERmS0_
                0x00000000080081bc        0x0 build/time.o
                                          0x8 (size before relaxing)
 .ARM.exidx.text._ZNK8std_msgs4Time9serializeEPh
                0x00000000080081bc        0x0 build/ROS_main.o
                                          0x8 (size before relaxing)
 .ARM.exidx.text._ZN8std_msgs4Time11deserializeEPh
                0x00000000080081bc        0x0 build/ROS_main.o
                                          0x8 (size before relaxing)
 .ARM.exidx.text._ZN8std_msgs4Time7getTypeEv
                0x00000000080081bc        0x0 build/ROS_main.o
                                          0x8 (size before relaxing)
 .ARM.exidx.text._ZN8std_msgs4Time6getMD5Ev
                0x00000000080081bc        0x0 build/ROS_main.o
                                          0x8 (size before relaxing)
 .ARM.exidx.text._ZN14rosserial_msgs9TopicInfo11deserializeEPh
                0x00000000080081bc        0x0 build/ROS_main.o
                                          0x8 (size before relaxing)
 .ARM.exidx.text._ZN14rosserial_msgs9TopicInfo7getTypeEv
                0x00000000080081bc        0x0 build/ROS_main.o
                                          0x8 (size before relaxing)
 .ARM.exidx.text._ZN14rosserial_msgs9TopicInfo6getMD5Ev
                0x00000000080081bc        0x0 build/ROS_main.o
                                          0x8 (size before relaxing)
 .ARM.exidx.text._ZN14rosserial_msgs3Log11deserializeEPh
                0x00000000080081bc        0x0 build/ROS_main.o
                                          0x8 (size before relaxing)
 .ARM.exidx.text._ZN14rosserial_msgs3Log7getTypeEv
                0x00000000080081bc        0x0 build/ROS_main.o
                                          0x8 (size before relaxing)
 .ARM.exidx.text._ZN14rosserial_msgs3Log6getMD5Ev
                0x00000000080081bc        0x0 build/ROS_main.o
                                          0x8 (size before relaxing)
 .ARM.exidx.text._ZN14rosserial_msgs20RequestParamResponse7getTypeEv
                0x00000000080081bc        0x0 build/ROS_main.o
                                          0x8 (size before relaxing)
 .ARM.exidx.text._ZN14rosserial_msgs20RequestParamResponse6getMD5Ev
                0x00000000080081bc        0x0 build/ROS_main.o
                                          0x8 (size before relaxing)
 .ARM.exidx.text._ZN8std_msgs6String11deserializeEPh
                0x00000000080081bc        0x0 build/ROS_main.o
                                          0x8 (size before relaxing)
 .ARM.exidx.text._ZN8std_msgs6String7getTypeEv
                0x00000000080081bc        0x0 build/ROS_main.o
                                          0x8 (size before relaxing)
 .ARM.exidx.text._ZN8std_msgs6String6getMD5Ev
                0x00000000080081bc        0x0 build/ROS_main.o
                                          0x8 (size before relaxing)
 .ARM.exidx.text._Z41__static_initialization_and_destruction_0ii
                0x00000000080081bc        0x0 build/ROS_main.o
                                          0x8 (size before relaxing)
 .ARM.exidx.text._ZN3ros11NodeHandle_I13STM32HardwareLi5ELi5ELi512ELi512EE9connectedEv
                0x00000000080081bc        0x0 build/ROS_main.o
                                          0x8 (size before relaxing)
 .ARM.exidx.text._ZNK8std_msgs6String9serializeEPh
                0x00000000080081bc        0x0 build/ROS_main.o
                                          0x8 (size before relaxing)
 .ARM.exidx.text._ZNK14rosserial_msgs9TopicInfo9serializeEPh
                0x00000000080081bc        0x0 build/ROS_main.o
                                          0x8 (size before relaxing)
 .ARM.exidx.text._ZNK14rosserial_msgs3Log9serializeEPh
                0x00000000080081bc        0x0 build/ROS_main.o
                                          0x8 (size before relaxing)
 .ARM.exidx.text._ZNK14rosserial_msgs20RequestParamResponse9serializeEPh
                0x00000000080081bc        0x0 build/ROS_main.o
                                          0x8 (size before relaxing)
 .ARM.exidx.text._ZN14rosserial_msgs20RequestParamResponse11deserializeEPh
                0x00000000080081bc        0x0 build/ROS_main.o
                                          0x8 (size before relaxing)
 .ARM.exidx.text.ros_init
                0x00000000080081bc        0x8 build/ROS_main.o
 .ARM.exidx.text._ZN3ros11NodeHandle_I13STM32HardwareLi5ELi5ELi512ELi512EE8publish1EiPNS_3MsgE
                0x00000000080081c4        0x8 build/ROS_main.o
 .ARM.exidx.text._ZN3ros11NodeHandle_I13STM32HardwareLi5ELi5ELi512ELi512EE7publishEiPKNS_3MsgE
                0x00000000080081cc        0x8 build/ROS_main.o
 .ARM.exidx.text._ZN3ros11NodeHandle_I13STM32HardwareLi5ELi5ELi512ELi512EE15requestSyncTimeEv
                0x00000000080081d4        0x8 build/ROS_main.o
 .ARM.exidx.text.ros_run
                0x00000000080081dc        0x8 build/ROS_main.o
 .ARM.exidx.text._ZN3ros11NodeHandle_I13STM32HardwareLi5ELi5ELi512ELi512EE8spinOnceEv
                0x00000000080081e4        0x8 build/ROS_main.o
 .ARM.exidx.text._GLOBAL__sub_I_nh
                0x00000000080081ec        0x8 build/ROS_main.o
 .ARM.exidx.text._Z6led_cbPh
                0x00000000080081f4        0x8 build/ROS_subscribe.o
 .ARM.exidx.text._Z11getLedStatev
                0x00000000080081fc        0x8 build/ROS_subscribe.o
 .ARM.exidx.text._Z16rosSubscribeInitPN3ros11NodeHandle_I13STM32HardwareLi5ELi5ELi512ELi512EEE
                0x0000000008008204       0x10 build/ROS_subscribe.o
                                          0x8 (size before relaxing)
 .ARM.exidx     0x0000000008008104        0x8 /usr/local/Cellar/gcc-arm-none-eabi/20180627/bin/../lib/gcc/arm-none-eabi/7.3.1/thumb/v7e-m/fpv4-sp/softfp/libgcc.a(_udivmoddi4.o)
 .ARM.exidx     0x000000000800810c       0x78 /usr/local/Cellar/gcc-arm-none-eabi/20180627/bin/../lib/gcc/arm-none-eabi/7.3.1/thumb/v7e-m/fpv4-sp/softfp/libgcc.a(unwind-arm.o)
                                         0xd8 (size before relaxing)
 .ARM.exidx     0x0000000008008184       0x38 /usr/local/Cellar/gcc-arm-none-eabi/20180627/bin/../lib/gcc/arm-none-eabi/7.3.1/thumb/v7e-m/fpv4-sp/softfp/libgcc.a(pr-support.o)
                                         0x48 (size before relaxing)
                0x0000000008008214                __exidx_end = .

.rel.dyn        0x0000000008008214        0x0
 .rel.iplt      0x0000000008008214        0x0 /usr/local/Cellar/gcc-arm-none-eabi/20180627/bin/../lib/gcc/arm-none-eabi/7.3.1/thumb/v7e-m/fpv4-sp/softfp/crtbegin.o

.preinit_array  0x0000000008008214        0x0
                0x0000000008008214                PROVIDE (__preinit_array_start = .)
 *(.preinit_array*)
                0x0000000008008214                PROVIDE (__preinit_array_end = .)

.init_array     0x0000000008008214        0x8
                0x0000000008008214                PROVIDE (__init_array_start = .)
 *(SORT_BY_NAME(.init_array.*))
 *(.init_array*)
 .init_array    0x0000000008008214        0x4 /usr/local/Cellar/gcc-arm-none-eabi/20180627/bin/../lib/gcc/arm-none-eabi/7.3.1/thumb/v7e-m/fpv4-sp/softfp/crtbegin.o
 .init_array    0x0000000008008218        0x4 build/ROS_main.o
                0x000000000800821c                PROVIDE (__init_array_end = .)

.fini_array     0x000000000800821c        0x4
                [!provide]                        PROVIDE (__fini_array_start = .)
 *(.fini_array*)
 .fini_array    0x000000000800821c        0x4 /usr/local/Cellar/gcc-arm-none-eabi/20180627/bin/../lib/gcc/arm-none-eabi/7.3.1/thumb/v7e-m/fpv4-sp/softfp/crtbegin.o
 *(SORT_BY_NAME(.fini_array.*))
                [!provide]                        PROVIDE (__fini_array_end = .)
                0x0000000008008220                _sidata = .

.data           0x0000000020000000       0xe0 load address 0x0000000008008220
                0x0000000020000000                . = ALIGN (0x4)
                0x0000000020000000                _sdata = .
 *(.data)
 *(.data*)
 .data.APBPrescTable
                0x0000000020000000        0x8 build/system_at32f4xx.o
                0x0000000020000000                APBPrescTable
 .data.SystemCoreClock
                0x0000000020000008        0x4 build/system_at32f4xx.o
                0x0000000020000008                SystemCoreClock
 .data.batteryVoltage
                0x000000002000000c        0x4 build/bldc.o
                0x000000002000000c                batteryVoltage
 .data.rtP      0x0000000020000010       0x64 build/BLDC_controller_data.o
                0x0000000020000010                rtP
 .data.WheelSize_mm
                0x0000000020000074        0x4 build/hallinterrupts.o
 .data._ZL8ledState
                0x0000000020000078        0x2 build/ROS_subscribe.o
 *fill*         0x000000002000007a        0x2 
 .data._impure_ptr
                0x000000002000007c        0x4 /usr/local/Cellar/gcc-arm-none-eabi/20180627/bin/../lib/gcc/arm-none-eabi/7.3.1/../../../../arm-none-eabi/lib/thumb/v7e-m/fpv4-sp/softfp/libc_nano.a(lib_a-impure.o)
                0x000000002000007c                _impure_ptr
 .data.impure_data
                0x0000000020000080       0x60 /usr/local/Cellar/gcc-arm-none-eabi/20180627/bin/../lib/gcc/arm-none-eabi/7.3.1/../../../../arm-none-eabi/lib/thumb/v7e-m/fpv4-sp/softfp/libc_nano.a(lib_a-impure.o)
                0x00000000200000e0                . = ALIGN (0x4)
                0x00000000200000e0                _edata = .

.igot.plt       0x00000000200000e0        0x0 load address 0x0000000008008300
 .igot.plt      0x00000000200000e0        0x0 /usr/local/Cellar/gcc-arm-none-eabi/20180627/bin/../lib/gcc/arm-none-eabi/7.3.1/thumb/v7e-m/fpv4-sp/softfp/crtbegin.o
                0x00000000200000e0                . = ALIGN (0x4)

.bss            0x00000000200000e0      0xcc8 load address 0x0000000008008300
                0x00000000200000e0                _sbss = .
                0x00000000200000e0                __bss_start__ = _sbss
 *(.bss)
 .bss           0x00000000200000e0       0x1c /usr/local/Cellar/gcc-arm-none-eabi/20180627/bin/../lib/gcc/arm-none-eabi/7.3.1/thumb/v7e-m/fpv4-sp/softfp/crtbegin.o
 *(.bss*)
 .bss.g_RxRead  0x00000000200000fc        0x1 build/setup.o
                0x00000000200000fc                g_RxRead
 .bss.g_RxWritten
                0x00000000200000fd        0x1 build/setup.o
                0x00000000200000fd                g_RxWritten
 .bss.speed     0x00000000200000fe        0x2 build/main.o
                0x00000000200000fe                speed
 .bss.OverrunFlag.9192
                0x0000000020000100        0x1 build/bldc.o
 *fill*         0x0000000020000101        0x3 
 .bss.bldc_count_per_hall_counter
                0x0000000020000104        0x8 build/bldc.o
                0x0000000020000104                bldc_count_per_hall_counter
 .bss.buzzerFreq
                0x000000002000010c        0x1 build/bldc.o
                0x000000002000010c                buzzerFreq
 .bss.buzzerPattern
                0x000000002000010d        0x1 build/bldc.o
                0x000000002000010d                buzzerPattern
 *fill*         0x000000002000010e        0x2 
 .bss.buzzerTimer
                0x0000000020000110        0x4 build/bldc.o
 .bss.bldc_count_per_hall
                0x0000000020000114        0x8 build/hallinterrupts.o
                0x0000000020000114                bldc_count_per_hall
 *fill*         0x000000002000011c        0x4 
 .bss.timerwraps
                0x0000000020000120        0x8 build/hallinterrupts.o
                0x0000000020000120                timerwraps
 .bss.pwml      0x0000000020000128        0x4 build/motorcontrol.o
                0x0000000020000128                pwml
 .bss.pwmr      0x000000002000012c        0x4 build/motorcontrol.o
                0x000000002000012c                pwmr
 .bss._ZZN3ros11NodeHandle_I13STM32HardwareLi5ELi5ELi512ELi512EE9spinOnce1EvE10s_CallBack
                0x0000000020000130        0x4 build/ROS_main.o
                0x0000000020000130                ros::NodeHandle_<STM32Hardware, 5, 5, 512, 512>::spinOnce1()::s_CallBack
 .bss.chatter   0x0000000020000134        0x4 build/ROS_main.o
                0x0000000020000134                chatter
 .bss.nh        0x0000000020000138      0x558 build/ROS_main.o
                0x0000000020000138                nh
 .bss.__malloc_free_list
                0x0000000020000690        0x4 /usr/local/Cellar/gcc-arm-none-eabi/20180627/bin/../lib/gcc/arm-none-eabi/7.3.1/../../../../arm-none-eabi/lib/thumb/v7e-m/fpv4-sp/softfp/libc_nano.a(lib_a-nano-mallocr.o)
                0x0000000020000690                __malloc_free_list
 .bss.__malloc_sbrk_start
                0x0000000020000694        0x4 /usr/local/Cellar/gcc-arm-none-eabi/20180627/bin/../lib/gcc/arm-none-eabi/7.3.1/../../../../arm-none-eabi/lib/thumb/v7e-m/fpv4-sp/softfp/libc_nano.a(lib_a-nano-mallocr.o)
                0x0000000020000694                __malloc_sbrk_start
 .bss.heap_end.5377
                0x0000000020000698        0x4 /usr/local/Cellar/gcc-arm-none-eabi/20180627/bin/../lib/gcc/arm-none-eabi/7.3.1/../../../../arm-none-eabi/lib/thumb/v7e-m/fpv4-sp/softfp/libnosys.a(sbrk.o)
 *(COMMON)
 COMMON         0x000000002000069c        0x4 build/stm32f1xx_hal.o
                0x000000002000069c                uwTick
 COMMON         0x00000000200006a0      0x4dc build/setup.o
                0x00000000200006a0                hdma_usart2_rx
                0x00000000200006e4                huart3
                0x0000000020000724                hadc2
                0x0000000020000754                hi2c2
                0x00000000200007a8                htim_right
                0x00000000200007e8                hdma_i2c2_rx
                0x000000002000082c                hdma_i2c2_tx
                0x0000000020000870                hadc1
                0x00000000200008a0                hdma_usart2_tx
                0x00000000200008e4                g_RxBuf
                0x0000000020000ae4                byte
                0x0000000020000ae8                adc_buffer
                0x0000000020000afc                huart2
                0x0000000020000b3c                htim_left
 *fill*         0x0000000020000b7c        0x4 
 COMMON         0x0000000020000b80      0x184 build/hallinterrupts.o
                0x0000000020000b80                hall_wl
                0x0000000020000b81                hall_vl
                0x0000000020000b88                timeStats
                0x0000000020000c10                hall_wr
                0x0000000020000c14                local_hall_params
                0x0000000020000c76                hall_vr
                0x0000000020000c77                hall_ul
                0x0000000020000c78                hall_ur
                0x0000000020000c7c                HallData
                0x0000000020000cc4                h_timer_hall
 COMMON         0x0000000020000d04       0xa0 build/motorcontrol.o
                0x0000000020000d04                rtY_Right
                0x0000000020000d18                rtDW_Left
                0x0000000020000d3c                rtY_Left
                0x0000000020000d50                rtU_Right
                0x0000000020000d58                rtDW_Right
                0x0000000020000d7c                rtU_Left
                0x0000000020000d84                rtM_Right_
                0x0000000020000d94                rtM_Left_
 COMMON         0x0000000020000da4        0x4 /usr/local/Cellar/gcc-arm-none-eabi/20180627/bin/../lib/gcc/arm-none-eabi/7.3.1/../../../../arm-none-eabi/lib/thumb/v7e-m/fpv4-sp/softfp/libc_nano.a(lib_a-reent.o)
                0x0000000020000da4                errno
                0x0000000020000da8                . = ALIGN (0x4)
                0x0000000020000da8                _ebss = .
                0x0000000020000da8                __bss_end__ = _ebss

._user_heap_stack
                0x0000000020000da8      0x400 load address 0x0000000008008fc8
                0x0000000020000da8                . = ALIGN (0x4)
                0x0000000020000da8                PROVIDE (end = .)
                [!provide]                        PROVIDE (_end = .)
                0x0000000020000da8                . = (. + _Min_Heap_Size)
                0x00000000200011a8                . = (. + _Min_Stack_Size)
 *fill*         0x0000000020000da8      0x400 
                0x00000000200011a8                . = ALIGN (0x4)

/DISCARD/
 libc.a(*)
 libm.a(*)
 libgcc.a(*)

.ARM.attributes
                0x0000000000000000       0x2e
 *(.ARM.attributes)
 .ARM.attributes
                0x0000000000000000       0x22 /usr/local/Cellar/gcc-arm-none-eabi/20180627/bin/../lib/gcc/arm-none-eabi/7.3.1/thumb/v7e-m/fpv4-sp/softfp/crti.o
 .ARM.attributes
                0x0000000000000022       0x32 /usr/local/Cellar/gcc-arm-none-eabi/20180627/bin/../lib/gcc/arm-none-eabi/7.3.1/thumb/v7e-m/fpv4-sp/softfp/crtbegin.o
 .ARM.attributes
                0x0000000000000054       0x37 build/stm32f1xx_hal_rcc.o
 .ARM.attributes
                0x000000000000008b       0x37 build/stm32f1xx_hal_tim.o
 .ARM.attributes
                0x00000000000000c2       0x37 build/stm32f1xx_hal_tim_ex.o
 .ARM.attributes
                0x00000000000000f9       0x37 build/stm32f1xx_hal_adc_ex.o
 .ARM.attributes
                0x0000000000000130       0x37 build/stm32f1xx_hal_cortex.o
 .ARM.attributes
                0x0000000000000167       0x37 build/stm32f1xx_hal_gpio.o
 .ARM.attributes
                0x000000000000019e       0x37 build/stm32f1xx_hal.o
 .ARM.attributes
                0x00000000000001d5       0x37 build/stm32f1xx_hal_adc.o
 .ARM.attributes
                0x000000000000020c       0x37 build/stm32f1xx_hal_uart.o
 .ARM.attributes
                0x0000000000000243       0x37 build/stm32f1xx_hal_dma.o
 .ARM.attributes
                0x000000000000027a       0x37 build/system_at32f4xx.o
 .ARM.attributes
                0x00000000000002b1       0x37 build/setup.o
 .ARM.attributes
                0x00000000000002e8       0x37 build/main.o
 .ARM.attributes
                0x000000000000031f       0x37 build/bldc.o
 .ARM.attributes
                0x0000000000000356       0x37 build/stm32f1xx_it.o
 .ARM.attributes
                0x000000000000038d       0x37 build/BLDC_controller_data.o
 .ARM.attributes
                0x00000000000003c4       0x37 build/BLDC_controller.o
 .ARM.attributes
                0x00000000000003fb       0x37 build/hallinterrupts.o
 .ARM.attributes
                0x0000000000000432       0x37 build/motorcontrol.o
 .ARM.attributes
                0x0000000000000469       0x37 build/time.o
 .ARM.attributes
                0x00000000000004a0       0x37 build/ROS_main.o
 .ARM.attributes
                0x00000000000004d7       0x37 build/ROS_subscribe.o
 .ARM.attributes
                0x000000000000050e       0x25 build/startup_at32f403xe.o
 .ARM.attributes
                0x0000000000000533       0x32 /usr/local/Cellar/gcc-arm-none-eabi/20180627/bin/../lib/gcc/arm-none-eabi/7.3.1/../../../../arm-none-eabi/lib/thumb/v7e-m/fpv4-sp/softfp/libc_nano.a(lib_a-impure.o)
 .ARM.attributes
                0x0000000000000565       0x32 /usr/local/Cellar/gcc-arm-none-eabi/20180627/bin/../lib/gcc/arm-none-eabi/7.3.1/../../../../arm-none-eabi/lib/thumb/v7e-m/fpv4-sp/softfp/libc_nano.a(lib_a-memcpy-stub.o)
 .ARM.attributes
                0x0000000000000597       0x32 /usr/local/Cellar/gcc-arm-none-eabi/20180627/bin/../lib/gcc/arm-none-eabi/7.3.1/../../../../arm-none-eabi/lib/thumb/v7e-m/fpv4-sp/softfp/libc_nano.a(lib_a-memset.o)
 .ARM.attributes
                0x00000000000005c9       0x32 /usr/local/Cellar/gcc-arm-none-eabi/20180627/bin/../lib/gcc/arm-none-eabi/7.3.1/../../../../arm-none-eabi/lib/thumb/v7e-m/fpv4-sp/softfp/libc_nano.a(lib_a-printf.o)
 .ARM.attributes
                0x00000000000005fb       0x32 /usr/local/Cellar/gcc-arm-none-eabi/20180627/bin/../lib/gcc/arm-none-eabi/7.3.1/../../../../arm-none-eabi/lib/thumb/v7e-m/fpv4-sp/softfp/libc_nano.a(lib_a-puts.o)
 .ARM.attributes
                0x000000000000062d       0x32 /usr/local/Cellar/gcc-arm-none-eabi/20180627/bin/../lib/gcc/arm-none-eabi/7.3.1/../../../../arm-none-eabi/lib/thumb/v7e-m/fpv4-sp/softfp/libc_nano.a(lib_a-realloc.o)
 .ARM.attributes
                0x000000000000065f       0x32 /usr/local/Cellar/gcc-arm-none-eabi/20180627/bin/../lib/gcc/arm-none-eabi/7.3.1/../../../../arm-none-eabi/lib/thumb/v7e-m/fpv4-sp/softfp/libc_nano.a(lib_a-sprintf.o)
 .ARM.attributes
                0x0000000000000691       0x1b /usr/local/Cellar/gcc-arm-none-eabi/20180627/bin/../lib/gcc/arm-none-eabi/7.3.1/../../../../arm-none-eabi/lib/thumb/v7e-m/fpv4-sp/softfp/libc_nano.a(lib_a-strlen.o)
 .ARM.attributes
                0x00000000000006ac       0x32 /usr/local/Cellar/gcc-arm-none-eabi/20180627/bin/../lib/gcc/arm-none-eabi/7.3.1/../../../../arm-none-eabi/lib/thumb/v7e-m/fpv4-sp/softfp/libc_nano.a(lib_a-wbuf.o)
 .ARM.attributes
                0x00000000000006de       0x32 /usr/local/Cellar/gcc-arm-none-eabi/20180627/bin/../lib/gcc/arm-none-eabi/7.3.1/../../../../arm-none-eabi/lib/thumb/v7e-m/fpv4-sp/softfp/libc_nano.a(lib_a-wsetup.o)
 .ARM.attributes
                0x0000000000000710       0x32 /usr/local/Cellar/gcc-arm-none-eabi/20180627/bin/../lib/gcc/arm-none-eabi/7.3.1/../../../../arm-none-eabi/lib/thumb/v7e-m/fpv4-sp/softfp/libc_nano.a(lib_a-fflush.o)
 .ARM.attributes
                0x0000000000000742       0x32 /usr/local/Cellar/gcc-arm-none-eabi/20180627/bin/../lib/gcc/arm-none-eabi/7.3.1/../../../../arm-none-eabi/lib/thumb/v7e-m/fpv4-sp/softfp/libc_nano.a(lib_a-findfp.o)
 .ARM.attributes
                0x0000000000000774       0x32 /usr/local/Cellar/gcc-arm-none-eabi/20180627/bin/../lib/gcc/arm-none-eabi/7.3.1/../../../../arm-none-eabi/lib/thumb/v7e-m/fpv4-sp/softfp/libc_nano.a(lib_a-fwalk.o)
 .ARM.attributes
                0x00000000000007a6       0x32 /usr/local/Cellar/gcc-arm-none-eabi/20180627/bin/../lib/gcc/arm-none-eabi/7.3.1/../../../../arm-none-eabi/lib/thumb/v7e-m/fpv4-sp/softfp/libc_nano.a(lib_a-makebuf.o)
 .ARM.attributes
                0x00000000000007d8       0x32 /usr/local/Cellar/gcc-arm-none-eabi/20180627/bin/../lib/gcc/arm-none-eabi/7.3.1/../../../../arm-none-eabi/lib/thumb/v7e-m/fpv4-sp/softfp/libc_nano.a(lib_a-nano-freer.o)
 .ARM.attributes
                0x000000000000080a       0x32 /usr/local/Cellar/gcc-arm-none-eabi/20180627/bin/../lib/gcc/arm-none-eabi/7.3.1/../../../../arm-none-eabi/lib/thumb/v7e-m/fpv4-sp/softfp/libc_nano.a(lib_a-nano-mallocr.o)
 .ARM.attributes
                0x000000000000083c       0x32 /usr/local/Cellar/gcc-arm-none-eabi/20180627/bin/../lib/gcc/arm-none-eabi/7.3.1/../../../../arm-none-eabi/lib/thumb/v7e-m/fpv4-sp/softfp/libc_nano.a(lib_a-nano-reallocr.o)
 .ARM.attributes
                0x000000000000086e       0x32 /usr/local/Cellar/gcc-arm-none-eabi/20180627/bin/../lib/gcc/arm-none-eabi/7.3.1/../../../../arm-none-eabi/lib/thumb/v7e-m/fpv4-sp/softfp/libc_nano.a(lib_a-nano-svfprintf.o)
 .ARM.attributes
                0x00000000000008a0       0x32 /usr/local/Cellar/gcc-arm-none-eabi/20180627/bin/../lib/gcc/arm-none-eabi/7.3.1/../../../../arm-none-eabi/lib/thumb/v7e-m/fpv4-sp/softfp/libc_nano.a(lib_a-nano-vfprintf.o)
 .ARM.attributes
                0x00000000000008d2       0x32 /usr/local/Cellar/gcc-arm-none-eabi/20180627/bin/../lib/gcc/arm-none-eabi/7.3.1/../../../../arm-none-eabi/lib/thumb/v7e-m/fpv4-sp/softfp/libc_nano.a(lib_a-nano-vfprintf_i.o)
 .ARM.attributes
                0x0000000000000904       0x32 /usr/local/Cellar/gcc-arm-none-eabi/20180627/bin/../lib/gcc/arm-none-eabi/7.3.1/../../../../arm-none-eabi/lib/thumb/v7e-m/fpv4-sp/softfp/libc_nano.a(lib_a-sbrkr.o)
 .ARM.attributes
                0x0000000000000936       0x32 /usr/local/Cellar/gcc-arm-none-eabi/20180627/bin/../lib/gcc/arm-none-eabi/7.3.1/../../../../arm-none-eabi/lib/thumb/v7e-m/fpv4-sp/softfp/libc_nano.a(lib_a-stdio.o)
 .ARM.attributes
                0x0000000000000968       0x32 /usr/local/Cellar/gcc-arm-none-eabi/20180627/bin/../lib/gcc/arm-none-eabi/7.3.1/../../../../arm-none-eabi/lib/thumb/v7e-m/fpv4-sp/softfp/libc_nano.a(lib_a-writer.o)
 .ARM.attributes
                0x000000000000099a       0x32 /usr/local/Cellar/gcc-arm-none-eabi/20180627/bin/../lib/gcc/arm-none-eabi/7.3.1/../../../../arm-none-eabi/lib/thumb/v7e-m/fpv4-sp/softfp/libc_nano.a(lib_a-closer.o)
 .ARM.attributes
                0x00000000000009cc       0x32 /usr/local/Cellar/gcc-arm-none-eabi/20180627/bin/../lib/gcc/arm-none-eabi/7.3.1/../../../../arm-none-eabi/lib/thumb/v7e-m/fpv4-sp/softfp/libc_nano.a(lib_a-fstatr.o)
 .ARM.attributes
                0x00000000000009fe       0x32 /usr/local/Cellar/gcc-arm-none-eabi/20180627/bin/../lib/gcc/arm-none-eabi/7.3.1/../../../../arm-none-eabi/lib/thumb/v7e-m/fpv4-sp/softfp/libc_nano.a(lib_a-isattyr.o)
 .ARM.attributes
                0x0000000000000a30       0x32 /usr/local/Cellar/gcc-arm-none-eabi/20180627/bin/../lib/gcc/arm-none-eabi/7.3.1/../../../../arm-none-eabi/lib/thumb/v7e-m/fpv4-sp/softfp/libc_nano.a(lib_a-lseekr.o)
 .ARM.attributes
                0x0000000000000a62       0x20 /usr/local/Cellar/gcc-arm-none-eabi/20180627/bin/../lib/gcc/arm-none-eabi/7.3.1/../../../../arm-none-eabi/lib/thumb/v7e-m/fpv4-sp/softfp/libc_nano.a(lib_a-memchr.o)
 .ARM.attributes
                0x0000000000000a82       0x32 /usr/local/Cellar/gcc-arm-none-eabi/20180627/bin/../lib/gcc/arm-none-eabi/7.3.1/../../../../arm-none-eabi/lib/thumb/v7e-m/fpv4-sp/softfp/libc_nano.a(lib_a-memmove.o)
 .ARM.attributes
                0x0000000000000ab4       0x32 /usr/local/Cellar/gcc-arm-none-eabi/20180627/bin/../lib/gcc/arm-none-eabi/7.3.1/../../../../arm-none-eabi/lib/thumb/v7e-m/fpv4-sp/softfp/libc_nano.a(lib_a-mlock.o)
 .ARM.attributes
                0x0000000000000ae6       0x32 /usr/local/Cellar/gcc-arm-none-eabi/20180627/bin/../lib/gcc/arm-none-eabi/7.3.1/../../../../arm-none-eabi/lib/thumb/v7e-m/fpv4-sp/softfp/libc_nano.a(lib_a-nano-msizer.o)
 .ARM.attributes
                0x0000000000000b18       0x32 /usr/local/Cellar/gcc-arm-none-eabi/20180627/bin/../lib/gcc/arm-none-eabi/7.3.1/../../../../arm-none-eabi/lib/thumb/v7e-m/fpv4-sp/softfp/libc_nano.a(lib_a-readr.o)
 .ARM.attributes
                0x0000000000000b4a       0x32 /usr/local/Cellar/gcc-arm-none-eabi/20180627/bin/../lib/gcc/arm-none-eabi/7.3.1/../../../../arm-none-eabi/lib/thumb/v7e-m/fpv4-sp/softfp/libc_nano.a(lib_a-reent.o)
 .ARM.attributes
                0x0000000000000b7c       0x32 /usr/local/Cellar/gcc-arm-none-eabi/20180627/bin/../lib/gcc/arm-none-eabi/7.3.1/../../../../arm-none-eabi/lib/thumb/v7e-m/fpv4-sp/softfp/libnosys.a(close.o)
 .ARM.attributes
                0x0000000000000bae       0x32 /usr/local/Cellar/gcc-arm-none-eabi/20180627/bin/../lib/gcc/arm-none-eabi/7.3.1/../../../../arm-none-eabi/lib/thumb/v7e-m/fpv4-sp/softfp/libnosys.a(fstat.o)
 .ARM.attributes
                0x0000000000000be0       0x32 /usr/local/Cellar/gcc-arm-none-eabi/20180627/bin/../lib/gcc/arm-none-eabi/7.3.1/../../../../arm-none-eabi/lib/thumb/v7e-m/fpv4-sp/softfp/libnosys.a(isatty.o)
 .ARM.attributes
                0x0000000000000c12       0x32 /usr/local/Cellar/gcc-arm-none-eabi/20180627/bin/../lib/gcc/arm-none-eabi/7.3.1/../../../../arm-none-eabi/lib/thumb/v7e-m/fpv4-sp/softfp/libnosys.a(lseek.o)
 .ARM.attributes
                0x0000000000000c44       0x32 /usr/local/Cellar/gcc-arm-none-eabi/20180627/bin/../lib/gcc/arm-none-eabi/7.3.1/../../../../arm-none-eabi/lib/thumb/v7e-m/fpv4-sp/softfp/libnosys.a(read.o)