Archive member included to satisfy reference by file (symbol)

/usr/local/Cellar/gcc-arm-none-eabi/20180627/bin/../lib/gcc/arm-none-eabi/7.3.1/../../../../arm-none-eabi/lib/thumb/v7e-m/fpv4-sp/softfp/libc_nano.a(lib_a-exit.o)
                              /usr/local/Cellar/gcc-arm-none-eabi/20180627/bin/../lib/gcc/arm-none-eabi/7.3.1/../../../../arm-none-eabi/lib/thumb/v7e-m/fpv4-sp/softfp/crt0.o (exit)
/usr/local/Cellar/gcc-arm-none-eabi/20180627/bin/../lib/gcc/arm-none-eabi/7.3.1/../../../../arm-none-eabi/lib/thumb/v7e-m/fpv4-sp/softfp/libc_nano.a(lib_a-impure.o)
                              /usr/local/Cellar/gcc-arm-none-eabi/20180627/bin/../lib/gcc/arm-none-eabi/7.3.1/../../../../arm-none-eabi/lib/thumb/v7e-m/fpv4-sp/softfp/libc_nano.a(lib_a-exit.o) (_global_impure_ptr)
/usr/local/Cellar/gcc-arm-none-eabi/20180627/bin/../lib/gcc/arm-none-eabi/7.3.1/../../../../arm-none-eabi/lib/thumb/v7e-m/fpv4-sp/softfp/libc_nano.a(lib_a-init.o)
                              /usr/local/Cellar/gcc-arm-none-eabi/20180627/bin/../lib/gcc/arm-none-eabi/7.3.1/../../../../arm-none-eabi/lib/thumb/v7e-m/fpv4-sp/softfp/crt0.o (__libc_init_array)
/usr/local/Cellar/gcc-arm-none-eabi/20180627/bin/../lib/gcc/arm-none-eabi/7.3.1/../../../../arm-none-eabi/lib/thumb/v7e-m/fpv4-sp/softfp/libc_nano.a(lib_a-memcpy-stub.o)
                              build/ROS_main.o (memcpy)
/usr/local/Cellar/gcc-arm-none-eabi/20180627/bin/../lib/gcc/arm-none-eabi/7.3.1/../../../../arm-none-eabi/lib/thumb/v7e-m/fpv4-sp/softfp/libc_nano.a(lib_a-memset.o)
                              /usr/local/Cellar/gcc-arm-none-eabi/20180627/bin/../lib/gcc/arm-none-eabi/7.3.1/../../../../arm-none-eabi/lib/thumb/v7e-m/fpv4-sp/softfp/crt0.o (memset)
/usr/local/Cellar/gcc-arm-none-eabi/20180627/bin/../lib/gcc/arm-none-eabi/7.3.1/../../../../arm-none-eabi/lib/thumb/v7e-m/fpv4-sp/softfp/libc_nano.a(lib_a-printf.o)
                              build/ROS_main.o (printf)
/usr/local/Cellar/gcc-arm-none-eabi/20180627/bin/../lib/gcc/arm-none-eabi/7.3.1/../../../../arm-none-eabi/lib/thumb/v7e-m/fpv4-sp/softfp/libc_nano.a(lib_a-puts.o)
                              build/ROS_main.o (puts)
/usr/local/Cellar/gcc-arm-none-eabi/20180627/bin/../lib/gcc/arm-none-eabi/7.3.1/../../../../arm-none-eabi/lib/thumb/v7e-m/fpv4-sp/softfp/libc_nano.a(lib_a-realloc.o)
                              build/ROS_main.o (realloc)
/usr/local/Cellar/gcc-arm-none-eabi/20180627/bin/../lib/gcc/arm-none-eabi/7.3.1/../../../../arm-none-eabi/lib/thumb/v7e-m/fpv4-sp/softfp/libc_nano.a(lib_a-sprintf.o)
                              build/ROS_main.o (sprintf)
/usr/local/Cellar/gcc-arm-none-eabi/20180627/bin/../lib/gcc/arm-none-eabi/7.3.1/../../../../arm-none-eabi/lib/thumb/v7e-m/fpv4-sp/softfp/libc_nano.a(lib_a-strlen.o)
                              build/ROS_main.o (strlen)
/usr/local/Cellar/gcc-arm-none-eabi/20180627/bin/../lib/gcc/arm-none-eabi/7.3.1/../../../../arm-none-eabi/lib/thumb/v7e-m/fpv4-sp/softfp/libc_nano.a(lib_a-wbuf.o)
                              /usr/local/Cellar/gcc-arm-none-eabi/20180627/bin/../lib/gcc/arm-none-eabi/7.3.1/../../../../arm-none-eabi/lib/thumb/v7e-m/fpv4-sp/softfp/libc_nano.a(lib_a-puts.o) (__swbuf_r)
/usr/local/Cellar/gcc-arm-none-eabi/20180627/bin/../lib/gcc/arm-none-eabi/7.3.1/../../../../arm-none-eabi/lib/thumb/v7e-m/fpv4-sp/softfp/libc_nano.a(lib_a-wsetup.o)
                              /usr/local/Cellar/gcc-arm-none-eabi/20180627/bin/../lib/gcc/arm-none-eabi/7.3.1/../../../../arm-none-eabi/lib/thumb/v7e-m/fpv4-sp/softfp/libc_nano.a(lib_a-puts.o) (__swsetup_r)
/usr/local/Cellar/gcc-arm-none-eabi/20180627/bin/../lib/gcc/arm-none-eabi/7.3.1/../../../../arm-none-eabi/lib/thumb/v7e-m/fpv4-sp/softfp/libc_nano.a(lib_a-fflush.o)
                              /usr/local/Cellar/gcc-arm-none-eabi/20180627/bin/../lib/gcc/arm-none-eabi/7.3.1/../../../../arm-none-eabi/lib/thumb/v7e-m/fpv4-sp/softfp/libc_nano.a(lib_a-wbuf.o) (_fflush_r)
/usr/local/Cellar/gcc-arm-none-eabi/20180627/bin/../lib/gcc/arm-none-eabi/7.3.1/../../../../arm-none-eabi/lib/thumb/v7e-m/fpv4-sp/softfp/libc_nano.a(lib_a-findfp.o)
                              /usr/local/Cellar/gcc-arm-none-eabi/20180627/bin/../lib/gcc/arm-none-eabi/7.3.1/../../../../arm-none-eabi/lib/thumb/v7e-m/fpv4-sp/softfp/libc_nano.a(lib_a-printf.o) (__sinit)
/usr/local/Cellar/gcc-arm-none-eabi/20180627/bin/../lib/gcc/arm-none-eabi/7.3.1/../../../../arm-none-eabi/lib/thumb/v7e-m/fpv4-sp/softfp/libc_nano.a(lib_a-fwalk.o)
                              /usr/local/Cellar/gcc-arm-none-eabi/20180627/bin/../lib/gcc/arm-none-eabi/7.3.1/../../../../arm-none-eabi/lib/thumb/v7e-m/fpv4-sp/softfp/libc_nano.a(lib_a-findfp.o) (_fwalk)
/usr/local/Cellar/gcc-arm-none-eabi/20180627/bin/../lib/gcc/arm-none-eabi/7.3.1/../../../../arm-none-eabi/lib/thumb/v7e-m/fpv4-sp/softfp/libc_nano.a(lib_a-makebuf.o)
[...]
Memory Configuration

Name             Origin             Length             Attributes
FLASH            0x0000000008000000 0x0000000000040000 xr
RAM              0x0000000020000000 0x0000000000010000 xrw
*default*        0x0000000000000000 0xffffffffffffffff

Linker script and memory map

LOAD /usr/local/Cellar/gcc-arm-none-eabi/20180627/bin/../lib/gcc/arm-none-eabi/7.3.1/thumb/v7e-m/fpv4-sp/softfp/crti.o
LOAD /usr/local/Cellar/gcc-arm-none-eabi/20180627/bin/../lib/gcc/arm-none-eabi/7.3.1/thumb/v7e-m/fpv4-sp/softfp/crtbegin.o
LOAD /usr/local/Cellar/gcc-arm-none-eabi/20180627/bin/../lib/gcc/arm-none-eabi/7.3.1/../../../../arm-none-eabi/lib/thumb/v7e-m/fpv4-sp/softfp/crt0.o
LOAD build/stm32f1xx_hal_flash.o
LOAD build/stm32f1xx_hal_flash_ex.o
LOAD build/stm32f1xx_hal_rcc.o
LOAD build/stm32f1xx_hal_tim.o
LOAD build/stm32f1xx_hal_tim_ex.o
LOAD build/stm32f1xx_hal_gpio_ex.o
LOAD build/stm32f1xx_hal_adc_ex.o
LOAD build/stm32f1xx_hal_cortex.o
LOAD build/stm32f1xx_hal_gpio.o
LOAD build/stm32f1xx_hal_rcc_ex.o
LOAD build/stm32f1xx_hal_pwr.o
LOAD build/stm32f1xx_hal.o
LOAD build/stm32f1xx_hal_adc.o
LOAD build/stm32f1xx_hal_uart.o
LOAD build/stm32f1xx_hal_i2c.o
LOAD build/stm32f1xx_hal_dma.o
LOAD build/system_at32f4xx.o
LOAD build/setup.o
LOAD build/main.o
LOAD build/bldc.o
LOAD build/stm32f1xx_it.o
LOAD build/BLDC_controller_data.o
LOAD build/BLDC_controller.o
LOAD build/hallinterrupts.o
LOAD build/motorcontrol.o
LOAD build/duration.o
LOAD build/time.o
LOAD build/ROS_main.o
LOAD build/ROS_subscribe.o
LOAD build/startup_at32f403xe.o
LOAD /usr/local/Cellar/gcc-arm-none-eabi/20180627/bin/../lib/gcc/arm-none-eabi/7.3.1/../../../../arm-none-eabi/lib/thumb/v7e-m/fpv4-sp/softfp/libc_nano.a
LOAD /usr/local/Cellar/gcc-arm-none-eabi/20180627/bin/../lib/gcc/arm-none-eabi/7.3.1/../../../../arm-none-eabi/lib/thumb/v7e-m/fpv4-sp/softfp/libm.a
LOAD /usr/local/Cellar/gcc-arm-none-eabi/20180627/bin/../lib/gcc/arm-none-eabi/7.3.1/../../../../arm-none-eabi/lib/thumb/v7e-m/fpv4-sp/softfp/libnosys.a
START GROUP
LOAD /usr/local/Cellar/gcc-arm-none-eabi/20180627/bin/../lib/gcc/arm-none-eabi/7.3.1/thumb/v7e-m/fpv4-sp/softfp/libgcc.a
LOAD /usr/local/Cellar/gcc-arm-none-eabi/20180627/bin/../lib/gcc/arm-none-eabi/7.3.1/../../../../arm-none-eabi/lib/thumb/v7e-m/fpv4-sp/softfp/libc_nano.a
END GROUP
START GROUP
LOAD /usr/local/Cellar/gcc-arm-none-eabi/20180627/bin/../lib/gcc/arm-none-eabi/7.3.1/thumb/v7e-m/fpv4-sp/softfp/libgcc.a
LOAD /usr/local/Cellar/gcc-arm-none-eabi/20180627/bin/../lib/gcc/arm-none-eabi/7.3.1/../../../../arm-none-eabi/lib/thumb/v7e-m/fpv4-sp/softfp/libc_nano.a
LOAD /usr/local/Cellar/gcc-arm-none-eabi/20180627/bin/../lib/gcc/arm-none-eabi/7.3.1/../../../../arm-none-eabi/lib/thumb/v7e-m/fpv4-sp/softfp/libnosys.a
END GROUP
START GROUP
LOAD /usr/local/Cellar/gcc-arm-none-eabi/20180627/bin/../lib/gcc/arm-none-eabi/7.3.1/thumb/v7e-m/fpv4-sp/softfp/libgcc.a
LOAD /usr/local/Cellar/gcc-arm-none-eabi/20180627/bin/../lib/gcc/arm-none-eabi/7.3.1/../../../../arm-none-eabi/lib/thumb/v7e-m/fpv4-sp/softfp/libc_nano.a
LOAD /usr/local/Cellar/gcc-arm-none-eabi/20180627/bin/../lib/gcc/arm-none-eabi/7.3.1/../../../../arm-none-eabi/lib/thumb/v7e-m/fpv4-sp/softfp/libnosys.a
END GROUP
LOAD /usr/local/Cellar/gcc-arm-none-eabi/20180627/bin/../lib/gcc/arm-none-eabi/7.3.1/thumb/v7e-m/fpv4-sp/softfp/crtend.o
LOAD /usr/local/Cellar/gcc-arm-none-eabi/20180627/bin/../lib/gcc/arm-none-eabi/7.3.1/thumb/v7e-m/fpv4-sp/softfp/crtn.o
                0x000000002000c000                _estack = 0x2000c000
                0x0000000000000000                _Min_Heap_Size = 0x0
                0x0000000000000400                _Min_Stack_Size = 0x400

.isr_vector     0x0000000008000000      0x150
                0x0000000008000000                . = ALIGN (0x4)
 *(.isr_vector)
 .isr_vector    0x0000000008000000      0x150 build/startup_at32f403xe.o
                0x0000000008000000                g_pfnVectors
                0x0000000008000150                . = ALIGN (0x4)

.text           0x0000000008000150     0x82ec
                0x0000000008000150                . = ALIGN (0x4)
 *(.text)
 .text          0x0000000008000150       0x40 /usr/local/Cellar/gcc-arm-none-eabi/20180627/bin/../lib/gcc/arm-none-eabi/7.3.1/thumb/v7e-m/fpv4-sp/softfp/crtbegin.o
 .text          0x0000000008000190       0x10 /usr/local/Cellar/gcc-arm-none-eabi/20180627/bin/../lib/gcc/arm-none-eabi/7.3.1/../../../../arm-none-eabi/lib/thumb/v7e-m/fpv4-sp/softfp/libc_nano.a(lib_a-strlen.o)
                0x0000000008000190                strlen
 .text          0x00000000080001a0       0xa0 /usr/local/Cellar/gcc-arm-none-eabi/20180627/bin/../lib/gcc/arm-none-eabi/7.3.1/../../../../arm-none-eabi/lib/thumb/v7e-m/fpv4-sp/softfp/libc_nano.a(lib_a-memchr.o)
                0x00000000080001a0                memchr
 .text          0x0000000008000240      0x378 /usr/local/Cellar/gcc-arm-none-eabi/20180627/bin/../lib/gcc/arm-none-eabi/7.3.1/thumb/v7e-m/fpv4-sp/softfp/libgcc.a(_arm_addsubdf3.o)
                0x0000000008000240                __aeabi_drsub
                0x0000000008000248                __subdf3
                0x0000000008000248                __aeabi_dsub
                0x000000000800024c                __aeabi_dadd
                0x000000000800024c                __adddf3
                0x00000000080004c4                __aeabi_ui2d
                0x00000000080004c4                __floatunsidf
                0x00000000080004e4                __floatsidf
                0x00000000080004e4                __aeabi_i2d
                0x0000000008000508                __extendsfdf2
                0x0000000008000508                __aeabi_f2d
                0x000000000800054c                __aeabi_ul2d
                0x000000000800054c                __floatundidf
                0x000000000800055c                __aeabi_l2d
                0x000000000800055c                __floatdidf
 .text          0x00000000080005b8      0x424 /usr/local/Cellar/gcc-arm-none-eabi/20180627/bin/../lib/gcc/arm-none-eabi/7.3.1/thumb/v7e-m/fpv4-sp/softfp/libgcc.a(_arm_muldivdf3.o)
                0x00000000080005b8                __aeabi_dmul
                0x00000000080005b8                __muldf3
                0x000000000800080c                __aeabi_ddiv
                0x000000000800080c                __divdf3
 .text          0x00000000080009dc       0xa0 /usr/local/Cellar/gcc-arm-none-eabi/20180627/bin/../lib/gcc/arm-none-eabi/7.3.1/thumb/v7e-m/fpv4-sp/softfp/libgcc.a(_arm_truncdfsf2.o)
                0x00000000080009dc                __aeabi_d2f
                0x00000000080009dc                __truncdfsf2
 .text          0x0000000008000a7c       0x30 /usr/local/Cellar/gcc-arm-none-eabi/20180627/bin/../lib/gcc/arm-none-eabi/7.3.1/thumb/v7e-m/fpv4-sp/softfp/libgcc.a(_aeabi_uldivmod.o)
                0x0000000008000a7c                __aeabi_uldivmod
 .text          0x0000000008000aac      0x2cc /usr/local/Cellar/gcc-arm-none-eabi/20180627/bin/../lib/gcc/arm-none-eabi/7.3.1/thumb/v7e-m/fpv4-sp/softfp/libgcc.a(_udivmoddi4.o)
                0x0000000008000aac                __udivmoddi4
 .text          0x0000000008000d78      0x9ec /usr/local/Cellar/gcc-arm-none-eabi/20180627/bin/../lib/gcc/arm-none-eabi/7.3.1/thumb/v7e-m/fpv4-sp/softfp/libgcc.a(unwind-arm.o)
                0x000000000800102c                _Unwind_GetCFA
                0x0000000008001030                __gnu_Unwind_RaiseException
                0x0000000008001090                __gnu_Unwind_ForcedUnwind
                0x00000000080010a4                __gnu_Unwind_Resume
                0x00000000080010e8                __gnu_Unwind_Resume_or_Rethrow
                0x00000000080010f8                _Unwind_Complete
                0x00000000080010fc                _Unwind_DeleteException
                0x0000000008001108                _Unwind_VRS_Get
                0x000000000800114c                _Unwind_VRS_Set
                0x0000000008001194                __gnu_Unwind_Backtrace
                0x00000000080014d8                __aeabi_unwind_cpp_pr0
                0x00000000080014dc                __aeabi_unwind_cpp_pr1
                0x00000000080014e0                __aeabi_unwind_cpp_pr2
                0x00000000080014e4                _Unwind_VRS_Pop
 .text          0x0000000008001764      0x1ac /usr/local/Cellar/gcc-arm-none-eabi/20180627/bin/../lib/gcc/arm-none-eabi/7.3.1/thumb/v7e-m/fpv4-sp/softfp/libgcc.a(libunwind.o)
                0x0000000008001764                __restore_core_regs
                0x0000000008001764                restore_core_regs
                0x000000000800177c                __gnu_Unwind_Restore_VFP
                0x0000000008001784                __gnu_Unwind_Save_VFP
                0x000000000800178c                __gnu_Unwind_Restore_VFP_D
                0x0000000008001794                __gnu_Unwind_Save_VFP_D
                0x000000000800179c                __gnu_Unwind_Restore_VFP_D_16_to_31
                0x00000000080017a4                __gnu_Unwind_Save_VFP_D_16_to_31
                0x00000000080017ac                __gnu_Unwind_Restore_WMMXD
                0x00000000080017f0                __gnu_Unwind_Save_WMMXD
                0x0000000008001834                __gnu_Unwind_Restore_WMMXC
                0x0000000008001848                __gnu_Unwind_Save_WMMXC
                0x000000000800185c                _Unwind_RaiseException
                0x000000000800185c                ___Unwind_RaiseException
                0x0000000008001880                ___Unwind_Resume
                0x0000000008001880                _Unwind_Resume
                0x00000000080018a4                ___Unwind_Resume_or_Rethrow
                0x00000000080018a4                _Unwind_Resume_or_Rethrow
                0x00000000080018c8                _Unwind_ForcedUnwind
                0x00000000080018c8                ___Unwind_ForcedUnwind
                0x00000000080018ec                _Unwind_Backtrace
                0x00000000080018ec                ___Unwind_Backtrace
 .text          0x0000000008001910      0x374 /usr/local/Cellar/gcc-arm-none-eabi/20180627/bin/../lib/gcc/arm-none-eabi/7.3.1/thumb/v7e-m/fpv4-sp/softfp/libgcc.a(pr-support.o)
                0x0000000008001968                __gnu_unwind_execute
                0x0000000008001c2c                __gnu_unwind_frame
                0x0000000008001c54                _Unwind_GetRegionStart
                0x0000000008001c60                _Unwind_GetLanguageSpecificData
                0x0000000008001c74                _Unwind_GetDataRelBase
                0x0000000008001c7c                _Unwind_GetTextRelBase
 .text          0x0000000008001c84        0x4 /usr/local/Cellar/gcc-arm-none-eabi/20180627/bin/../lib/gcc/arm-none-eabi/7.3.1/thumb/v7e-m/fpv4-sp/softfp/libgcc.a(_dvmd_tls.o)
                0x0000000008001c84                __aeabi_ldiv0
                0x0000000008001c84                __aeabi_idiv0
 *(.text*)
 .text.HAL_RCC_GetHCLKFreq
                0x0000000008001c88        0xc build/stm32f1xx_hal_rcc.o
                0x0000000008001c88                HAL_RCC_GetHCLKFreq
 .text.HAL_RCC_GetPCLK1Freq
                0x0000000008001c94       0x20 build/stm32f1xx_hal_rcc.o
                0x0000000008001c94                HAL_RCC_GetPCLK1Freq
 .text.HAL_RCC_GetPCLK2Freq
                0x0000000008001cb4       0x20 build/stm32f1xx_hal_rcc.o
                0x0000000008001cb4                HAL_RCC_GetPCLK2Freq
 .text.TIM_OC1_SetConfig
                0x0000000008001cd4       0x68 build/stm32f1xx_hal_tim.o
 .text.TIM_OC3_SetConfig
                0x0000000008001d3c       0x70 build/stm32f1xx_hal_tim.o
 .text.TIM_OC4_SetConfig
                0x0000000008001dac       0x50 build/stm32f1xx_hal_tim.o
 .text.TIM_TI1_ConfigInputStage
                0x0000000008001dfc       0x26 build/stm32f1xx_hal_tim.o
 .text.TIM_TI2_ConfigInputStage
                0x0000000008001e22       0x28 build/stm32f1xx_hal_tim.o
 .text.TIM_ETR_SetConfig
                0x0000000008001e4a       0x18 build/stm32f1xx_hal_tim.o
 .text.TIM_SlaveTimer_SetConfig
                0x0000000008001e62       0x74 build/stm32f1xx_hal_tim.o
 .text.HAL_TIM_PWM_MspInit
                0x0000000008001ed6        0x2 build/stm32f1xx_hal_tim.o
                0x0000000008001ed6                HAL_TIM_PWM_MspInit
 .text.HAL_TIM_SlaveConfigSynchronization
                0x0000000008001ed8       0x40 build/stm32f1xx_hal_tim.o
                0x0000000008001ed8                HAL_TIM_SlaveConfigSynchronization
 .text.TIM_Base_SetConfig
                0x0000000008001f18       0x98 build/stm32f1xx_hal_tim.o
                0x0000000008001f18                TIM_Base_SetConfig
 .text.HAL_TIM_PWM_Init
                0x0000000008001fb0       0x32 build/stm32f1xx_hal_tim.o
                0x0000000008001fb0                HAL_TIM_PWM_Init
 *fill*         0x0000000008001fe2        0x2 
 .text.TIM_OC2_SetConfig
                0x0000000008001fe4       0x70 build/stm32f1xx_hal_tim.o
                0x0000000008001fe4                TIM_OC2_SetConfig
 .text.HAL_TIM_PWM_ConfigChannel
                0x0000000008002054       0xdc build/stm32f1xx_hal_tim.o
                0x0000000008002054                HAL_TIM_PWM_ConfigChannel
 .text.TIM_CCxChannelCmd
                0x0000000008002130       0x1e build/stm32f1xx_hal_tim.o
                0x0000000008002130                TIM_CCxChannelCmd
 *fill*         0x000000000800214e        0x2 
 .text.HAL_TIM_PWM_Start
                0x0000000008002150       0x38 build/stm32f1xx_hal_tim.o
                0x0000000008002150                HAL_TIM_PWM_Start
 .text.TIM_CCxNChannelCmd
                0x0000000008002188       0x1e build/stm32f1xx_hal_tim_ex.o
 .text.HAL_TIMEx_PWMN_Start
                0x00000000080021a6       0x24 build/stm32f1xx_hal_tim_ex.o
                0x00000000080021a6                HAL_TIMEx_PWMN_Start
 .text.HAL_TIMEx_ConfigBreakDeadTime
                0x00000000080021ca       0x58 build/stm32f1xx_hal_tim_ex.o
                0x00000000080021ca                HAL_TIMEx_ConfigBreakDeadTime
 .text.HAL_TIMEx_MasterConfigSynchronization
                0x0000000008002222       0x52 build/stm32f1xx_hal_tim_ex.o
                0x0000000008002222                HAL_TIMEx_MasterConfigSynchronization
 .text.HAL_ADCEx_MultiModeConfigChannel
                0x0000000008002274       0x58 build/stm32f1xx_hal_adc_ex.o
                0x0000000008002274                HAL_ADCEx_MultiModeConfigChannel
 .text.HAL_NVIC_SetPriorityGrouping
                0x00000000080022cc       0x24 build/stm32f1xx_hal_cortex.o
                0x00000000080022cc                HAL_NVIC_SetPriorityGrouping
 .text.HAL_NVIC_SetPriority
                0x00000000080022f0       0x68 build/stm32f1xx_hal_cortex.o
                0x00000000080022f0                HAL_NVIC_SetPriority
 .text.HAL_NVIC_EnableIRQ
                0x0000000008002358       0x18 build/stm32f1xx_hal_cortex.o
                0x0000000008002358                HAL_NVIC_EnableIRQ
 .text.HAL_SYSTICK_Config
                0x0000000008002370       0x2c build/stm32f1xx_hal_cortex.o
                0x0000000008002370                HAL_SYSTICK_Config
 .text.HAL_SYSTICK_CLKSourceConfig
                0x000000000800239c       0x20 build/stm32f1xx_hal_cortex.o
                0x000000000800239c                HAL_SYSTICK_CLKSourceConfig
 .text.HAL_SYSTICK_Callback
                0x00000000080023bc        0x2 build/stm32f1xx_hal_cortex.o
                0x00000000080023bc                HAL_SYSTICK_Callback
 .text.HAL_SYSTICK_IRQHandler
                0x00000000080023be        0x8 build/stm32f1xx_hal_cortex.o
                0x00000000080023be                HAL_SYSTICK_IRQHandler
 *fill*         0x00000000080023c6        0x2 
 .text.HAL_GPIO_Init
                0x00000000080023c8      0x1f0 build/stm32f1xx_hal_gpio.o
                0x00000000080023c8                HAL_GPIO_Init
 .text.HAL_GPIO_ReadPin
                0x00000000080025b8        0xe build/stm32f1xx_hal_gpio.o
                0x00000000080025b8                HAL_GPIO_ReadPin
 .text.HAL_GPIO_WritePin
                0x00000000080025c6        0xc build/stm32f1xx_hal_gpio.o
                0x00000000080025c6                HAL_GPIO_WritePin
 .text.HAL_GPIO_TogglePin
                0x00000000080025d2        0x8 build/stm32f1xx_hal_gpio.o
                0x00000000080025d2                HAL_GPIO_TogglePin
 .text.HAL_MspInit
                0x00000000080025da        0x2 build/stm32f1xx_hal.o
                0x00000000080025da                HAL_MspInit
 .text.HAL_InitTick
                0x00000000080025dc       0x2c build/stm32f1xx_hal.o
                0x00000000080025dc                HAL_InitTick
 .text.HAL_Init
                0x0000000008002608       0x24 build/stm32f1xx_hal.o
                0x0000000008002608                HAL_Init
 .text.HAL_IncTick
                0x000000000800262c       0x10 build/stm32f1xx_hal.o
                0x000000000800262c                HAL_IncTick
 .text.HAL_GetTick
                0x000000000800263c        0xc build/stm32f1xx_hal.o
                0x000000000800263c                HAL_GetTick
 .text.HAL_Delay
                0x0000000008002648       0x24 build/stm32f1xx_hal.o
                0x0000000008002648                HAL_Delay
 .text.HAL_ADC_MspInit
                0x000000000800266c        0x2 build/stm32f1xx_hal_adc.o
                0x000000000800266c                HAL_ADC_MspInit
 *fill*         0x000000000800266e        0x2 
 .text.HAL_ADC_ConfigChannel
                0x0000000008002670      0x138 build/stm32f1xx_hal_adc.o
                0x0000000008002670                HAL_ADC_ConfigChannel
 .text.ADC_Enable
                0x00000000080027a8       0x80 build/stm32f1xx_hal_adc.o
                0x00000000080027a8                ADC_Enable
 .text.HAL_ADC_Start
                0x0000000008002828       0xec build/stm32f1xx_hal_adc.o
                0x0000000008002828                HAL_ADC_Start
 .text.ADC_ConversionStop_Disable
                0x0000000008002914       0x4c build/stm32f1xx_hal_adc.o
                0x0000000008002914                ADC_ConversionStop_Disable
 .text.HAL_ADC_Init
                0x0000000008002960      0x12c build/stm32f1xx_hal_adc.o
                0x0000000008002960                HAL_ADC_Init
 .text.UART_EndRxTransfer
                0x0000000008002a8c       0x1c build/stm32f1xx_hal_uart.o
 .text.UART_Transmit_IT
                0x0000000008002aa8       0x68 build/stm32f1xx_hal_uart.o
 .text.UART_SetConfig
                0x0000000008002b10      0x1ac build/stm32f1xx_hal_uart.o
 .text.UART_WaitOnFlagUntilTimeout
                0x0000000008002cbc       0x62 build/stm32f1xx_hal_uart.o
 .text.HAL_UART_MspInit
                0x0000000008002d1e        0x2 build/stm32f1xx_hal_uart.o
                0x0000000008002d1e                HAL_UART_MspInit
 .text.HAL_UART_Init
                0x0000000008002d20       0x5e build/stm32f1xx_hal_uart.o
                0x0000000008002d20                HAL_UART_Init
 .text.HAL_UART_Transmit
                0x0000000008002d7e       0xe0 build/stm32f1xx_hal_uart.o
                0x0000000008002d7e                HAL_UART_Transmit
 .text.HAL_UART_Receive_IT
                0x0000000008002e5e       0x5c build/stm32f1xx_hal_uart.o
                0x0000000008002e5e                HAL_UART_Receive_IT
 .text.UART_EndTransmit_IT
                0x0000000008002eba       0x1a build/stm32f1xx_hal_uart.o
 .text.UART_Receive_IT
                0x0000000008002ed4       0x9c build/stm32f1xx_hal_uart.o
 .text.HAL_UART_ErrorCallback
                0x0000000008002f70        0x2 build/stm32f1xx_hal_uart.o
                0x0000000008002f70                HAL_UART_ErrorCallback
 *fill*         0x0000000008002f72        0x2 
 .text.HAL_UART_IRQHandler
                0x0000000008002f74      0x120 build/stm32f1xx_hal_uart.o
                0x0000000008002f74                HAL_UART_IRQHandler
 .text.UART_DMAAbortOnError
                0x0000000008003094       0x10 build/stm32f1xx_hal_uart.o
 .text.HAL_DMA_Abort_IT
                0x00000000080030a4      0x168 build/stm32f1xx_hal_dma.o
                0x00000000080030a4                HAL_DMA_Abort_IT
 .text.HAL_DMA_IRQHandler
                0x000000000800320c      0x2ec build/stm32f1xx_hal_dma.o
                0x000000000800320c                HAL_DMA_IRQHandler
 .text.SetSysClockTo72MHSI
                0x00000000080034f8       0xc0 build/system_at32f4xx.o
 .text.SetSysClock
                0x00000000080035b8        0x8 build/system_at32f4xx.o
 .text.SystemInit
                0x00000000080035c0       0x6c build/system_at32f4xx.o
                0x00000000080035c0                SystemInit
 .text.MX_GPIO_Init
                0x000000000800362c      0x210 build/setup.o
                0x000000000800362c                MX_GPIO_Init
 .text.Hall_Sensor_Init
                0x000000000800383c       0x24 build/setup.o
                0x000000000800383c                Hall_Sensor_Init
 .text.MX_TIM_Init
                0x0000000008003860      0x208 build/setup.o
                0x0000000008003860                MX_TIM_Init
 .text.MX_ADC1_Init
                0x0000000008003a68      0x12c build/setup.o
                0x0000000008003a68                MX_ADC1_Init
 .text.MX_ADC2_Init
                0x0000000008003b94       0xb4 build/setup.o
                0x0000000008003b94                MX_ADC2_Init
 .text.UART_Debug_Init
                0x0000000008003c48       0x9c build/setup.o
                0x0000000008003c48                UART_Debug_Init
 .text.__io_putchar
                0x0000000008003ce4       0x20 build/setup.o
                0x0000000008003ce4                __io_putchar
 .text._write   0x0000000008003d04       0x28 build/setup.o
                0x0000000008003d04                _write
 .text.UART_Control_Init
                0x0000000008003d2c       0xa8 build/setup.o
                0x0000000008003d2c                UART_Control_Init
 .text.USART2_IRQHandler
                0x0000000008003dd4       0x10 build/setup.o
                0x0000000008003dd4                USART2_IRQHandler
 .text.HAL_UART_RxCpltCallback
                0x0000000008003de4       0x38 build/setup.o
                0x0000000008003de4                HAL_UART_RxCpltCallback
 .text.HAL_UART_TxCpltCallback
                0x0000000008003e1c        0x2 build/setup.o
                0x0000000008003e1c                HAL_UART_TxCpltCallback
 *fill*         0x0000000008003e1e        0x2 
 .text.poweroff
                0x0000000008003e20       0x40 build/main.o
                0x0000000008003e20                poweroff
 .text.SystemClock_Config
                0x0000000008003e60       0x2c build/main.o
                0x0000000008003e60                SystemClock_Config
 .text.main     0x0000000008003e8c      0x13c build/main.o
                0x0000000008003e8c                main
 .text.DMA1_Channel1_IRQHandler
                0x0000000008003fc8       0xe0 build/bldc.o
                0x0000000008003fc8                DMA1_Channel1_IRQHandler
 .text.NMI_Handler
                0x00000000080040a8        0x2 build/stm32f1xx_it.o
                0x00000000080040a8                NMI_Handler
 .text.HardFault_Handler
                0x00000000080040aa        0x2 build/stm32f1xx_it.o
                0x00000000080040aa                HardFault_Handler
 .text.MemManage_Handler
                0x00000000080040ac        0x2 build/stm32f1xx_it.o
                0x00000000080040ac                MemManage_Handler
 .text.BusFault_Handler
                0x00000000080040ae        0x2 build/stm32f1xx_it.o
                0x00000000080040ae                BusFault_Handler
 .text.UsageFault_Handler
                0x00000000080040b0        0x2 build/stm32f1xx_it.o
                0x00000000080040b0                UsageFault_Handler
 .text.SVC_Handler
                0x00000000080040b2        0x2 build/stm32f1xx_it.o
                0x00000000080040b2                SVC_Handler
 .text.DebugMon_Handler
                0x00000000080040b4        0x2 build/stm32f1xx_it.o
                0x00000000080040b4                DebugMon_Handler
 .text.PendSV_Handler
                0x00000000080040b6        0x2 build/stm32f1xx_it.o
                0x00000000080040b6                PendSV_Handler
 .text.SysTick_Handler
                0x00000000080040b8        0xc build/stm32f1xx_it.o
                0x00000000080040b8                SysTick_Handler
 .text.EXTI9_5_IRQHandler
                0x00000000080040c4       0x5c build/stm32f1xx_it.o
                0x00000000080040c4                EXTI9_5_IRQHandler
 .text.EXTI15_10_IRQHandler
                0x0000000008004120       0x74 build/stm32f1xx_it.o
                0x0000000008004120                EXTI15_10_IRQHandler
 .text.DMA1_Channel6_IRQHandler
                0x0000000008004194       0x10 build/stm32f1xx_it.o
                0x0000000008004194                DMA1_Channel6_IRQHandler
 .text.DMA1_Channel7_IRQHandler
                0x00000000080041a4       0x10 build/stm32f1xx_it.o
                0x00000000080041a4                DMA1_Channel7_IRQHandler
 .text.plook_u8s32u32n31_evenc_s
                0x00000000080041b4       0x40 build/BLDC_controller.o
                0x00000000080041b4                plook_u8s32u32n31_evenc_s
 .text.intrp1d_s16s32s32u8u32n31l_s
                0x00000000080041f4       0x2a build/BLDC_controller.o
                0x00000000080041f4                intrp1d_s16s32s32u8u32n31l_s
 .text.div_nde_s32_floor
                0x000000000800421e       0x24 build/BLDC_controller.o
                0x000000000800421e                div_nde_s32_floor
 *fill*         0x0000000008004242        0x2 
 .text.BLDC_controller_step
                0x0000000008004244      0x400 build/BLDC_controller.o
                0x0000000008004244                BLDC_controller_step
 .text.BLDC_controller_initialize
                0x0000000008004644       0x1c build/BLDC_controller.o
                0x0000000008004644                BLDC_controller_initialize
 .text.motor_counter_reset
                0x0000000008004660       0x24 build/motorcontrol.o
                0x0000000008004660                motor_counter_reset
 *fill*         0x0000000008004684        0x4 
 .text.motor_counter_increment
                0x0000000008004688      0x128 build/motorcontrol.o
                0x0000000008004688                motor_counter_increment
 .text.motor_init
                0x00000000080047b0       0xb8 build/motorcontrol.o
                0x00000000080047b0                motor_init
 .text.motor_run
                0x0000000008004868      0x1d8 build/motorcontrol.o
                0x0000000008004868                motor_run
 .text._ZN3ros16normalizeSecNSecERmS0_
                0x0000000008004a40       0x2c build/time.o
                0x0000000008004a40                ros::normalizeSecNSec(unsigned long&, unsigned long&)
 .text._ZNK8std_msgs4Time9serializeEPh
                0x0000000008004a6c       0x28 build/ROS_main.o
                0x0000000008004a6c                std_msgs::Time::serialize(unsigned char*) const
 .text._ZN8std_msgs4Time11deserializeEPh
                0x0000000008004a94       0x3c build/ROS_main.o
                0x0000000008004a94                std_msgs::Time::deserialize(unsigned char*)
 .text._ZN8std_msgs4Time7getTypeEv
                0x0000000008004ad0        0x8 build/ROS_main.o
                0x0000000008004ad0                std_msgs::Time::getType()
 .text._ZN8std_msgs4Time6getMD5Ev
                0x0000000008004ad8        0x8 build/ROS_main.o
                0x0000000008004ad8                std_msgs::Time::getMD5()
 .text._ZN14rosserial_msgs9TopicInfo11deserializeEPh
                0x0000000008004ae0       0x94 build/ROS_main.o
                0x0000000008004ae0                rosserial_msgs::TopicInfo::deserialize(unsigned char*)
 .text._ZN14rosserial_msgs9TopicInfo7getTypeEv
                0x0000000008004b74        0x8 build/ROS_main.o
                0x0000000008004b74                rosserial_msgs::TopicInfo::getType()
 .text._ZN14rosserial_msgs9TopicInfo6getMD5Ev
                0x0000000008004b7c        0x8 build/ROS_main.o
                0x0000000008004b7c                rosserial_msgs::TopicInfo::getMD5()
 .text._ZN14rosserial_msgs3Log11deserializeEPh
                0x0000000008004b84       0x2c build/ROS_main.o
                0x0000000008004b84                rosserial_msgs::Log::deserialize(unsigned char*)
 .text._ZN14rosserial_msgs3Log7getTypeEv
                0x0000000008004bb0        0x8 build/ROS_main.o
                0x0000000008004bb0                rosserial_msgs::Log::getType()
 .text._ZN14rosserial_msgs3Log6getMD5Ev
                0x0000000008004bb8        0x8 build/ROS_main.o
                0x0000000008004bb8                rosserial_msgs::Log::getMD5()
 .text._ZN14rosserial_msgs20RequestParamResponse7getTypeEv
                0x0000000008004bc0        0x8 build/ROS_main.o
                0x0000000008004bc0                rosserial_msgs::RequestParamResponse::getType()
 .text._ZN14rosserial_msgs20RequestParamResponse6getMD5Ev
                0x0000000008004bc8        0x8 build/ROS_main.o
                0x0000000008004bc8                rosserial_msgs::RequestParamResponse::getMD5()
 .text._ZN8std_msgs6String11deserializeEPh
                0x0000000008004bd0       0x26 build/ROS_main.o
                0x0000000008004bd0                std_msgs::String::deserialize(unsigned char*)
 *fill*         0x0000000008004bf6        0x2 
 .text._ZN8std_msgs6String7getTypeEv
                0x0000000008004bf8        0x8 build/ROS_main.o
                0x0000000008004bf8                std_msgs::String::getType()
 .text._ZN8std_msgs6String6getMD5Ev
                0x0000000008004c00        0x8 build/ROS_main.o
                0x0000000008004c00                std_msgs::String::getMD5()
 .text._ZN8std_msgs6Header11deserializeEPh
                0x0000000008004c08       0x7c build/ROS_main.o
                0x0000000008004c08                std_msgs::Header::deserialize(unsigned char*)
 .text._ZN8std_msgs6Header7getTypeEv
                0x0000000008004c84        0x8 build/ROS_main.o
                0x0000000008004c84                std_msgs::Header::getType()
 .text._ZN8std_msgs6Header6getMD5Ev
                0x0000000008004c8c        0x8 build/ROS_main.o
                0x0000000008004c8c                std_msgs::Header::getMD5()
 .text._ZN11sensor_msgs10JointState7getTypeEv
                0x0000000008004c94        0x8 build/ROS_main.o
                0x0000000008004c94                sensor_msgs::JointState::getType()
 .text._ZN11sensor_msgs10JointState6getMD5Ev
                0x0000000008004c9c        0x8 build/ROS_main.o
                0x0000000008004c9c                sensor_msgs::JointState::getMD5()
 .text._Z41__static_initialization_and_destruction_0ii
                0x0000000008004ca4       0xac build/ROS_main.o
 .text._ZN3ros11NodeHandle_I13STM32HardwareLi5ELi5ELi512ELi512EE9connectedEv
                0x0000000008004d50        0x6 build/ROS_main.o
                0x0000000008004d50                ros::NodeHandle_<STM32Hardware, 5, 5, 512, 512>::connected()
 .text._ZN14rosserial_msgs20RequestParamResponse11deserializeEPh
                0x0000000008004d56       0xf0 build/ROS_main.o
                0x0000000008004d56                rosserial_msgs::RequestParamResponse::deserialize(unsigned char*)
 .text._ZNK8std_msgs6Header9serializeEPh
                0x0000000008004e46       0x58 build/ROS_main.o
                0x0000000008004e46                std_msgs::Header::serialize(unsigned char*) const
 .text._ZNK8std_msgs6String9serializeEPh
                0x0000000008004e9e       0x20 build/ROS_main.o
                0x0000000008004e9e                std_msgs::String::serialize(unsigned char*) const
 .text._ZNK14rosserial_msgs3Log9serializeEPh
                0x0000000008004ebe       0x24 build/ROS_main.o
                0x0000000008004ebe                rosserial_msgs::Log::serialize(unsigned char*) const
 .text._ZNK14rosserial_msgs9TopicInfo9serializeEPh
                0x0000000008004ee2       0x7a build/ROS_main.o
                0x0000000008004ee2                rosserial_msgs::TopicInfo::serialize(unsigned char*) const
 .text._ZNK14rosserial_msgs20RequestParamResponse9serializeEPh
                0x0000000008004f5c       0xcc build/ROS_main.o
                0x0000000008004f5c                rosserial_msgs::RequestParamResponse::serialize(unsigned char*) const
 .text._ZNK11sensor_msgs10JointState9serializeEPh
                0x0000000008005028      0x238 build/ROS_main.o
                0x0000000008005028                sensor_msgs::JointState::serialize(unsigned char*) const
 .text._ZN11sensor_msgs10JointState11deserializeEPh
                0x0000000008005260      0x2bc build/ROS_main.o
                0x0000000008005260                sensor_msgs::JointState::deserialize(unsigned char*)
 .text.ros_init
                0x000000000800551c      0x14c build/ROS_main.o
                0x000000000800551c                ros_init
 .text._ZN3ros11NodeHandle_I13STM32HardwareLi5ELi5ELi512ELi512EE8publish1EiPNS_3MsgE
                0x0000000008005668       0xe0 build/ROS_main.o
                0x0000000008005668                ros::NodeHandle_<STM32Hardware, 5, 5, 512, 512>::publish1(int, ros::Msg*)
 .text._ZN3ros11NodeHandle_I13STM32HardwareLi5ELi5ELi512ELi512EE7publishEiPKNS_3MsgE
                0x0000000008005748      0x184 build/ROS_main.o
                0x0000000008005748                ros::NodeHandle_<STM32Hardware, 5, 5, 512, 512>::publish(int, ros::Msg const*)
 .text.publish_hovebot_state
                0x00000000080058cc      0x1ec build/ROS_main.o
                0x00000000080058cc                publish_hovebot_state
 .text._ZN3ros11NodeHandle_I13STM32HardwareLi5ELi5ELi512ELi512EE15requestSyncTimeEv
                0x0000000008005ab8      0x178 build/ROS_main.o
                0x0000000008005ab8                ros::NodeHandle_<STM32Hardware, 5, 5, 512, 512>::requestSyncTime()
 .text.ros_run  0x0000000008005c30      0x6f8 build/ROS_main.o
                0x0000000008005c30                ros_run
 .text._ZN3ros11NodeHandle_I13STM32HardwareLi5ELi5ELi512ELi512EE8spinOnceEv
                0x0000000008006328      0x66c build/ROS_main.o
                0x0000000008006328                ros::NodeHandle_<STM32Hardware, 5, 5, 512, 512>::spinOnce()
 .text._GLOBAL__sub_I_nh
                0x0000000008006994        0xe build/ROS_main.o
 *fill*         0x00000000080069a2        0x2 
 .text._Z6led_cbPh
                0x00000000080069a4       0x20 build/ROS_subscribe.o
                0x00000000080069a4                led_cb(unsigned char*)
 .text._Z16rosSubscribeInitPN3ros11NodeHandle_I13STM32HardwareLi5ELi5ELi512ELi512EEE
                0x00000000080069c4       0x90 build/ROS_subscribe.o
                0x00000000080069c4                rosSubscribeInit(ros::NodeHandle_<STM32Hardware, 5, 5, 512, 512>*)
 .text.Reset_Handler
                0x0000000008006a54       0x44 build/startup_at32f403xe.o
                0x0000000008006a54                Reset_Handler
 .text.Default_Handler
                0x0000000008006a98        0x2 build/startup_at32f403xe.o
                0x0000000008006a98                DMA2_Channel3_IRQHandler
                0x0000000008006a98                SDIO1_IRQHandler
                0x0000000008006a98                EXTI2_IRQHandler
                0x0000000008006a98                XMC_IRQHandler
                0x0000000008006a98                SPI4_IRQHandler
                0x0000000008006a98                TMR8_TRG_HALL_TMR14_IRQHandler
                0x0000000008006a98                TMR15_CC_IRQHandler
                0x0000000008006a98                PVD_IRQHandler
                0x0000000008006a98                EXTI3_IRQHandler
                0x0000000008006a98                TMR5_GLOBAL_IRQHandler
                0x0000000008006a98                I2C3_ER_IRQHandler
                0x0000000008006a98                TMR8_OV_TMR13_IRQHandler
                0x0000000008006a98                EXTI0_IRQHandler
                0x0000000008006a98                I2C2_EV_IRQHandler
                0x0000000008006a98                TMR15_TRG_HALL_IRQHandler
                0x0000000008006a98                SDIO2_IRQHandler
                0x0000000008006a98                ADC1_2_IRQHandler
                0x0000000008006a98                SPI1_IRQHandler
                0x0000000008006a98                TAMPER_IRQHandler
                0x0000000008006a98                DMA2_Channel2_IRQHandler
                0x0000000008006a98                DMA1_Channel4_IRQHandler
                0x0000000008006a98                TMR1_OV_TMR10_IRQHandler
                0x0000000008006a98                USART3_IRQHandler
                0x0000000008006a98                RTC_IRQHandler
                0x0000000008006a98                CAN1_RX1_IRQHandler
                0x0000000008006a98                UART5_IRQHandler
                0x0000000008006a98                ADC3_IRQHandler
                0x0000000008006a98                DMA2_Channel1_IRQHandler
                0x0000000008006a98                I2C1_EV_IRQHandler
                0x0000000008006a98                UART4_IRQHandler
                0x0000000008006a98                RCC_IRQHandler
                0x0000000008006a98                Default_Handler
                0x0000000008006a98                TMR3_GLOBAL_IRQHandler
                0x0000000008006a98                TMR7_GLOBAL_IRQHandler
                0x0000000008006a98                TMR1_CC_IRQHandler
                0x0000000008006a98                TMR15_BRK_IRQHandler
                0x0000000008006a98                I2C3_EV_IRQHandler
                0x0000000008006a98                TMR1_BRK_TMR9_IRQHandler
                0x0000000008006a98                SPI2_IRQHandler
                0x0000000008006a98                TMR8_BRK_TMR12_IRQHandler
                0x0000000008006a98                TMR1_TRG_HALL_TMR11_IRQHandler
                0x0000000008006a98                TMR15_OV_IRQHandler
                0x0000000008006a98                DMA1_Channel5_IRQHandler
                0x0000000008006a98                EXTI4_IRQHandler
                0x0000000008006a98                USB_LP_CAN1_RX0_IRQHandler
                0x0000000008006a98                TMR4_GLOBAL_IRQHandler
                0x0000000008006a98                USB_HP_CAN1_TX_IRQHandler
                0x0000000008006a98                DMA1_Channel3_IRQHandler
                0x0000000008006a98                WWDG_IRQHandler
                0x0000000008006a98                TMR8_CC_IRQHandler
                0x0000000008006a98                TMR6_GLOBAL_IRQHandler
                0x0000000008006a98                EXTI1_IRQHandler
                0x0000000008006a98                RTCAlarm_IRQHandler
                0x0000000008006a98                DMA2_Channel4_5_IRQHandler
                0x0000000008006a98                I2C2_ER_IRQHandler
                0x0000000008006a98                DMA1_Channel2_IRQHandler
                0x0000000008006a98                TMR2_GLOBAL_IRQHandler
                0x0000000008006a98                CAN1_SCE_IRQHandler
                0x0000000008006a98                FLASH_IRQHandler
                0x0000000008006a98                USART1_IRQHandler
                0x0000000008006a98                SPI3_IRQHandler
                0x0000000008006a98                I2C1_ER_IRQHandler
                0x0000000008006a98                USBWakeUp_IRQHandler
                0x0000000008006a98                RTC_Alarm_IRQHandler
 .text.memcpy   0x0000000008006a9a       0x16 /usr/local/Cellar/gcc-arm-none-eabi/20180627/bin/../lib/gcc/arm-none-eabi/7.3.1/../../../../arm-none-eabi/lib/thumb/v7e-m/fpv4-sp/softfp/libc_nano.a(lib_a-memcpy-stub.o)
                0x0000000008006a9a                memcpy
 .text.memset   0x0000000008006ab0       0x10 /usr/local/Cellar/gcc-arm-none-eabi/20180627/bin/../lib/gcc/arm-none-eabi/7.3.1/../../../../arm-none-eabi/lib/thumb/v7e-m/fpv4-sp/softfp/libc_nano.a(lib_a-memset.o)
                0x0000000008006ab0                memset
 .text.printf   0x0000000008006ac0       0x30 /usr/local/Cellar/gcc-arm-none-eabi/20180627/bin/../lib/gcc/arm-none-eabi/7.3.1/../../../../arm-none-eabi/lib/thumb/v7e-m/fpv4-sp/softfp/libc_nano.a(lib_a-printf.o)
                0x0000000008006ac0                printf
                0x0000000008006ac0                iprintf
 .text._puts_r  0x0000000008006af0       0xb8 /usr/local/Cellar/gcc-arm-none-eabi/20180627/bin/../lib/gcc/arm-none-eabi/7.3.1/../../../../arm-none-eabi/lib/thumb/v7e-m/fpv4-sp/softfp/libc_nano.a(lib_a-puts.o)
                0x0000000008006af0                _puts_r
 .text.puts     0x0000000008006ba8       0x10 /usr/local/Cellar/gcc-arm-none-eabi/20180627/bin/../lib/gcc/arm-none-eabi/7.3.1/../../../../arm-none-eabi/lib/thumb/v7e-m/fpv4-sp/softfp/libc_nano.a(lib_a-puts.o)
                0x0000000008006ba8                puts
 .text.realloc  0x0000000008006bb8       0x10 /usr/local/Cellar/gcc-arm-none-eabi/20180627/bin/../lib/gcc/arm-none-eabi/7.3.1/../../../../arm-none-eabi/lib/thumb/v7e-m/fpv4-sp/softfp/libc_nano.a(lib_a-realloc.o)
                0x0000000008006bb8                realloc
 .text.sprintf  0x0000000008006bc8       0x40 /usr/local/Cellar/gcc-arm-none-eabi/20180627/bin/../lib/gcc/arm-none-eabi/7.3.1/../../../../arm-none-eabi/lib/thumb/v7e-m/fpv4-sp/softfp/libc_nano.a(lib_a-sprintf.o)
                0x0000000008006bc8                sprintf
                0x0000000008006bc8                siprintf
 .text.__swbuf_r
                0x0000000008006c08       0xa4 /usr/local/Cellar/gcc-arm-none-eabi/20180627/bin/../lib/gcc/arm-none-eabi/7.3.1/../../../../arm-none-eabi/lib/thumb/v7e-m/fpv4-sp/softfp/libc_nano.a(lib_a-wbuf.o)
                0x0000000008006c08                __swbuf_r
 .text.__swsetup_r
                0x0000000008006cac       0xdc /usr/local/Cellar/gcc-arm-none-eabi/20180627/bin/../lib/gcc/arm-none-eabi/7.3.1/../../../../arm-none-eabi/lib/thumb/v7e-m/fpv4-sp/softfp/libc_nano.a(lib_a-wsetup.o)
                0x0000000008006cac                __swsetup_r
 .text.__sflush_r
                0x0000000008006d88      0x10c /usr/local/Cellar/gcc-arm-none-eabi/20180627/bin/../lib/gcc/arm-none-eabi/7.3.1/../../../../arm-none-eabi/lib/thumb/v7e-m/fpv4-sp/softfp/libc_nano.a(lib_a-fflush.o)
                0x0000000008006d88                __sflush_r
 .text._fflush_r
                0x0000000008006e94       0x54 /usr/local/Cellar/gcc-arm-none-eabi/20180627/bin/../lib/gcc/arm-none-eabi/7.3.1/../../../../arm-none-eabi/lib/thumb/v7e-m/fpv4-sp/softfp/libc_nano.a(lib_a-fflush.o)
                0x0000000008006e94                _fflush_r
 .text.std      0x0000000008006ee8       0x48 /usr/local/Cellar/gcc-arm-none-eabi/20180627/bin/../lib/gcc/arm-none-eabi/7.3.1/../../../../arm-none-eabi/lib/thumb/v7e-m/fpv4-sp/softfp/libc_nano.a(lib_a-findfp.o)
 .text._cleanup_r
                0x0000000008006f30        0xc /usr/local/Cellar/gcc-arm-none-eabi/20180627/bin/../lib/gcc/arm-none-eabi/7.3.1/../../../../arm-none-eabi/lib/thumb/v7e-m/fpv4-sp/softfp/libc_nano.a(lib_a-findfp.o)
                0x0000000008006f30                _cleanup_r
 .text.__sfmoreglue
                0x0000000008006f3c       0x2c /usr/local/Cellar/gcc-arm-none-eabi/20180627/bin/../lib/gcc/arm-none-eabi/7.3.1/../../../../arm-none-eabi/lib/thumb/v7e-m/fpv4-sp/softfp/libc_nano.a(lib_a-findfp.o)
                0x0000000008006f3c                __sfmoreglue
 .text.__sinit  0x0000000008006f68       0x60 /usr/local/Cellar/gcc-arm-none-eabi/20180627/bin/../lib/gcc/arm-none-eabi/7.3.1/../../../../arm-none-eabi/lib/thumb/v7e-m/fpv4-sp/softfp/libc_nano.a(lib_a-findfp.o)
                0x0000000008006f68                __sinit
 .text.__sfp    0x0000000008006fc8       0x78 /usr/local/Cellar/gcc-arm-none-eabi/20180627/bin/../lib/gcc/arm-none-eabi/7.3.1/../../../../arm-none-eabi/lib/thumb/v7e-m/fpv4-sp/softfp/libc_nano.a(lib_a-findfp.o)
                0x0000000008006fc8                __sfp
 .text._fwalk_reent
                0x0000000008007040       0x3c /usr/local/Cellar/gcc-arm-none-eabi/20180627/bin/../lib/gcc/arm-none-eabi/7.3.1/../../../../arm-none-eabi/lib/thumb/v7e-m/fpv4-sp/softfp/libc_nano.a(lib_a-fwalk.o)
                0x0000000008007040                _fwalk_reent
 .text.__swhatbuf_r
                0x000000000800707c       0x48 /usr/local/Cellar/gcc-arm-none-eabi/20180627/bin/../lib/gcc/arm-none-eabi/7.3.1/../../../../arm-none-eabi/lib/thumb/v7e-m/fpv4-sp/softfp/libc_nano.a(lib_a-makebuf.o)
                0x000000000800707c                __swhatbuf_r
 .text.__smakebuf_r
                0x00000000080070c4       0x80 /usr/local/Cellar/gcc-arm-none-eabi/20180627/bin/../lib/gcc/arm-none-eabi/7.3.1/../../../../arm-none-eabi/lib/thumb/v7e-m/fpv4-sp/softfp/libc_nano.a(lib_a-makebuf.o)
                0x00000000080070c4                __smakebuf_r
 .text._free_r  0x0000000008007144       0x9c /usr/local/Cellar/gcc-arm-none-eabi/20180627/bin/../lib/gcc/arm-none-eabi/7.3.1/../../../../arm-none-eabi/lib/thumb/v7e-m/fpv4-sp/softfp/libc_nano.a(lib_a-nano-freer.o)
                0x0000000008007144                _free_r
 .text._malloc_r
                0x00000000080071e0       0xb4 /usr/local/Cellar/gcc-arm-none-eabi/20180627/bin/../lib/gcc/arm-none-eabi/7.3.1/../../../../arm-none-eabi/lib/thumb/v7e-m/fpv4-sp/softfp/libc_nano.a(lib_a-nano-mallocr.o)
                0x00000000080071e0                _malloc_r
 .text._realloc_r
                0x0000000008007294       0x4c /usr/local/Cellar/gcc-arm-none-eabi/20180627/bin/../lib/gcc/arm-none-eabi/7.3.1/../../../../arm-none-eabi/lib/thumb/v7e-m/fpv4-sp/softfp/libc_nano.a(lib_a-nano-reallocr.o)
                0x0000000008007294                _realloc_r
 .text.__ssputs_r
                0x00000000080072e0       0xb4 /usr/local/Cellar/gcc-arm-none-eabi/20180627/bin/../lib/gcc/arm-none-eabi/7.3.1/../../../../arm-none-eabi/lib/thumb/v7e-m/fpv4-sp/softfp/libc_nano.a(lib_a-nano-svfprintf.o)
                0x00000000080072e0                __ssputs_r
 .text._svfprintf_r
                0x0000000008007394      0x1f0 /usr/local/Cellar/gcc-arm-none-eabi/20180627/bin/../lib/gcc/arm-none-eabi/7.3.1/../../../../arm-none-eabi/lib/thumb/v7e-m/fpv4-sp/softfp/libc_nano.a(lib_a-nano-svfprintf.o)
                0x0000000008007394                _svfprintf_r
                0x0000000008007394                _svfiprintf_r
 .text.__sfputc_r
                0x0000000008007584       0x2e /usr/local/Cellar/gcc-arm-none-eabi/20180627/bin/../lib/gcc/arm-none-eabi/7.3.1/../../../../arm-none-eabi/lib/thumb/v7e-m/fpv4-sp/softfp/libc_nano.a(lib_a-nano-vfprintf.o)
 .text.__sfputs_r
                0x00000000080075b2       0x24 /usr/local/Cellar/gcc-arm-none-eabi/20180627/bin/../lib/gcc/arm-none-eabi/7.3.1/../../../../arm-none-eabi/lib/thumb/v7e-m/fpv4-sp/softfp/libc_nano.a(lib_a-nano-vfprintf.o)
                0x00000000080075b2                __sfputs_r
 *fill*         0x00000000080075d6        0x2 
 .text._vfprintf_r
                0x00000000080075d8      0x22c /usr/local/Cellar/gcc-arm-none-eabi/20180627/bin/../lib/gcc/arm-none-eabi/7.3.1/../../../../arm-none-eabi/lib/thumb/v7e-m/fpv4-sp/softfp/libc_nano.a(lib_a-nano-vfprintf.o)
                0x00000000080075d8                _vfiprintf_r
                0x00000000080075d8                _vfprintf_r
 .text._printf_common
                0x0000000008007804       0xea /usr/local/Cellar/gcc-arm-none-eabi/20180627/bin/../lib/gcc/arm-none-eabi/7.3.1/../../../../arm-none-eabi/lib/thumb/v7e-m/fpv4-sp/softfp/libc_nano.a(lib_a-nano-vfprintf_i.o)
                0x0000000008007804                _printf_common
 *fill*         0x00000000080078ee        0x2 
 .text._printf_i
                0x00000000080078f0      0x224 /usr/local/Cellar/gcc-arm-none-eabi/20180627/bin/../lib/gcc/arm-none-eabi/7.3.1/../../../../arm-none-eabi/lib/thumb/v7e-m/fpv4-sp/softfp/libc_nano.a(lib_a-nano-vfprintf_i.o)
                0x00000000080078f0                _printf_i
 .text._sbrk_r  0x0000000008007b14       0x20 /usr/local/Cellar/gcc-arm-none-eabi/20180627/bin/../lib/gcc/arm-none-eabi/7.3.1/../../../../arm-none-eabi/lib/thumb/v7e-m/fpv4-sp/softfp/libc_nano.a(lib_a-sbrkr.o)
                0x0000000008007b14                _sbrk_r
 .text.__sread  0x0000000008007b34       0x22 /usr/local/Cellar/gcc-arm-none-eabi/20180627/bin/../lib/gcc/arm-none-eabi/7.3.1/../../../../arm-none-eabi/lib/thumb/v7e-m/fpv4-sp/softfp/libc_nano.a(lib_a-stdio.o)
                0x0000000008007b34                __sread
 .text.__swrite
                0x0000000008007b56       0x38 /usr/local/Cellar/gcc-arm-none-eabi/20180627/bin/../lib/gcc/arm-none-eabi/7.3.1/../../../../arm-none-eabi/lib/thumb/v7e-m/fpv4-sp/softfp/libc_nano.a(lib_a-stdio.o)
                0x0000000008007b56                __swrite
 .text.__sseek  0x0000000008007b8e       0x24 /usr/local/Cellar/gcc-arm-none-eabi/20180627/bin/../lib/gcc/arm-none-eabi/7.3.1/../../../../arm-none-eabi/lib/thumb/v7e-m/fpv4-sp/softfp/libc_nano.a(lib_a-stdio.o)
                0x0000000008007b8e                __sseek
 .text.__sclose
                0x0000000008007bb2        0x8 /usr/local/Cellar/gcc-arm-none-eabi/20180627/bin/../lib/gcc/arm-none-eabi/7.3.1/../../../../arm-none-eabi/lib/thumb/v7e-m/fpv4-sp/softfp/libc_nano.a(lib_a-stdio.o)
                0x0000000008007bb2                __sclose
 *fill*         0x0000000008007bba        0x2 
 .text._write_r
                0x0000000008007bbc       0x24 /usr/local/Cellar/gcc-arm-none-eabi/20180627/bin/../lib/gcc/arm-none-eabi/7.3.1/../../../../arm-none-eabi/lib/thumb/v7e-m/fpv4-sp/softfp/libc_nano.a(lib_a-writer.o)
                0x0000000008007bbc                _write_r
 .text._close_r
                0x0000000008007be0       0x20 /usr/local/Cellar/gcc-arm-none-eabi/20180627/bin/../lib/gcc/arm-none-eabi/7.3.1/../../../../arm-none-eabi/lib/thumb/v7e-m/fpv4-sp/softfp/libc_nano.a(lib_a-closer.o)
                0x0000000008007be0                _close_r
 .text._fstat_r
                0x0000000008007c00       0x24 /usr/local/Cellar/gcc-arm-none-eabi/20180627/bin/../lib/gcc/arm-none-eabi/7.3.1/../../../../arm-none-eabi/lib/thumb/v7e-m/fpv4-sp/softfp/libc_nano.a(lib_a-fstatr.o)
                0x0000000008007c00                _fstat_r
 .text._isatty_r
                0x0000000008007c24       0x20 /usr/local/Cellar/gcc-arm-none-eabi/20180627/bin/../lib/gcc/arm-none-eabi/7.3.1/../../../../arm-none-eabi/lib/thumb/v7e-m/fpv4-sp/softfp/libc_nano.a(lib_a-isattyr.o)
                0x0000000008007c24                _isatty_r
 .text._lseek_r
                0x0000000008007c44       0x24 /usr/local/Cellar/gcc-arm-none-eabi/20180627/bin/../lib/gcc/arm-none-eabi/7.3.1/../../../../arm-none-eabi/lib/thumb/v7e-m/fpv4-sp/softfp/libc_nano.a(lib_a-lseekr.o)
                0x0000000008007c44                _lseek_r
 .text.memmove  0x0000000008007c68       0x32 /usr/local/Cellar/gcc-arm-none-eabi/20180627/bin/../lib/gcc/arm-none-eabi/7.3.1/../../../../arm-none-eabi/lib/thumb/v7e-m/fpv4-sp/softfp/libc_nano.a(lib_a-memmove.o)
                0x0000000008007c68                memmove
 .text.__malloc_lock
                0x0000000008007c9a        0x2 /usr/local/Cellar/gcc-arm-none-eabi/20180627/bin/../lib/gcc/arm-none-eabi/7.3.1/../../../../arm-none-eabi/lib/thumb/v7e-m/fpv4-sp/softfp/libc_nano.a(lib_a-mlock.o)
                0x0000000008007c9a                __malloc_lock
 .text.__malloc_unlock
                0x0000000008007c9c        0x2 /usr/local/Cellar/gcc-arm-none-eabi/20180627/bin/../lib/gcc/arm-none-eabi/7.3.1/../../../../arm-none-eabi/lib/thumb/v7e-m/fpv4-sp/softfp/libc_nano.a(lib_a-mlock.o)
                0x0000000008007c9c                __malloc_unlock
 .text._malloc_usable_size_r
                0x0000000008007c9e       0x10 /usr/local/Cellar/gcc-arm-none-eabi/20180627/bin/../lib/gcc/arm-none-eabi/7.3.1/../../../../arm-none-eabi/lib/thumb/v7e-m/fpv4-sp/softfp/libc_nano.a(lib_a-nano-msizer.o)
                0x0000000008007c9e                _malloc_usable_size_r
 *fill*         0x0000000008007cae        0x2 
 .text._read_r  0x0000000008007cb0       0x24 /usr/local/Cellar/gcc-arm-none-eabi/20180627/bin/../lib/gcc/arm-none-eabi/7.3.1/../../../../arm-none-eabi/lib/thumb/v7e-m/fpv4-sp/softfp/libc_nano.a(lib_a-readr.o)
                0x0000000008007cb0                _read_r
 .text._close   0x0000000008007cd4       0x10 /usr/local/Cellar/gcc-arm-none-eabi/20180627/bin/../lib/gcc/arm-none-eabi/7.3.1/../../../../arm-none-eabi/lib/thumb/v7e-m/fpv4-sp/softfp/libnosys.a(close.o)
                0x0000000008007cd4                _close
 .text._fstat   0x0000000008007ce4       0x10 /usr/local/Cellar/gcc-arm-none-eabi/20180627/bin/../lib/gcc/arm-none-eabi/7.3.1/../../../../arm-none-eabi/lib/thumb/v7e-m/fpv4-sp/softfp/libnosys.a(fstat.o)
                0x0000000008007ce4                _fstat
 .text._isatty  0x0000000008007cf4       0x10 /usr/local/Cellar/gcc-arm-none-eabi/20180627/bin/../lib/gcc/arm-none-eabi/7.3.1/../../../../arm-none-eabi/lib/thumb/v7e-m/fpv4-sp/softfp/libnosys.a(isatty.o)
                0x0000000008007cf4                _isatty
 .text._lseek   0x0000000008007d04       0x10 /usr/local/Cellar/gcc-arm-none-eabi/20180627/bin/../lib/gcc/arm-none-eabi/7.3.1/../../../../arm-none-eabi/lib/thumb/v7e-m/fpv4-sp/softfp/libnosys.a(lseek.o)
                0x0000000008007d04                _lseek
 .text._read    0x0000000008007d14       0x10 /usr/local/Cellar/gcc-arm-none-eabi/20180627/bin/../lib/gcc/arm-none-eabi/7.3.1/../../../../arm-none-eabi/lib/thumb/v7e-m/fpv4-sp/softfp/libnosys.a(read.o)
                0x0000000008007d14                _read
 .text._sbrk    0x0000000008007d24       0x1c /usr/local/Cellar/gcc-arm-none-eabi/20180627/bin/../lib/gcc/arm-none-eabi/7.3.1/../../../../arm-none-eabi/lib/thumb/v7e-m/fpv4-sp/softfp/libnosys.a(sbrk.o)
                0x0000000008007d24                _sbrk
 .text._exit    0x0000000008007d40        0x4 /usr/local/Cellar/gcc-arm-none-eabi/20180627/bin/../lib/gcc/arm-none-eabi/7.3.1/../../../../arm-none-eabi/lib/thumb/v7e-m/fpv4-sp/softfp/libnosys.a(_exit.o)
                0x0000000008007d40                _exit
 .text.abort    0x0000000008007d44        0xe /usr/local/Cellar/gcc-arm-none-eabi/20180627/bin/../lib/gcc/arm-none-eabi/7.3.1/../../../../arm-none-eabi/lib/thumb/v7e-m/fpv4-sp/softfp/libc_nano.a(lib_a-abort.o)
                0x0000000008007d44                abort
 .text._raise_r
                0x0000000008007d52       0x50 /usr/local/Cellar/gcc-arm-none-eabi/20180627/bin/../lib/gcc/arm-none-eabi/7.3.1/../../../../arm-none-eabi/lib/thumb/v7e-m/fpv4-sp/softfp/libc_nano.a(lib_a-signal.o)
                0x0000000008007d52                _raise_r
 *fill*         0x0000000008007da2        0x2 
 .text.raise    0x0000000008007da4       0x10 /usr/local/Cellar/gcc-arm-none-eabi/20180627/bin/../lib/gcc/arm-none-eabi/7.3.1/../../../../arm-none-eabi/lib/thumb/v7e-m/fpv4-sp/softfp/libc_nano.a(lib_a-signal.o)
                0x0000000008007da4                raise
 .text._kill_r  0x0000000008007db4       0x24 /usr/local/Cellar/gcc-arm-none-eabi/20180627/bin/../lib/gcc/arm-none-eabi/7.3.1/../../../../arm-none-eabi/lib/thumb/v7e-m/fpv4-sp/softfp/libc_nano.a(lib_a-signalr.o)
                0x0000000008007db4                _kill_r
 .text._getpid_r
                0x0000000008007dd8        0x4 /usr/local/Cellar/gcc-arm-none-eabi/20180627/bin/../lib/gcc/arm-none-eabi/7.3.1/../../../../arm-none-eabi/lib/thumb/v7e-m/fpv4-sp/softfp/libc_nano.a(lib_a-signalr.o)
                0x0000000008007dd8                _getpid_r
 .text._getpid  0x0000000008007ddc       0x10 /usr/local/Cellar/gcc-arm-none-eabi/20180627/bin/../lib/gcc/arm-none-eabi/7.3.1/../../../../arm-none-eabi/lib/thumb/v7e-m/fpv4-sp/softfp/libnosys.a(getpid.o)
                0x0000000008007ddc                _getpid
 .text._kill    0x0000000008007dec       0x10 /usr/local/Cellar/gcc-arm-none-eabi/20180627/bin/../lib/gcc/arm-none-eabi/7.3.1/../../../../arm-none-eabi/lib/thumb/v7e-m/fpv4-sp/softfp/libnosys.a(kill.o)
                0x0000000008007dec                _kill
 *(.rodata)
 *(.rodata*)
 .rodata.rtConstP
                0x0000000008007dfc      0x212 build/BLDC_controller_data.o
                0x0000000008007dfc                rtConstP
 *fill*         0x000000000800800e        0x2 
 .rodata._ZTVN8std_msgs4TimeE
                0x0000000008008010       0x18 build/ROS_main.o
                0x0000000008008010                vtable for std_msgs::Time
 .rodata._ZTVN14rosserial_msgs9TopicInfoE
                0x0000000008008028       0x18 build/ROS_main.o
                0x0000000008008028                vtable for rosserial_msgs::TopicInfo
 .rodata._ZTVN14rosserial_msgs3LogE
                0x0000000008008040       0x18 build/ROS_main.o
                0x0000000008008040                vtable for rosserial_msgs::Log
 .rodata._ZTVN14rosserial_msgs20RequestParamResponseE
                0x0000000008008058       0x18 build/ROS_main.o
                0x0000000008008058                vtable for rosserial_msgs::RequestParamResponse
 .rodata._ZTVN8std_msgs6StringE
                0x0000000008008070       0x18 build/ROS_main.o
                0x0000000008008070                vtable for std_msgs::String
 .rodata._ZTVN8std_msgs6HeaderE
                0x0000000008008088       0x18 build/ROS_main.o
                0x0000000008008088                vtable for std_msgs::Header
 .rodata._ZTVN11sensor_msgs10JointStateE
                0x00000000080080a0       0x18 build/ROS_main.o
                0x00000000080080a0                vtable for sensor_msgs::JointState
 .rodata._ZTVN3ros11NodeHandle_I13STM32HardwareLi5ELi5ELi512ELi512EEE
                0x00000000080080b8       0x14 build/ROS_main.o
                0x00000000080080b8                vtable for ros::NodeHandle_<STM32Hardware, 5, 5, 512, 512>
 .rodata._ZN11sensor_msgs10JointState6getMD5Ev.str1.4
                0x00000000080080cc       0x21 build/ROS_main.o
 *fill*         0x00000000080080ed        0x3 
 .rodata._ZN11sensor_msgs10JointState7getTypeEv.str1.4
                0x00000000080080f0       0x17 build/ROS_main.o
 *fill*         0x0000000008008107        0x1 
 .rodata._ZN14rosserial_msgs20RequestParamResponse6getMD5Ev.str1.4
                0x0000000008008108       0x21 build/ROS_main.o
 *fill*         0x0000000008008129        0x3 
 .rodata._ZN14rosserial_msgs3Log6getMD5Ev.str1.4
                0x000000000800812c       0x21 build/ROS_main.o
 *fill*         0x000000000800814d        0x3 
 .rodata._ZN14rosserial_msgs3Log7getTypeEv.str1.4
                0x0000000008008150       0x13 build/ROS_main.o
 *fill*         0x0000000008008163        0x1 
 .rodata._ZN14rosserial_msgs9TopicInfo6getMD5Ev.str1.4
                0x0000000008008164       0x21 build/ROS_main.o
 *fill*         0x0000000008008185        0x3 
 .rodata._ZN14rosserial_msgs9TopicInfo7getTypeEv.str1.4
                0x0000000008008188       0x19 build/ROS_main.o
 *fill*         0x00000000080081a1        0x3 
 .rodata._ZN14rosserial_msgsL12REQUESTPARAME
                0x00000000080081a4       0x1c build/ROS_main.o
 .rodata._ZN3ros11NodeHandle_I13STM32HardwareLi5ELi5ELi512ELi512EE8publish1EiPNS_3MsgE.str1.4
                0x00000000080081c0       0x4d build/ROS_main.o
 *fill*         0x000000000800820d        0x3 
 .rodata._ZN8std_msgs4Time6getMD5Ev.str1.4
                0x0000000008008210       0x21 build/ROS_main.o
 *fill*         0x0000000008008231        0x3 
 .rodata._ZN8std_msgs4Time7getTypeEv.str1.4
                0x0000000008008234        0xe build/ROS_main.o
 *fill*         0x0000000008008242        0x2 
 .rodata._ZN8std_msgs6Header6getMD5Ev.str1.4
                0x0000000008008244       0x21 build/ROS_main.o
 *fill*         0x0000000008008265        0x3 
 .rodata._ZN8std_msgs6Header7getTypeEv.str1.4
                0x0000000008008268       0x10 build/ROS_main.o
 .rodata._ZN8std_msgs6String6getMD5Ev.str1.4
                0x0000000008008278       0x21 build/ROS_main.o
 *fill*         0x0000000008008299        0x3 
 .rodata._ZN8std_msgs6String7getTypeEv.str1.4
                0x000000000800829c       0x10 build/ROS_main.o
 .rodata.publish_hovebot_state.str1.4
                0x00000000080082ac       0x19 build/ROS_main.o
 *fill*         0x00000000080082c5        0x3 
 .rodata.ros_init.str1.4
                0x00000000080082c8       0x24 build/ROS_main.o
 .rodata.ros_run.str1.4
                0x00000000080082ec       0x36 build/ROS_main.o
 *fill*         0x0000000008008322        0x2 
 .rodata._Z16rosSubscribeInitPN3ros11NodeHandle_I13STM32HardwareLi5ELi5ELi512ELi512EEE.str1.4
                0x0000000008008324       0x52 build/ROS_subscribe.o
 *fill*         0x0000000008008376        0x2 
 .rodata._Z6led_cbPh.str1.4
                0x0000000008008378       0x14 build/ROS_subscribe.o
                                         0x13 (size before relaxing)
 .rodata._global_impure_ptr
                0x000000000800838c        0x4 /usr/local/Cellar/gcc-arm-none-eabi/20180627/bin/../lib/gcc/arm-none-eabi/7.3.1/../../../../arm-none-eabi/lib/thumb/v7e-m/fpv4-sp/softfp/libc_nano.a(lib_a-impure.o)
                0x000000000800838c                _global_impure_ptr
 .rodata.__sf_fake_stderr
                0x0000000008008390       0x20 /usr/local/Cellar/gcc-arm-none-eabi/20180627/bin/../lib/gcc/arm-none-eabi/7.3.1/../../../../arm-none-eabi/lib/thumb/v7e-m/fpv4-sp/softfp/libc_nano.a(lib_a-findfp.o)
                0x0000000008008390                __sf_fake_stderr
 .rodata.__sf_fake_stdin
                0x00000000080083b0       0x20 /usr/local/Cellar/gcc-arm-none-eabi/20180627/bin/../lib/gcc/arm-none-eabi/7.3.1/../../../../arm-none-eabi/lib/thumb/v7e-m/fpv4-sp/softfp/libc_nano.a(lib_a-findfp.o)
                0x00000000080083b0                __sf_fake_stdin
 .rodata.__sf_fake_stdout
                0x00000000080083d0       0x20 /usr/local/Cellar/gcc-arm-none-eabi/20180627/bin/../lib/gcc/arm-none-eabi/7.3.1/../../../../arm-none-eabi/lib/thumb/v7e-m/fpv4-sp/softfp/libc_nano.a(lib_a-findfp.o)
                0x00000000080083d0                __sf_fake_stdout
 .rodata._svfprintf_r.str1.1
                0x00000000080083f0       0x11 /usr/local/Cellar/gcc-arm-none-eabi/20180627/bin/../lib/gcc/arm-none-eabi/7.3.1/../../../../arm-none-eabi/lib/thumb/v7e-m/fpv4-sp/softfp/libc_nano.a(lib_a-nano-svfprintf.o)
 .rodata._vfprintf_r.str1.1
                0x0000000008008401       0x11 /usr/local/Cellar/gcc-arm-none-eabi/20180627/bin/../lib/gcc/arm-none-eabi/7.3.1/../../../../arm-none-eabi/lib/thumb/v7e-m/fpv4-sp/softfp/libc_nano.a(lib_a-nano-vfprintf.o)
 .rodata._printf_i.str1.1
                0x0000000008008401       0x22 /usr/local/Cellar/gcc-arm-none-eabi/20180627/bin/../lib/gcc/arm-none-eabi/7.3.1/../../../../arm-none-eabi/lib/thumb/v7e-m/fpv4-sp/softfp/libc_nano.a(lib_a-nano-vfprintf_i.o)
 *(.glue_7)
 .glue_7        0x0000000008008423        0x0 linker stubs
 *(.glue_7t)
 .glue_7t       0x0000000008008423        0x0 linker stubs
 *(.eh_frame)
 *fill*         0x0000000008008423        0x1 
 .eh_frame      0x0000000008008424        0x0 /usr/local/Cellar/gcc-arm-none-eabi/20180627/bin/../lib/gcc/arm-none-eabi/7.3.1/thumb/v7e-m/fpv4-sp/softfp/crtbegin.o
 *(.init)
 .init          0x0000000008008424        0x4 /usr/local/Cellar/gcc-arm-none-eabi/20180627/bin/../lib/gcc/arm-none-eabi/7.3.1/thumb/v7e-m/fpv4-sp/softfp/crti.o
                0x0000000008008424                _init
 .init          0x0000000008008428        0x8 /usr/local/Cellar/gcc-arm-none-eabi/20180627/bin/../lib/gcc/arm-none-eabi/7.3.1/thumb/v7e-m/fpv4-sp/softfp/crtn.o
 *(.fini)
 .fini          0x0000000008008430        0x4 /usr/local/Cellar/gcc-arm-none-eabi/20180627/bin/../lib/gcc/arm-none-eabi/7.3.1/thumb/v7e-m/fpv4-sp/softfp/crti.o
                0x0000000008008430                _fini
 .fini          0x0000000008008434        0x8 /usr/local/Cellar/gcc-arm-none-eabi/20180627/bin/../lib/gcc/arm-none-eabi/7.3.1/thumb/v7e-m/fpv4-sp/softfp/crtn.o
                0x000000000800843c                . = ALIGN (0x4)
                0x000000000800843c                _etext = .

.vfp11_veneer   0x000000000800843c        0x0
 .vfp11_veneer  0x000000000800843c        0x0 linker stubs

.v4_bx          0x000000000800843c        0x0
 .v4_bx         0x000000000800843c        0x0 linker stubs

.iplt           0x000000000800843c        0x0
 .iplt          0x000000000800843c        0x0 /usr/local/Cellar/gcc-arm-none-eabi/20180627/bin/../lib/gcc/arm-none-eabi/7.3.1/thumb/v7e-m/fpv4-sp/softfp/crtbegin.o

.ARM.extab      0x000000000800843c       0x24
 *(.ARM.extab* .gnu.linkonce.armextab.*)
 .ARM.extab.text._ZNK8std_msgs4Time9serializeEPh
                0x000000000800843c        0x0 build/ROS_main.o
 .ARM.extab.text._ZN8std_msgs4Time11deserializeEPh
                0x000000000800843c        0x0 build/ROS_main.o
 .ARM.extab.text._ZN8std_msgs4Time7getTypeEv
                0x000000000800843c        0x0 build/ROS_main.o
 .ARM.extab.text._ZN8std_msgs4Time6getMD5Ev
                0x000000000800843c        0x0 build/ROS_main.o
 .ARM.extab.text._ZN14rosserial_msgs9TopicInfo11deserializeEPh
                0x000000000800843c        0x0 build/ROS_main.o
 .ARM.extab.text._ZN14rosserial_msgs9TopicInfo7getTypeEv
                0x000000000800843c        0x0 build/ROS_main.o
 .ARM.extab.text._ZN14rosserial_msgs9TopicInfo6getMD5Ev
                0x000000000800843c        0x0 build/ROS_main.o
 .ARM.extab.text._ZN14rosserial_msgs3Log11deserializeEPh
                0x000000000800843c        0x0 build/ROS_main.o
 .ARM.extab.text._ZN14rosserial_msgs3Log7getTypeEv
                0x000000000800843c        0x0 build/ROS_main.o
 .ARM.extab.text._ZN14rosserial_msgs3Log6getMD5Ev
                0x000000000800843c        0x0 build/ROS_main.o
 .ARM.extab.text._ZN14rosserial_msgs20RequestParamResponse7getTypeEv
                0x000000000800843c        0x0 build/ROS_main.o
 .ARM.extab.text._ZN14rosserial_msgs20RequestParamResponse6getMD5Ev
                0x000000000800843c        0x0 build/ROS_main.o
 .ARM.extab.text._ZN8std_msgs6String11deserializeEPh
                0x000000000800843c        0x0 build/ROS_main.o
 .ARM.extab.text._ZN8std_msgs6String7getTypeEv
                0x000000000800843c        0x0 build/ROS_main.o
 .ARM.extab.text._ZN8std_msgs6String6getMD5Ev
                0x000000000800843c        0x0 build/ROS_main.o
 .ARM.extab.text._ZN8std_msgs6Header11deserializeEPh
                0x000000000800843c        0x0 build/ROS_main.o
 .ARM.extab.text._ZN8std_msgs6Header7getTypeEv
                0x000000000800843c        0x0 build/ROS_main.o
 .ARM.extab.text._ZN8std_msgs6Header6getMD5Ev
                0x000000000800843c        0x0 build/ROS_main.o
 .ARM.extab.text._ZN11sensor_msgs10JointState7getTypeEv
                0x000000000800843c        0x0 build/ROS_main.o
 .ARM.extab.text._ZN11sensor_msgs10JointState6getMD5Ev
                0x000000000800843c        0x0 build/ROS_main.o
 .ARM.extab.text._ZN3ros11NodeHandle_I13STM32HardwareLi5ELi5ELi512ELi512EE9connectedEv
                0x000000000800843c        0x0 build/ROS_main.o
 .ARM.extab.text._ZN14rosserial_msgs20RequestParamResponse11deserializeEPh
                0x000000000800843c        0x0 build/ROS_main.o
 .ARM.extab.text._ZNK8std_msgs6Header9serializeEPh
                0x000000000800843c        0x0 build/ROS_main.o
 .ARM.extab.text._ZNK8std_msgs6String9serializeEPh
                0x000000000800843c        0x0 build/ROS_main.o
 .ARM.extab.text._ZNK14rosserial_msgs3Log9serializeEPh
                0x000000000800843c        0x0 build/ROS_main.o
 .ARM.extab.text._ZNK14rosserial_msgs9TopicInfo9serializeEPh
                0x000000000800843c        0x0 build/ROS_main.o
 .ARM.extab.text._ZNK14rosserial_msgs20RequestParamResponse9serializeEPh
                0x000000000800843c        0x0 build/ROS_main.o
 .ARM.extab.text._ZNK11sensor_msgs10JointState9serializeEPh
                0x000000000800843c        0x0 build/ROS_main.o
 .ARM.extab.text._ZN11sensor_msgs10JointState11deserializeEPh
                0x000000000800843c        0x0 build/ROS_main.o
 .ARM.extab.text._ZN3ros11NodeHandle_I13STM32HardwareLi5ELi5ELi512ELi512EE8publish1EiPNS_3MsgE
                0x000000000800843c        0x0 build/ROS_main.o
 .ARM.extab.text._ZN3ros11NodeHandle_I13STM32HardwareLi5ELi5ELi512ELi512EE7publishEiPKNS_3MsgE
                0x000000000800843c        0x0 build/ROS_main.o
 .ARM.extab.text._ZN3ros11NodeHandle_I13STM32HardwareLi5ELi5ELi512ELi512EE15requestSyncTimeEv
                0x000000000800843c        0x0 build/ROS_main.o
 .ARM.extab.text._ZN3ros11NodeHandle_I13STM32HardwareLi5ELi5ELi512ELi512EE8spinOnceEv
                0x000000000800843c        0x0 build/ROS_main.o
 .ARM.extab.text._Z6led_cbPh
                0x000000000800843c        0xc build/ROS_subscribe.o
 .ARM.extab     0x0000000008008448       0x18 /usr/local/Cellar/gcc-arm-none-eabi/20180627/bin/../lib/gcc/arm-none-eabi/7.3.1/thumb/v7e-m/fpv4-sp/softfp/libgcc.a(pr-support.o)

.ARM            0x0000000008008460      0x110
                0x0000000008008460                __exidx_start = .
 *(.ARM.exidx*)
 .ARM.exidx.text._ZN3ros16normalizeSecNSecERmS0_
                0x0000000008008518        0x0 build/time.o
                                          0x8 (size before relaxing)
 .ARM.exidx.text._ZNK8std_msgs4Time9serializeEPh
                0x0000000008008518        0x0 build/ROS_main.o
                                          0x8 (size before relaxing)
 .ARM.exidx.text._ZN8std_msgs4Time11deserializeEPh
                0x0000000008008518        0x0 build/ROS_main.o
                                          0x8 (size before relaxing)
 .ARM.exidx.text._ZN8std_msgs4Time7getTypeEv
                0x0000000008008518        0x0 build/ROS_main.o
                                          0x8 (size before relaxing)
 .ARM.exidx.text._ZN8std_msgs4Time6getMD5Ev
                0x0000000008008518        0x0 build/ROS_main.o
                                          0x8 (size before relaxing)
 .ARM.exidx.text._ZN14rosserial_msgs9TopicInfo11deserializeEPh
                0x0000000008008518        0x0 build/ROS_main.o
                                          0x8 (size before relaxing)
 .ARM.exidx.text._ZN14rosserial_msgs9TopicInfo7getTypeEv
                0x0000000008008518        0x0 build/ROS_main.o
                                          0x8 (size before relaxing)
 .ARM.exidx.text._ZN14rosserial_msgs9TopicInfo6getMD5Ev
                0x0000000008008518        0x0 build/ROS_main.o
                                          0x8 (size before relaxing)
 .ARM.exidx.text._ZN14rosserial_msgs3Log11deserializeEPh
                0x0000000008008518        0x0 build/ROS_main.o
                                          0x8 (size before relaxing)
 .ARM.exidx.text._ZN14rosserial_msgs3Log7getTypeEv
                0x0000000008008518        0x0 build/ROS_main.o
                                          0x8 (size before relaxing)
 .ARM.exidx.text._ZN14rosserial_msgs3Log6getMD5Ev
                0x0000000008008518        0x0 build/ROS_main.o
                                          0x8 (size before relaxing)
 .ARM.exidx.text._ZN14rosserial_msgs20RequestParamResponse7getTypeEv
                0x0000000008008518        0x0 build/ROS_main.o
                                          0x8 (size before relaxing)
 .ARM.exidx.text._ZN14rosserial_msgs20RequestParamResponse6getMD5Ev
                0x0000000008008518        0x0 build/ROS_main.o
                                          0x8 (size before relaxing)
 .ARM.exidx.text._ZN8std_msgs6String11deserializeEPh
                0x0000000008008518        0x0 build/ROS_main.o
                                          0x8 (size before relaxing)
 .ARM.exidx.text._ZN8std_msgs6String7getTypeEv
                0x0000000008008518        0x0 build/ROS_main.o
                                          0x8 (size before relaxing)
 .ARM.exidx.text._ZN8std_msgs6String6getMD5Ev
                0x0000000008008518        0x0 build/ROS_main.o
                                          0x8 (size before relaxing)
 .ARM.exidx.text._ZN8std_msgs6Header11deserializeEPh
                0x0000000008008518        0x0 build/ROS_main.o
                                          0x8 (size before relaxing)
 .ARM.exidx.text._ZN8std_msgs6Header7getTypeEv
                0x0000000008008518        0x0 build/ROS_main.o
                                          0x8 (size before relaxing)
 .ARM.exidx.text._ZN8std_msgs6Header6getMD5Ev
                0x0000000008008518        0x0 build/ROS_main.o
                                          0x8 (size before relaxing)
 .ARM.exidx.text._ZN11sensor_msgs10JointState7getTypeEv
                0x0000000008008518        0x0 build/ROS_main.o
                                          0x8 (size before relaxing)
 .ARM.exidx.text._ZN11sensor_msgs10JointState6getMD5Ev
                0x0000000008008518        0x0 build/ROS_main.o
                                          0x8 (size before relaxing)
 .ARM.exidx.text._Z41__static_initialization_and_destruction_0ii
                0x0000000008008518        0x0 build/ROS_main.o
                                          0x8 (size before relaxing)
 .ARM.exidx.text._ZN3ros11NodeHandle_I13STM32HardwareLi5ELi5ELi512ELi512EE9connectedEv
                0x0000000008008518        0x0 build/ROS_main.o
                                          0x8 (size before relaxing)
 .ARM.exidx.text._ZN14rosserial_msgs20RequestParamResponse11deserializeEPh
                0x0000000008008518        0x0 build/ROS_main.o
                                          0x8 (size before relaxing)
 .ARM.exidx.text._ZNK8std_msgs6Header9serializeEPh
                0x0000000008008518        0x0 build/ROS_main.o
                                          0x8 (size before relaxing)
 .ARM.exidx.text._ZNK8std_msgs6String9serializeEPh
                0x0000000008008518        0x0 build/ROS_main.o
                                          0x8 (size before relaxing)
 .ARM.exidx.text._ZNK14rosserial_msgs3Log9serializeEPh
                0x0000000008008518        0x0 build/ROS_main.o
                                          0x8 (size before relaxing)
 .ARM.exidx.text._ZNK14rosserial_msgs9TopicInfo9serializeEPh
                0x0000000008008518        0x0 build/ROS_main.o
                                          0x8 (size before relaxing)
 .ARM.exidx.text._ZNK14rosserial_msgs20RequestParamResponse9serializeEPh
                0x0000000008008518        0x0 build/ROS_main.o
                                          0x8 (size before relaxing)
 .ARM.exidx.text._ZNK11sensor_msgs10JointState9serializeEPh
                0x0000000008008518        0x0 build/ROS_main.o
                                          0x8 (size before relaxing)
 .ARM.exidx.text._ZN11sensor_msgs10JointState11deserializeEPh
                0x0000000008008518        0x0 build/ROS_main.o
                                          0x8 (size before relaxing)
 .ARM.exidx.text.ros_init
                0x0000000008008518        0x8 build/ROS_main.o
 .ARM.exidx.text._ZN3ros11NodeHandle_I13STM32HardwareLi5ELi5ELi512ELi512EE8publish1EiPNS_3MsgE
                0x0000000008008520        0x8 build/ROS_main.o
 .ARM.exidx.text._ZN3ros11NodeHandle_I13STM32HardwareLi5ELi5ELi512ELi512EE7publishEiPKNS_3MsgE
                0x0000000008008528        0x8 build/ROS_main.o
 .ARM.exidx.text.publish_hovebot_state
                0x0000000008008530        0x8 build/ROS_main.o
 .ARM.exidx.text._ZN3ros11NodeHandle_I13STM32HardwareLi5ELi5ELi512ELi512EE15requestSyncTimeEv
                0x0000000008008538        0x8 build/ROS_main.o
 .ARM.exidx.text.ros_run
                0x0000000008008540        0x8 build/ROS_main.o
 .ARM.exidx.text._ZN3ros11NodeHandle_I13STM32HardwareLi5ELi5ELi512ELi512EE8spinOnceEv
                0x0000000008008548        0x8 build/ROS_main.o
 .ARM.exidx.text._GLOBAL__sub_I_nh
                0x0000000008008550        0x8 build/ROS_main.o
 .ARM.exidx.text._Z6led_cbPh
                0x0000000008008558        0x8 build/ROS_subscribe.o
 .ARM.exidx.text._Z16rosSubscribeInitPN3ros11NodeHandle_I13STM32HardwareLi5ELi5ELi512ELi512EEE
                0x0000000008008560       0x10 build/ROS_subscribe.o
                                          0x8 (size before relaxing)
 .ARM.exidx     0x0000000008008460        0x8 /usr/local/Cellar/gcc-arm-none-eabi/20180627/bin/../lib/gcc/arm-none-eabi/7.3.1/thumb/v7e-m/fpv4-sp/softfp/libgcc.a(_udivmoddi4.o)
 .ARM.exidx     0x0000000008008468       0x78 /usr/local/Cellar/gcc-arm-none-eabi/20180627/bin/../lib/gcc/arm-none-eabi/7.3.1/thumb/v7e-m/fpv4-sp/softfp/libgcc.a(unwind-arm.o)
                                         0xd8 (size before relaxing)
 .ARM.exidx     0x00000000080084e0       0x38 /usr/local/Cellar/gcc-arm-none-eabi/20180627/bin/../lib/gcc/arm-none-eabi/7.3.1/thumb/v7e-m/fpv4-sp/softfp/libgcc.a(pr-support.o)
                                         0x48 (size before relaxing)
                0x0000000008008570                __exidx_end = .

.rel.dyn        0x0000000008008570        0x0
 .rel.iplt      0x0000000008008570        0x0 /usr/local/Cellar/gcc-arm-none-eabi/20180627/bin/../lib/gcc/arm-none-eabi/7.3.1/thumb/v7e-m/fpv4-sp/softfp/crtbegin.o

.preinit_array  0x0000000008008570        0x0
                0x0000000008008570                PROVIDE (__preinit_array_start = .)
 *(.preinit_array*)
                0x0000000008008570                PROVIDE (__preinit_array_end = .)

.init_array     0x0000000008008570        0x8
                0x0000000008008570                PROVIDE (__init_array_start = .)
 *(SORT_BY_NAME(.init_array.*))
 *(.init_array*)
 .init_array    0x0000000008008570        0x4 /usr/local/Cellar/gcc-arm-none-eabi/20180627/bin/../lib/gcc/arm-none-eabi/7.3.1/thumb/v7e-m/fpv4-sp/softfp/crtbegin.o
 .init_array    0x0000000008008574        0x4 build/ROS_main.o
                0x0000000008008578                PROVIDE (__init_array_end = .)

.fini_array     0x0000000008008578        0x4
                [!provide]                        PROVIDE (__fini_array_start = .)
 *(.fini_array*)
 .fini_array    0x0000000008008578        0x4 /usr/local/Cellar/gcc-arm-none-eabi/20180627/bin/../lib/gcc/arm-none-eabi/7.3.1/thumb/v7e-m/fpv4-sp/softfp/crtbegin.o
 *(SORT_BY_NAME(.fini_array.*))
                [!provide]                        PROVIDE (__fini_array_end = .)
                0x000000000800857c                _sidata = .

.data           0x0000000020000000       0xdc load address 0x000000000800857c
                0x0000000020000000                . = ALIGN (0x4)
                0x0000000020000000                _sdata = .
 *(.data)
 *(.data*)
 .data.APBPrescTable
                0x0000000020000000        0x8 build/system_at32f4xx.o
                0x0000000020000000                APBPrescTable
 .data.SystemCoreClock
                0x0000000020000008        0x4 build/system_at32f4xx.o
                0x0000000020000008                SystemCoreClock
 .data.batteryVoltage
                0x000000002000000c        0x4 build/bldc.o
                0x000000002000000c                batteryVoltage
 .data.rtP      0x0000000020000010       0x64 build/BLDC_controller_data.o
                0x0000000020000010                rtP
 .data._ZL8ledState
                0x0000000020000074        0x2 build/ROS_subscribe.o
 *fill*         0x0000000020000076        0x2 
 .data._impure_ptr
                0x0000000020000078        0x4 /usr/local/Cellar/gcc-arm-none-eabi/20180627/bin/../lib/gcc/arm-none-eabi/7.3.1/../../../../arm-none-eabi/lib/thumb/v7e-m/fpv4-sp/softfp/libc_nano.a(lib_a-impure.o)
                0x0000000020000078                _impure_ptr
 .data.impure_data
                0x000000002000007c       0x60 /usr/local/Cellar/gcc-arm-none-eabi/20180627/bin/../lib/gcc/arm-none-eabi/7.3.1/../../../../arm-none-eabi/lib/thumb/v7e-m/fpv4-sp/softfp/libc_nano.a(lib_a-impure.o)
                0x00000000200000dc                . = ALIGN (0x4)
                0x00000000200000dc                _edata = .

.igot.plt       0x00000000200000dc        0x0 load address 0x0000000008008658
 .igot.plt      0x00000000200000dc        0x0 /usr/local/Cellar/gcc-arm-none-eabi/20180627/bin/../lib/gcc/arm-none-eabi/7.3.1/thumb/v7e-m/fpv4-sp/softfp/crtbegin.o
                0x00000000200000dc                . = ALIGN (0x4)

.bss            0x00000000200000dc      0xb94 load address 0x0000000008008658
                0x00000000200000dc                _sbss = .
                0x00000000200000dc                __bss_start__ = _sbss
 *(.bss)
 .bss           0x00000000200000dc       0x1c /usr/local/Cellar/gcc-arm-none-eabi/20180627/bin/../lib/gcc/arm-none-eabi/7.3.1/thumb/v7e-m/fpv4-sp/softfp/crtbegin.o
 *(.bss*)
 .bss.g_RxRead  0x00000000200000f8        0x1 build/setup.o
                0x00000000200000f8                g_RxRead
 .bss.g_RxWritten
                0x00000000200000f9        0x1 build/setup.o
                0x00000000200000f9                g_RxWritten
 .bss.speed     0x00000000200000fa        0x2 build/main.o
                0x00000000200000fa                speed
 .bss.OverrunFlag.9205
                0x00000000200000fc        0x1 build/bldc.o
 .bss.buzzerFreq
                0x00000000200000fd        0x1 build/bldc.o
                0x00000000200000fd                buzzerFreq
 .bss.buzzerPattern
                0x00000000200000fe        0x1 build/bldc.o
                0x00000000200000fe                buzzerPattern
 *fill*         0x00000000200000ff        0x1 
 .bss.buzzerTimer
                0x0000000020000100        0x4 build/bldc.o
 .bss.pwml      0x0000000020000104        0x4 build/motorcontrol.o
                0x0000000020000104                pwml
 .bss.pwmr      0x0000000020000108        0x4 build/motorcontrol.o
                0x0000000020000108                pwmr
 .bss._ZZN3ros11NodeHandle_I13STM32HardwareLi5ELi5ELi512ELi512EE9spinOnce1EvE10s_CallBack
                0x000000002000010c        0x4 build/ROS_main.o
                0x000000002000010c                ros::NodeHandle_<STM32Hardware, 5, 5, 512, 512>::spinOnce1()::s_CallBack
 .bss.chatter   0x0000000020000110        0x4 build/ROS_main.o
                0x0000000020000110                chatter
 .bss.hovebotState
                0x0000000020000114        0x4 build/ROS_main.o
                0x0000000020000114                hovebotState
 .bss.nh        0x0000000020000118      0x558 build/ROS_main.o
                0x0000000020000118                nh
 .bss.__malloc_free_list
                0x0000000020000670        0x4 /usr/local/Cellar/gcc-arm-none-eabi/20180627/bin/../lib/gcc/arm-none-eabi/7.3.1/../../../../arm-none-eabi/lib/thumb/v7e-m/fpv4-sp/softfp/libc_nano.a(lib_a-nano-mallocr.o)
                0x0000000020000670                __malloc_free_list
 .bss.__malloc_sbrk_start
                0x0000000020000674        0x4 /usr/local/Cellar/gcc-arm-none-eabi/20180627/bin/../lib/gcc/arm-none-eabi/7.3.1/../../../../arm-none-eabi/lib/thumb/v7e-m/fpv4-sp/softfp/libc_nano.a(lib_a-nano-mallocr.o)
                0x0000000020000674                __malloc_sbrk_start
 .bss.heap_end.5377
                0x0000000020000678        0x4 /usr/local/Cellar/gcc-arm-none-eabi/20180627/bin/../lib/gcc/arm-none-eabi/7.3.1/../../../../arm-none-eabi/lib/thumb/v7e-m/fpv4-sp/softfp/libnosys.a(sbrk.o)
 *(COMMON)
 COMMON         0x000000002000067c        0x4 build/stm32f1xx_hal.o
                0x000000002000067c                uwTick
 COMMON         0x0000000020000680      0x4dc build/setup.o
                0x0000000020000680                hdma_usart2_rx
                0x00000000200006c4                huart3
                0x0000000020000704                hadc2
                0x0000000020000734                hi2c2
                0x0000000020000788                htim_right
                0x00000000200007c8                hdma_i2c2_rx
                0x000000002000080c                hdma_i2c2_tx
                0x0000000020000850                hadc1
                0x0000000020000880                hdma_usart2_tx
                0x00000000200008c4                g_RxBuf
                0x0000000020000ac4                byte
                0x0000000020000ac8                adc_buffer
                0x0000000020000adc                huart2
                0x0000000020000b1c                htim_left
 COMMON         0x0000000020000b5c      0x110 build/motorcontrol.o
                0x0000000020000b5c                hall_pin_order
                0x0000000020000b78                rtY_Right
                0x0000000020000b8c                rtDW_Left
                0x0000000020000bb0                rtY_Left
                0x0000000020000bc4                wheel_posn
                0x0000000020000c14                rtU_Right
                0x0000000020000c1c                rtDW_Right
                0x0000000020000c40                rtU_Left
                0x0000000020000c48                rtM_Right_
                0x0000000020000c58                pwm_res
                0x0000000020000c5c                rtM_Left_
 COMMON         0x0000000020000c6c        0x4 /usr/local/Cellar/gcc-arm-none-eabi/20180627/bin/../lib/gcc/arm-none-eabi/7.3.1/../../../../arm-none-eabi/lib/thumb/v7e-m/fpv4-sp/softfp/libc_nano.a(lib_a-reent.o)
                0x0000000020000c6c                errno
                0x0000000020000c70                . = ALIGN (0x4)
                0x0000000020000c70                _ebss = .
                0x0000000020000c70                __bss_end__ = _ebss

._user_heap_stack
                0x0000000020000c70      0x400 load address 0x00000000080091ec
                0x0000000020000c70                . = ALIGN (0x4)
                0x0000000020000c70                PROVIDE (end = .)
                [!provide]                        PROVIDE (_end = .)
                0x0000000020000c70                . = (. + _Min_Heap_Size)
                0x0000000020001070                . = (. + _Min_Stack_Size)
 *fill*         0x0000000020000c70      0x400 
                0x0000000020001070                . = ALIGN (0x4)

/DISCARD/
 libc.a(*)
 libm.a(*)
 libgcc.a(*)

.ARM.attributes
                0x0000000000000000       0x2e
 *(.ARM.attributes)
 .ARM.attributes
                0x0000000000000000       0x22 /usr/local/Cellar/gcc-arm-none-eabi/20180627/bin/../lib/gcc/arm-none-eabi/7.3.1/thumb/v7e-m/fpv4-sp/softfp/crti.o
 .ARM.attributes
                0x0000000000000022       0x32 /usr/local/Cellar/gcc-arm-none-eabi/20180627/bin/../lib/gcc/arm-none-eabi/7.3.1/thumb/v7e-m/fpv4-sp/softfp/crtbegin.o
 .ARM.attributes
                0x0000000000000054       0x37 build/stm32f1xx_hal_rcc.o
 .ARM.attributes
                0x000000000000008b       0x37 build/stm32f1xx_hal_tim.o
 .ARM.attributes
                0x00000000000000c2       0x37 build/stm32f1xx_hal_tim_ex.o
 .ARM.attributes
                0x00000000000000f9       0x37 build/stm32f1xx_hal_adc_ex.o
 .ARM.attributes
                0x0000000000000130       0x37 build/stm32f1xx_hal_cortex.o
 .ARM.attributes
                0x0000000000000167       0x37 build/stm32f1xx_hal_gpio.o
 .ARM.attributes
                0x000000000000019e       0x37 build/stm32f1xx_hal.o
 .ARM.attributes
                0x00000000000001d5       0x37 build/stm32f1xx_hal_adc.o
 .ARM.attributes
                0x000000000000020c       0x37 build/stm32f1xx_hal_uart.o
 .ARM.attributes
                0x0000000000000243       0x37 build/stm32f1xx_hal_dma.o
 .ARM.attributes
                0x000000000000027a       0x37 build/system_at32f4xx.o
 .ARM.attributes
                0x00000000000002b1       0x37 build/setup.o
 .ARM.attributes
                0x00000000000002e8       0x37 build/main.o
 .ARM.attributes
                0x000000000000031f       0x37 build/bldc.o
 .ARM.attributes
                0x0000000000000356       0x37 build/stm32f1xx_it.o
 .ARM.attributes
                0x000000000000038d       0x37 build/BLDC_controller_data.o
 .ARM.attributes
                0x00000000000003c4       0x37 build/BLDC_controller.o
 .ARM.attributes
                0x00000000000003fb       0x37 build/motorcontrol.o
 .ARM.attributes
                0x0000000000000432       0x37 build/time.o
 .ARM.attributes
                0x0000000000000469       0x37 build/ROS_main.o
 .ARM.attributes
                0x00000000000004a0       0x37 build/ROS_subscribe.o
 .ARM.attributes
                0x00000000000004d7       0x25 build/startup_at32f403xe.o
 .ARM.attributes
                0x00000000000004fc       0x32 /usr/local/Cellar/gcc-arm-none-eabi/20180627/bin/../lib/gcc/arm-none-eabi/7.3.1/../../../../arm-none-eabi/lib/thumb/v7e-m/fpv4-sp/softfp/libc_nano.a(lib_a-impure.o)
 .ARM.attributes
                0x000000000000052e       0x32 /usr/local/Cellar/gcc-arm-none-eabi/20180627/bin/../lib/gcc/arm-none-eabi/7.3.1/../../../../arm-none-eabi/lib/thumb/v7e-m/fpv4-sp/softfp/libc_nano.a(lib_a-memcpy-stub.o)
 .ARM.attributes
                0x0000000000000560       0x32 /usr/local/Cellar/gcc-arm-none-eabi/20180627/bin/../lib/gcc/arm-none-eabi/7.3.1/../../../../arm-none-eabi/lib/thumb/v7e-m/fpv4-sp/softfp/libc_nano.a(lib_a-memset.o)
 .ARM.attributes
                0x0000000000000592       0x32 /usr/local/Cellar/gcc-arm-none-eabi/20180627/bin/../lib/gcc/arm-none-eabi/7.3.1/../../../../arm-none-eabi/lib/thumb/v7e-m/fpv4-sp/softfp/libc_nano.a(lib_a-printf.o)
 .ARM.attributes
                0x00000000000005c4       0x32 /usr/local/Cellar/gcc-arm-none-eabi/20180627/bin/../lib/gcc/arm-none-eabi/7.3.1/../../../../arm-none-eabi/lib/thumb/v7e-m/fpv4-sp/softfp/libc_nano.a(lib_a-puts.o)
 .ARM.attributes
                0x00000000000005f6       0x32 /usr/local/Cellar/gcc-arm-none-eabi/20180627/bin/../lib/gcc/arm-none-eabi/7.3.1/../../../../arm-none-eabi/lib/thumb/v7e-m/fpv4-sp/softfp/libc_nano.a(lib_a-realloc.o)
 .ARM.attributes
                0x0000000000000628       0x32 /usr/local/Cellar/gcc-arm-none-eabi/20180627/bin/../lib/gcc/arm-none-eabi/7.3.1/../../../../arm-none-eabi/lib/thumb/v7e-m/fpv4-sp/softfp/libc_nano.a(lib_a-sprintf.o)
 .ARM.attributes
                0x000000000000065a       0x1b /usr/local/Cellar/gcc-arm-none-eabi/20180627/bin/../lib/gcc/arm-none-eabi/7.3.1/../../../../arm-none-eabi/lib/thumb/v7e-m/fpv4-sp/softfp/libc_nano.a(lib_a-strlen.o)
 .ARM.attributes
                0x0000000000000675       0x32 /usr/local/Cellar/gcc-arm-none-eabi/20180627/bin/../lib/gcc/arm-none-eabi/7.3.1/../../../../arm-none-eabi/lib/thumb/v7e-m/fpv4-sp/softfp/libc_nano.a(lib_a-wbuf.o)
 .ARM.attributes
                0x00000000000006a7       0x32 /usr/local/Cellar/gcc-arm-none-eabi/20180627/bin/../lib/gcc/arm-none-eabi/7.3.1/../../../../arm-none-eabi/lib/thumb/v7e-m/fpv4-sp/softfp/libc_nano.a(lib_a-wsetup.o)
 .ARM.attributes
                0x00000000000006d9       0x32 /usr/local/Cellar/gcc-arm-none-eabi/20180627/bin/../lib/gcc/arm-none-eabi/7.3.1/../../../../arm-none-eabi/lib/thumb/v7e-m/fpv4-sp/softfp/libc_nano.a(lib_a-fflush.o)
 .ARM.attributes
                0x000000000000070b       0x32 /usr/local/Cellar/gcc-arm-none-eabi/20180627/bin/../lib/gcc/arm-none-eabi/7.3.1/../../../../arm-none-eabi/lib/thumb/v7e-m/fpv4-sp/softfp/libc_nano.a(lib_a-findfp.o)
 .ARM.attributes
                0x000000000000073d       0x32 /usr/local/Cellar/gcc-arm-none-eabi/20180627/bin/../lib/gcc/arm-none-eabi/7.3.1/../../../../arm-none-eabi/lib/thumb/v7e-m/fpv4-sp/softfp/libc_nano.a(lib_a-fwalk.o)
 .ARM.attributes
                0x000000000000076f       0x32 /usr/local/Cellar/gcc-arm-none-eabi/20180627/bin/../lib/gcc/arm-none-eabi/7.3.1/../../../../arm-none-eabi/lib/thumb/v7e-m/fpv4-sp/softfp/libc_nano.a(lib_a-makebuf.o)
 .ARM.attributes
                0x00000000000007a1       0x32 /usr/local/Cellar/gcc-arm-none-eabi/20180627/bin/../lib/gcc/arm-none-eabi/7.3.1/../../../../arm-none-eabi/lib/thumb/v7e-m/fpv4-sp/softfp/libc_nano.a(lib_a-nano-freer.o)
 .ARM.attributes
                0x00000000000007d3       0x32 /usr/local/Cellar/gcc-arm-none-eabi/20180627/bin/../lib/gcc/arm-none-eabi/7.3.1/../../../../arm-none-eabi/lib/thumb/v7e-m/fpv4-sp/softfp/libc_nano.a(lib_a-nano-mallocr.o)
 .ARM.attributes
                0x0000000000000805       0x32 /usr/local/Cellar/gcc-arm-none-eabi/20180627/bin/../lib/gcc/arm-none-eabi/7.3.1/../../../../arm-none-eabi/lib/thumb/v7e-m/fpv4-sp/softfp/libc_nano.a(lib_a-nano-reallocr.o)
 .ARM.attributes
                0x0000000000000837       0x32 /usr/local/Cellar/gcc-arm-none-eabi/20180627/bin/../lib/gcc/arm-none-eabi/7.3.1/../../../../arm-none-eabi/lib/thumb/v7e-m/fpv4-sp/softfp/libc_nano.a(lib_a-nano-svfprintf.o)
 .ARM.attributes
                0x0000000000000869       0x32 /usr/local/Cellar/gcc-arm-none-eabi/20180627/bin/../lib/gcc/arm-none-eabi/7.3.1/../../../../arm-none-eabi/lib/thumb/v7e-m/fpv4-sp/softfp/libc_nano.a(lib_a-nano-vfprintf.o)
 .ARM.attributes
                0x000000000000089b       0x32 /usr/local/Cellar/gcc-arm-none-eabi/20180627/bin/../lib/gcc/arm-none-eabi/7.3.1/../../../../arm-none-eabi/lib/thumb/v7e-m/fpv4-sp/softfp/libc_nano.a(lib_a-nano-vfprintf_i.o)
 .ARM.attributes
                0x00000000000008cd       0x32 /usr/local/Cellar/gcc-arm-none-eabi/20180627/bin/../lib/gcc/arm-none-eabi/7.3.1/../../../../arm-none-eabi/lib/thumb/v7e-m/fpv4-sp/softfp/libc_nano.a(lib_a-sbrkr.o)
 .ARM.attributes
                0x00000000000008ff       0x32 /usr/local/Cellar/gcc-arm-none-eabi/20180627/bin/../lib/gcc/arm-none-eabi/7.3.1/../../../../arm-none-eabi/lib/thumb/v7e-m/fpv4-sp/softfp/libc_nano.a(lib_a-stdio.o)
 .ARM.attributes
                0x0000000000000931       0x32 /usr/local/Cellar/gcc-arm-none-eabi/20180627/bin/../lib/gcc/arm-none-eabi/7.3.1/../../../../arm-none-eabi/lib/thumb/v7e-m/fpv4-sp/softfp/libc_nano.a(lib_a-writer.o)
 .ARM.attributes
                0x0000000000000963       0x32 /usr/local/Cellar/gcc-arm-none-eabi/20180627/bin/../lib/gcc/arm-none-eabi/7.3.1/../../../../arm-none-eabi/lib/thumb/v7e-m/fpv4-sp/softfp/libc_nano.a(lib_a-closer.o)
 .ARM.attributes
                0x0000000000000995       0x32 /usr/local/Cellar/gcc-arm-none-eabi/20180627/bin/../lib/gcc/arm-none-eabi/7.3.1/../../../../arm-none-eabi/lib/thumb/v7e-m/fpv4-sp/softfp/libc_nano.a(lib_a-fstatr.o)
 .ARM.attributes