Archive member included to satisfy reference by file (symbol)

/usr/local/Cellar/gcc-arm-none-eabi/20180627/bin/../lib/gcc/arm-none-eabi/7.3.1/../../../../arm-none-eabi/lib/thumb/v7e-m/fpv4-sp/softfp/libc_nano.a(lib_a-exit.o)
                              /usr/local/Cellar/gcc-arm-none-eabi/20180627/bin/../lib/gcc/arm-none-eabi/7.3.1/../../../../arm-none-eabi/lib/thumb/v7e-m/fpv4-sp/softfp/crt0.o (exit)
/usr/local/Cellar/gcc-arm-none-eabi/20180627/bin/../lib/gcc/arm-none-eabi/7.3.1/../../../../arm-none-eabi/lib/thumb/v7e-m/fpv4-sp/softfp/libc_nano.a(lib_a-impure.o)
                              /usr/local/Cellar/gcc-arm-none-eabi/20180627/bin/../lib/gcc/arm-none-eabi/7.3.1/../../../../arm-none-eabi/lib/thumb/v7e-m/fpv4-sp/softfp/libc_nano.a(lib_a-exit.o) (_global_impure_ptr)
/usr/local/Cellar/gcc-arm-none-eabi/20180627/bin/../lib/gcc/arm-none-eabi/7.3.1/../../../../arm-none-eabi/lib/thumb/v7e-m/fpv4-sp/softfp/libc_nano.a(lib_a-init.o)
                              /usr/local/Cellar/gcc-arm-none-eabi/20180627/bin/../lib/gcc/arm-none-eabi/7.3.1/../../../../arm-none-eabi/lib/thumb/v7e-m/fpv4-sp/softfp/crt0.o (__libc_init_array)
/usr/local/Cellar/gcc-arm-none-eabi/20180627/bin/../lib/gcc/arm-none-eabi/7.3.1/../../../../arm-none-eabi/lib/thumb/v7e-m/fpv4-sp/softfp/libc_nano.a(lib_a-memset.o)
                              /usr/local/Cellar/gcc-arm-none-eabi/20180627/bin/../lib/gcc/arm-none-eabi/7.3.1/../../../../arm-none-eabi/lib/thumb/v7e-m/fpv4-sp/softfp/crt0.o (memset)
/usr/local/Cellar/gcc-arm-none-eabi/20180627/bin/../lib/gcc/arm-none-eabi/7.3.1/../../../../arm-none-eabi/lib/thumb/v7e-m/fpv4-sp/softfp/libc_nano.a(lib_a-sprintf.o)
                              build/comms.o (sprintf)
/usr/local/Cellar/gcc-arm-none-eabi/20180627/bin/../lib/gcc/arm-none-eabi/7.3.1/../../../../arm-none-eabi/lib/thumb/v7e-m/fpv4-sp/softfp/libc_nano.a(lib_a-strlen.o)
                              build/comms.o (strlen)
/usr/local/Cellar/gcc-arm-none-eabi/20180627/bin/../lib/gcc/arm-none-eabi/7.3.1/../../../../arm-none-eabi/lib/thumb/v7e-m/fpv4-sp/softfp/libc_nano.a(lib_a-nano-svfprintf.o)
                              /usr/local/Cellar/gcc-arm-none-eabi/20180627/bin/../lib/gcc/arm-none-eabi/7.3.1/../../../../arm-none-eabi/lib/thumb/v7e-m/fpv4-sp/softfp/libc_nano.a(lib_a-sprintf.o) (_svfprintf_r)
/usr/local/Cellar/gcc-arm-none-eabi/20180627/bin/../lib/gcc/arm-none-eabi/7.3.1/../../../../arm-none-eabi/lib/thumb/v7e-m/fpv4-sp/softfp/libc_nano.a(lib_a-nano-vfprintf_i.o)
                              /usr/local/Cellar/gcc-arm-none-eabi/20180627/bin/../lib/gcc/arm-none-eabi/7.3.1/../../../../arm-none-eabi/lib/thumb/v7e-m/fpv4-sp/softfp/libc_nano.a(lib_a-nano-svfprintf.o) (_printf_i)
/usr/local/Cellar/gcc-arm-none-eabi/20180627/bin/../lib/gcc/arm-none-eabi/7.3.1/../../../../arm-none-eabi/lib/thumb/v7e-m/fpv4-sp/softfp/libc_nano.a(lib_a-memchr.o)
                              /usr/local/Cellar/gcc-arm-none-eabi/20180627/bin/../lib/gcc/arm-none-eabi/7.3.1/../../../../arm-none-eabi/lib/thumb/v7e-m/fpv4-sp/softfp/libc_nano.a(lib_a-nano-svfprintf.o) (memchr)
/usr/local/Cellar/gcc-arm-none-eabi/20180627/bin/../lib/gcc/arm-none-eabi/7.3.1/../../../../arm-none-eabi/lib/thumb/v7e-m/fpv4-sp/softfp/libc_nano.a(lib_a-memcpy-stub.o)
                              /usr/local/Cellar/gcc-arm-none-eabi/20180627/bin/../lib/gcc/arm-none-eabi/7.3.1/../../../../arm-none-eabi/lib/thumb/v7e-m/fpv4-sp/softfp/libc_nano.a(lib_a-nano-svfprintf.o) (memcpy)
/usr/local/Cellar/gcc-arm-none-eabi/20180627/bin/../lib/gcc/arm-none-eabi/7.3.1/../../../../arm-none-eabi/lib/thumb/v7e-m/fpv4-sp/softfp/libc_nano.a(lib_a-memmove.o)
                              /usr/local/Cellar/gcc-arm-none-eabi/20180627/bin/../lib/gcc/arm-none-eabi/7.3.1/../../../../arm-none-eabi/lib/thumb/v7e-m/fpv4-sp/softfp/libc_nano.a(lib_a-nano-svfprintf.o) (memmove)
/usr/local/Cellar/gcc-arm-none-eabi/20180627/bin/../lib/gcc/arm-none-eabi/7.3.1/../../../../arm-none-eabi/lib/thumb/v7e-m/fpv4-sp/softfp/libc_nano.a(lib_a-nano-freer.o)
                              /usr/local/Cellar/gcc-arm-none-eabi/20180627/bin/../lib/gcc/arm-none-eabi/7.3.1/../../../../arm-none-eabi/lib/thumb/v7e-m/fpv4-sp/softfp/libc_nano.a(lib_a-nano-svfprintf.o) (_free_r)
/usr/local/Cellar/gcc-arm-none-eabi/20180627/bin/../lib/gcc/arm-none-eabi/7.3.1/../../../../arm-none-eabi/lib/thumb/v7e-m/fpv4-sp/softfp/libc_nano.a(lib_a-nano-mallocr.o)
                              /usr/local/Cellar/gcc-arm-none-eabi/20180627/bin/../lib/gcc/arm-none-eabi/7.3.1/../../../../arm-none-eabi/lib/thumb/v7e-m/fpv4-sp/softfp/libc_nano.a(lib_a-nano-svfprintf.o) (_malloc_r)
/usr/local/Cellar/gcc-arm-none-eabi/20180627/bin/../lib/gcc/arm-none-eabi/7.3.1/../../../../arm-none-eabi/lib/thumb/v7e-m/fpv4-sp/softfp/libc_nano.a(lib_a-nano-reallocr.o)
                              /usr/local/Cellar/gcc-arm-none-eabi/20180627/bin/../lib/gcc/arm-none-eabi/7.3.1/../../../../arm-none-eabi/lib/thumb/v7e-m/fpv4-sp/softfp/libc_nano.a(lib_a-nano-svfprintf.o) (_realloc_r)
[...]
Memory Configuration

Name             Origin             Length             Attributes
FLASH            0x0000000008000000 0x0000000000040000 xr
RAM              0x0000000020000000 0x0000000000010000 xrw
*default*        0x0000000000000000 0xffffffffffffffff

Linker script and memory map

LOAD /usr/local/Cellar/gcc-arm-none-eabi/20180627/bin/../lib/gcc/arm-none-eabi/7.3.1/thumb/v7e-m/fpv4-sp/softfp/crti.o
LOAD /usr/local/Cellar/gcc-arm-none-eabi/20180627/bin/../lib/gcc/arm-none-eabi/7.3.1/thumb/v7e-m/fpv4-sp/softfp/crtbegin.o
LOAD /usr/local/Cellar/gcc-arm-none-eabi/20180627/bin/../lib/gcc/arm-none-eabi/7.3.1/../../../../arm-none-eabi/lib/thumb/v7e-m/fpv4-sp/softfp/crt0.o
LOAD build/stm32f1xx_hal_flash.o
LOAD build/stm32f1xx_hal_flash_ex.o
LOAD build/stm32f1xx_hal_rcc.o
LOAD build/stm32f1xx_hal_tim.o
LOAD build/stm32f1xx_hal_tim_ex.o
LOAD build/stm32f1xx_hal_gpio_ex.o
LOAD build/stm32f1xx_hal_adc_ex.o
LOAD build/stm32f1xx_hal_cortex.o
LOAD build/stm32f1xx_hal_gpio.o
LOAD build/stm32f1xx_hal_rcc_ex.o
LOAD build/stm32f1xx_hal_pwr.o
LOAD build/stm32f1xx_hal.o
LOAD build/stm32f1xx_hal_adc.o
LOAD build/stm32f1xx_hal_uart.o
LOAD build/stm32f1xx_hal_i2c.o
LOAD build/stm32f1xx_hal_dma.o
LOAD build/system_at32f4xx.o
LOAD build/setup.o
LOAD build/control.o
LOAD build/main.o
LOAD build/bldc.o
LOAD build/comms.o
LOAD build/stm32f1xx_it.o
LOAD build/BLDC_controller_data.o
LOAD build/BLDC_controller.o
LOAD build/hallinterrupts.o
LOAD build/motorcontrol.o
LOAD build/startup_at32f403xe.o
LOAD /usr/local/Cellar/gcc-arm-none-eabi/20180627/bin/../lib/gcc/arm-none-eabi/7.3.1/../../../../arm-none-eabi/lib/thumb/v7e-m/fpv4-sp/softfp/libc_nano.a
LOAD /usr/local/Cellar/gcc-arm-none-eabi/20180627/bin/../lib/gcc/arm-none-eabi/7.3.1/../../../../arm-none-eabi/lib/thumb/v7e-m/fpv4-sp/softfp/libm.a
LOAD /usr/local/Cellar/gcc-arm-none-eabi/20180627/bin/../lib/gcc/arm-none-eabi/7.3.1/../../../../arm-none-eabi/lib/thumb/v7e-m/fpv4-sp/softfp/libnosys.a
START GROUP
LOAD /usr/local/Cellar/gcc-arm-none-eabi/20180627/bin/../lib/gcc/arm-none-eabi/7.3.1/thumb/v7e-m/fpv4-sp/softfp/libgcc.a
LOAD /usr/local/Cellar/gcc-arm-none-eabi/20180627/bin/../lib/gcc/arm-none-eabi/7.3.1/../../../../arm-none-eabi/lib/thumb/v7e-m/fpv4-sp/softfp/libc_nano.a
END GROUP
START GROUP
LOAD /usr/local/Cellar/gcc-arm-none-eabi/20180627/bin/../lib/gcc/arm-none-eabi/7.3.1/thumb/v7e-m/fpv4-sp/softfp/libgcc.a
LOAD /usr/local/Cellar/gcc-arm-none-eabi/20180627/bin/../lib/gcc/arm-none-eabi/7.3.1/../../../../arm-none-eabi/lib/thumb/v7e-m/fpv4-sp/softfp/libc_nano.a
END GROUP
LOAD /usr/local/Cellar/gcc-arm-none-eabi/20180627/bin/../lib/gcc/arm-none-eabi/7.3.1/thumb/v7e-m/fpv4-sp/softfp/crtend.o
LOAD /usr/local/Cellar/gcc-arm-none-eabi/20180627/bin/../lib/gcc/arm-none-eabi/7.3.1/thumb/v7e-m/fpv4-sp/softfp/crtn.o
                0x000000002000c000                _estack = 0x2000c000
                0x0000000000000000                _Min_Heap_Size = 0x0
                0x0000000000000400                _Min_Stack_Size = 0x400

.isr_vector     0x0000000008000000      0x150
                0x0000000008000000                . = ALIGN (0x4)
 *(.isr_vector)
 .isr_vector    0x0000000008000000      0x150 build/startup_at32f403xe.o
                0x0000000008000000                g_pfnVectors
                0x0000000008000150                . = ALIGN (0x4)

.text           0x0000000008000150     0x335c
                0x0000000008000150                . = ALIGN (0x4)
 *(.text)
 .text          0x0000000008000150       0x40 /usr/local/Cellar/gcc-arm-none-eabi/20180627/bin/../lib/gcc/arm-none-eabi/7.3.1/thumb/v7e-m/fpv4-sp/softfp/crtbegin.o
 .text          0x0000000008000190      0x378 /usr/local/Cellar/gcc-arm-none-eabi/20180627/bin/../lib/gcc/arm-none-eabi/7.3.1/thumb/v7e-m/fpv4-sp/softfp/libgcc.a(_arm_addsubdf3.o)
                0x0000000008000190                __aeabi_drsub
                0x0000000008000198                __subdf3
                0x0000000008000198                __aeabi_dsub
                0x000000000800019c                __aeabi_dadd
                0x000000000800019c                __adddf3
                0x0000000008000414                __aeabi_ui2d
                0x0000000008000414                __floatunsidf
                0x0000000008000434                __floatsidf
                0x0000000008000434                __aeabi_i2d
                0x0000000008000458                __extendsfdf2
                0x0000000008000458                __aeabi_f2d
                0x000000000800049c                __aeabi_ul2d
                0x000000000800049c                __floatundidf
                0x00000000080004ac                __aeabi_l2d
                0x00000000080004ac                __floatdidf
 .text          0x0000000008000508      0x424 /usr/local/Cellar/gcc-arm-none-eabi/20180627/bin/../lib/gcc/arm-none-eabi/7.3.1/thumb/v7e-m/fpv4-sp/softfp/libgcc.a(_arm_muldivdf3.o)
                0x0000000008000508                __aeabi_dmul
                0x0000000008000508                __muldf3
                0x000000000800075c                __aeabi_ddiv
                0x000000000800075c                __divdf3
 .text          0x000000000800092c       0x50 /usr/local/Cellar/gcc-arm-none-eabi/20180627/bin/../lib/gcc/arm-none-eabi/7.3.1/thumb/v7e-m/fpv4-sp/softfp/libgcc.a(_arm_fixdfsi.o)
                0x000000000800092c                __fixdfsi
                0x000000000800092c                __aeabi_d2iz
 .text          0x000000000800097c       0x30 /usr/local/Cellar/gcc-arm-none-eabi/20180627/bin/../lib/gcc/arm-none-eabi/7.3.1/thumb/v7e-m/fpv4-sp/softfp/libgcc.a(_aeabi_uldivmod.o)
                0x000000000800097c                __aeabi_uldivmod
 .text          0x00000000080009ac      0x2cc /usr/local/Cellar/gcc-arm-none-eabi/20180627/bin/../lib/gcc/arm-none-eabi/7.3.1/thumb/v7e-m/fpv4-sp/softfp/libgcc.a(_udivmoddi4.o)
                0x00000000080009ac                __udivmoddi4
 .text          0x0000000008000c78        0x4 /usr/local/Cellar/gcc-arm-none-eabi/20180627/bin/../lib/gcc/arm-none-eabi/7.3.1/thumb/v7e-m/fpv4-sp/softfp/libgcc.a(_dvmd_tls.o)
                0x0000000008000c78                __aeabi_ldiv0
                0x0000000008000c78                __aeabi_idiv0
 *(.text*)
 .text.HAL_RCC_GetHCLKFreq
                0x0000000008000c7c        0xc build/stm32f1xx_hal_rcc.o
                0x0000000008000c7c                HAL_RCC_GetHCLKFreq
 .text.TIM_OC1_SetConfig
                0x0000000008000c88       0x68 build/stm32f1xx_hal_tim.o
 .text.TIM_OC3_SetConfig
                0x0000000008000cf0       0x70 build/stm32f1xx_hal_tim.o
 .text.TIM_OC4_SetConfig
                0x0000000008000d60       0x50 build/stm32f1xx_hal_tim.o
 .text.TIM_TI1_ConfigInputStage
                0x0000000008000db0       0x26 build/stm32f1xx_hal_tim.o
 .text.TIM_TI2_ConfigInputStage
                0x0000000008000dd6       0x28 build/stm32f1xx_hal_tim.o
 .text.TIM_ETR_SetConfig
                0x0000000008000dfe       0x18 build/stm32f1xx_hal_tim.o
 .text.TIM_SlaveTimer_SetConfig
                0x0000000008000e16       0x74 build/stm32f1xx_hal_tim.o
 .text.HAL_TIM_PWM_MspInit
                0x0000000008000e8a        0x2 build/stm32f1xx_hal_tim.o
                0x0000000008000e8a                HAL_TIM_PWM_MspInit
 .text.HAL_TIM_SlaveConfigSynchronization
                0x0000000008000e8c       0x40 build/stm32f1xx_hal_tim.o
                0x0000000008000e8c                HAL_TIM_SlaveConfigSynchronization
 .text.TIM_Base_SetConfig
                0x0000000008000ecc       0x98 build/stm32f1xx_hal_tim.o
                0x0000000008000ecc                TIM_Base_SetConfig
 .text.HAL_TIM_PWM_Init
                0x0000000008000f64       0x32 build/stm32f1xx_hal_tim.o
                0x0000000008000f64                HAL_TIM_PWM_Init
 *fill*         0x0000000008000f96        0x2 
 .text.TIM_OC2_SetConfig
                0x0000000008000f98       0x70 build/stm32f1xx_hal_tim.o
                0x0000000008000f98                TIM_OC2_SetConfig
 .text.HAL_TIM_PWM_ConfigChannel
                0x0000000008001008       0xdc build/stm32f1xx_hal_tim.o
                0x0000000008001008                HAL_TIM_PWM_ConfigChannel
 .text.TIM_CCxChannelCmd
                0x00000000080010e4       0x1e build/stm32f1xx_hal_tim.o
                0x00000000080010e4                TIM_CCxChannelCmd
 *fill*         0x0000000008001102        0x2 
 .text.HAL_TIM_PWM_Start
                0x0000000008001104       0x38 build/stm32f1xx_hal_tim.o
                0x0000000008001104                HAL_TIM_PWM_Start
 .text.TIM_CCxNChannelCmd
                0x000000000800113c       0x1e build/stm32f1xx_hal_tim_ex.o
 .text.HAL_TIMEx_PWMN_Start
                0x000000000800115a       0x24 build/stm32f1xx_hal_tim_ex.o
                0x000000000800115a                HAL_TIMEx_PWMN_Start
 .text.HAL_TIMEx_ConfigBreakDeadTime
                0x000000000800117e       0x58 build/stm32f1xx_hal_tim_ex.o
                0x000000000800117e                HAL_TIMEx_ConfigBreakDeadTime
 .text.HAL_TIMEx_MasterConfigSynchronization
                0x00000000080011d6       0x52 build/stm32f1xx_hal_tim_ex.o
                0x00000000080011d6                HAL_TIMEx_MasterConfigSynchronization
 .text.HAL_ADCEx_MultiModeConfigChannel
                0x0000000008001228       0x58 build/stm32f1xx_hal_adc_ex.o
                0x0000000008001228                HAL_ADCEx_MultiModeConfigChannel
 .text.HAL_NVIC_SetPriorityGrouping
                0x0000000008001280       0x24 build/stm32f1xx_hal_cortex.o
                0x0000000008001280                HAL_NVIC_SetPriorityGrouping
 .text.HAL_NVIC_SetPriority
                0x00000000080012a4       0x68 build/stm32f1xx_hal_cortex.o
                0x00000000080012a4                HAL_NVIC_SetPriority
 .text.HAL_NVIC_EnableIRQ
                0x000000000800130c       0x18 build/stm32f1xx_hal_cortex.o
                0x000000000800130c                HAL_NVIC_EnableIRQ
 .text.HAL_SYSTICK_Config
                0x0000000008001324       0x2c build/stm32f1xx_hal_cortex.o
                0x0000000008001324                HAL_SYSTICK_Config
 .text.HAL_SYSTICK_CLKSourceConfig
                0x0000000008001350       0x20 build/stm32f1xx_hal_cortex.o
                0x0000000008001350                HAL_SYSTICK_CLKSourceConfig
 .text.HAL_SYSTICK_Callback
                0x0000000008001370        0x2 build/stm32f1xx_hal_cortex.o
                0x0000000008001370                HAL_SYSTICK_Callback
 .text.HAL_SYSTICK_IRQHandler
                0x0000000008001372        0x8 build/stm32f1xx_hal_cortex.o
                0x0000000008001372                HAL_SYSTICK_IRQHandler
 *fill*         0x000000000800137a        0x2 
 .text.HAL_GPIO_Init
                0x000000000800137c      0x1f0 build/stm32f1xx_hal_gpio.o
                0x000000000800137c                HAL_GPIO_Init
 .text.HAL_GPIO_ReadPin
                0x000000000800156c        0xe build/stm32f1xx_hal_gpio.o
                0x000000000800156c                HAL_GPIO_ReadPin
 .text.HAL_GPIO_WritePin
                0x000000000800157a        0xc build/stm32f1xx_hal_gpio.o
                0x000000000800157a                HAL_GPIO_WritePin
 .text.HAL_GPIO_TogglePin
                0x0000000008001586        0x8 build/stm32f1xx_hal_gpio.o
                0x0000000008001586                HAL_GPIO_TogglePin
 .text.HAL_MspInit
                0x000000000800158e        0x2 build/stm32f1xx_hal.o
                0x000000000800158e                HAL_MspInit
 .text.HAL_InitTick
                0x0000000008001590       0x2c build/stm32f1xx_hal.o
                0x0000000008001590                HAL_InitTick
 .text.HAL_Init
                0x00000000080015bc       0x24 build/stm32f1xx_hal.o
                0x00000000080015bc                HAL_Init
 .text.HAL_IncTick
                0x00000000080015e0       0x10 build/stm32f1xx_hal.o
                0x00000000080015e0                HAL_IncTick
 .text.HAL_GetTick
                0x00000000080015f0        0xc build/stm32f1xx_hal.o
                0x00000000080015f0                HAL_GetTick
 .text.HAL_Delay
                0x00000000080015fc       0x24 build/stm32f1xx_hal.o
                0x00000000080015fc                HAL_Delay
 .text.HAL_ADC_MspInit
                0x0000000008001620        0x2 build/stm32f1xx_hal_adc.o
                0x0000000008001620                HAL_ADC_MspInit
 *fill*         0x0000000008001622        0x2 
 .text.HAL_ADC_ConfigChannel
                0x0000000008001624      0x138 build/stm32f1xx_hal_adc.o
                0x0000000008001624                HAL_ADC_ConfigChannel
 .text.ADC_Enable
                0x000000000800175c       0x80 build/stm32f1xx_hal_adc.o
                0x000000000800175c                ADC_Enable
 .text.HAL_ADC_Start
                0x00000000080017dc       0xec build/stm32f1xx_hal_adc.o
                0x00000000080017dc                HAL_ADC_Start
 .text.ADC_ConversionStop_Disable
                0x00000000080018c8       0x4c build/stm32f1xx_hal_adc.o
                0x00000000080018c8                ADC_ConversionStop_Disable
 .text.HAL_ADC_Init
                0x0000000008001914      0x12c build/stm32f1xx_hal_adc.o
                0x0000000008001914                HAL_ADC_Init
 .text.HAL_DMA_IRQHandler
                0x0000000008001a40      0x2ec build/stm32f1xx_hal_dma.o
                0x0000000008001a40                HAL_DMA_IRQHandler
 .text.SetSysClockTo72MHSI
                0x0000000008001d2c       0xc0 build/system_at32f4xx.o
 .text.SetSysClock
                0x0000000008001dec        0x8 build/system_at32f4xx.o
 .text.SystemInit
                0x0000000008001df4       0x6c build/system_at32f4xx.o
                0x0000000008001df4                SystemInit
 .text.MX_GPIO_Init
                0x0000000008001e60      0x204 build/setup.o
                0x0000000008001e60                MX_GPIO_Init
 .text.MX_TIM_Init
                0x0000000008002064      0x208 build/setup.o
                0x0000000008002064                MX_TIM_Init
 .text.MX_ADC1_Init
                0x000000000800226c      0x12c build/setup.o
                0x000000000800226c                MX_ADC1_Init
 .text.MX_ADC2_Init
                0x0000000008002398       0xb4 build/setup.o
                0x0000000008002398                MX_ADC2_Init
 .text.poweroff
                0x000000000800244c       0x40 build/main.o
                0x000000000800244c                poweroff
 .text.SystemClock_Config
                0x000000000800248c       0x2c build/main.o
                0x000000000800248c                SystemClock_Config
 .text.main     0x00000000080024b8      0x124 build/main.o
                0x00000000080024b8                main
 .text.DMA1_Channel1_IRQHandler
                0x00000000080025dc       0xe0 build/bldc.o
                0x00000000080025dc                DMA1_Channel1_IRQHandler
 .text.NMI_Handler
                0x00000000080026bc        0x2 build/stm32f1xx_it.o
                0x00000000080026bc                NMI_Handler
 .text.HardFault_Handler
                0x00000000080026be        0x2 build/stm32f1xx_it.o
                0x00000000080026be                HardFault_Handler
 .text.MemManage_Handler
                0x00000000080026c0        0x2 build/stm32f1xx_it.o
                0x00000000080026c0                MemManage_Handler
 .text.BusFault_Handler
                0x00000000080026c2        0x2 build/stm32f1xx_it.o
                0x00000000080026c2                BusFault_Handler
 .text.UsageFault_Handler
                0x00000000080026c4        0x2 build/stm32f1xx_it.o
                0x00000000080026c4                UsageFault_Handler
 .text.SVC_Handler
                0x00000000080026c6        0x2 build/stm32f1xx_it.o
                0x00000000080026c6                SVC_Handler
 .text.DebugMon_Handler
                0x00000000080026c8        0x2 build/stm32f1xx_it.o
                0x00000000080026c8                DebugMon_Handler
 .text.PendSV_Handler
                0x00000000080026ca        0x2 build/stm32f1xx_it.o
                0x00000000080026ca                PendSV_Handler
 .text.SysTick_Handler
                0x00000000080026cc        0xc build/stm32f1xx_it.o
                0x00000000080026cc                SysTick_Handler
 .text.EXTI9_5_IRQHandler
                0x00000000080026d8       0x74 build/stm32f1xx_it.o
                0x00000000080026d8                EXTI9_5_IRQHandler
 .text.EXTI15_10_IRQHandler
                0x000000000800274c       0x74 build/stm32f1xx_it.o
                0x000000000800274c                EXTI15_10_IRQHandler
 .text.DMA1_Channel6_IRQHandler
                0x00000000080027c0       0x10 build/stm32f1xx_it.o
                0x00000000080027c0                DMA1_Channel6_IRQHandler
 .text.DMA1_Channel7_IRQHandler
                0x00000000080027d0       0x10 build/stm32f1xx_it.o
                0x00000000080027d0                DMA1_Channel7_IRQHandler
 .text.plook_u8s32u32n31_evenc_s
                0x00000000080027e0       0x40 build/BLDC_controller.o
                0x00000000080027e0                plook_u8s32u32n31_evenc_s
 .text.intrp1d_s16s32s32u8u32n31l_s
                0x0000000008002820       0x2a build/BLDC_controller.o
                0x0000000008002820                intrp1d_s16s32s32u8u32n31l_s
 .text.div_nde_s32_floor
                0x000000000800284a       0x24 build/BLDC_controller.o
                0x000000000800284a                div_nde_s32_floor
 *fill*         0x000000000800286e        0x2 
 .text.BLDC_controller_step
                0x0000000008002870      0x400 build/BLDC_controller.o
                0x0000000008002870                BLDC_controller_step
 .text.BLDC_controller_initialize
                0x0000000008002c70       0x1c build/BLDC_controller.o
                0x0000000008002c70                BLDC_controller_initialize
 .text.HallInterruptsInterrupt
                0x0000000008002c8c      0x284 build/hallinterrupts.o
                0x0000000008002c8c                HallInterruptsInterrupt
 .text.TMR4_GLOBAL_IRQHandler
                0x0000000008002f10       0x8c build/hallinterrupts.o
                0x0000000008002f10                TMR4_GLOBAL_IRQHandler
 .text.motor_init
                0x0000000008002f9c       0x60 build/motorcontrol.o
                0x0000000008002f9c                motor_init
 .text.motor_run
                0x0000000008002ffc      0x178 build/motorcontrol.o
                0x0000000008002ffc                motor_run
 .text.Reset_Handler
                0x0000000008003174       0x44 build/startup_at32f403xe.o
                0x0000000008003174                Reset_Handler
 .text.Default_Handler
                0x00000000080031b8        0x2 build/startup_at32f403xe.o
                0x00000000080031b8                DMA2_Channel3_IRQHandler
                0x00000000080031b8                SDIO1_IRQHandler
                0x00000000080031b8                EXTI2_IRQHandler
                0x00000000080031b8                XMC_IRQHandler
                0x00000000080031b8                SPI4_IRQHandler
                0x00000000080031b8                TMR8_TRG_HALL_TMR14_IRQHandler
                0x00000000080031b8                TMR15_CC_IRQHandler
                0x00000000080031b8                PVD_IRQHandler
                0x00000000080031b8                EXTI3_IRQHandler
                0x00000000080031b8                TMR5_GLOBAL_IRQHandler
                0x00000000080031b8                I2C3_ER_IRQHandler
                0x00000000080031b8                TMR8_OV_TMR13_IRQHandler
                0x00000000080031b8                EXTI0_IRQHandler
                0x00000000080031b8                I2C2_EV_IRQHandler
                0x00000000080031b8                TMR15_TRG_HALL_IRQHandler
                0x00000000080031b8                SDIO2_IRQHandler
                0x00000000080031b8                ADC1_2_IRQHandler
                0x00000000080031b8                SPI1_IRQHandler
                0x00000000080031b8                TAMPER_IRQHandler
                0x00000000080031b8                DMA2_Channel2_IRQHandler
                0x00000000080031b8                DMA1_Channel4_IRQHandler
                0x00000000080031b8                TMR1_OV_TMR10_IRQHandler
                0x00000000080031b8                USART3_IRQHandler
                0x00000000080031b8                RTC_IRQHandler
                0x00000000080031b8                CAN1_RX1_IRQHandler
                0x00000000080031b8                UART5_IRQHandler
                0x00000000080031b8                ADC3_IRQHandler
                0x00000000080031b8                DMA2_Channel1_IRQHandler
                0x00000000080031b8                I2C1_EV_IRQHandler
                0x00000000080031b8                UART4_IRQHandler
                0x00000000080031b8                RCC_IRQHandler
                0x00000000080031b8                Default_Handler
                0x00000000080031b8                TMR3_GLOBAL_IRQHandler
                0x00000000080031b8                TMR7_GLOBAL_IRQHandler
                0x00000000080031b8                TMR1_CC_IRQHandler
                0x00000000080031b8                TMR15_BRK_IRQHandler
                0x00000000080031b8                I2C3_EV_IRQHandler
                0x00000000080031b8                TMR1_BRK_TMR9_IRQHandler
                0x00000000080031b8                SPI2_IRQHandler
                0x00000000080031b8                TMR8_BRK_TMR12_IRQHandler
                0x00000000080031b8                TMR1_TRG_HALL_TMR11_IRQHandler
                0x00000000080031b8                TMR15_OV_IRQHandler
                0x00000000080031b8                DMA1_Channel5_IRQHandler
                0x00000000080031b8                EXTI4_IRQHandler
                0x00000000080031b8                USB_LP_CAN1_RX0_IRQHandler
                0x00000000080031b8                USB_HP_CAN1_TX_IRQHandler
                0x00000000080031b8                DMA1_Channel3_IRQHandler
                0x00000000080031b8                WWDG_IRQHandler
                0x00000000080031b8                TMR8_CC_IRQHandler
                0x00000000080031b8                TMR6_GLOBAL_IRQHandler
                0x00000000080031b8                EXTI1_IRQHandler
                0x00000000080031b8                RTCAlarm_IRQHandler
                0x00000000080031b8                DMA2_Channel4_5_IRQHandler
                0x00000000080031b8                USART2_IRQHandler
                0x00000000080031b8                I2C2_ER_IRQHandler
                0x00000000080031b8                DMA1_Channel2_IRQHandler
                0x00000000080031b8                TMR2_GLOBAL_IRQHandler
                0x00000000080031b8                CAN1_SCE_IRQHandler
                0x00000000080031b8                FLASH_IRQHandler
                0x00000000080031b8                USART1_IRQHandler
                0x00000000080031b8                SPI3_IRQHandler
                0x00000000080031b8                I2C1_ER_IRQHandler
                0x00000000080031b8                USBWakeUp_IRQHandler
                0x00000000080031b8                RTC_Alarm_IRQHandler
 *(.rodata)
 *(.rodata*)
 *fill*         0x00000000080031ba        0x2 
 .rodata.rtConstP
                0x00000000080031bc      0x212 build/BLDC_controller_data.o
                0x00000000080031bc                rtConstP
 *fill*         0x00000000080033ce        0x2 
 .rodata.increments
                0x00000000080033d0       0xc4 build/hallinterrupts.o
 *(.glue_7)
 .glue_7        0x0000000008003494        0x0 linker stubs
 *(.glue_7t)
 .glue_7t       0x0000000008003494        0x0 linker stubs
 *(.eh_frame)
 .eh_frame      0x0000000008003494        0x0 /usr/local/Cellar/gcc-arm-none-eabi/20180627/bin/../lib/gcc/arm-none-eabi/7.3.1/thumb/v7e-m/fpv4-sp/softfp/crtbegin.o
 *(.init)
 .init          0x0000000008003494        0x4 /usr/local/Cellar/gcc-arm-none-eabi/20180627/bin/../lib/gcc/arm-none-eabi/7.3.1/thumb/v7e-m/fpv4-sp/softfp/crti.o
                0x0000000008003494                _init
 .init          0x0000000008003498        0x8 /usr/local/Cellar/gcc-arm-none-eabi/20180627/bin/../lib/gcc/arm-none-eabi/7.3.1/thumb/v7e-m/fpv4-sp/softfp/crtn.o
 *(.fini)
 .fini          0x00000000080034a0        0x4 /usr/local/Cellar/gcc-arm-none-eabi/20180627/bin/../lib/gcc/arm-none-eabi/7.3.1/thumb/v7e-m/fpv4-sp/softfp/crti.o
                0x00000000080034a0                _fini
 .fini          0x00000000080034a4        0x8 /usr/local/Cellar/gcc-arm-none-eabi/20180627/bin/../lib/gcc/arm-none-eabi/7.3.1/thumb/v7e-m/fpv4-sp/softfp/crtn.o
                0x00000000080034ac                . = ALIGN (0x4)
                0x00000000080034ac                _etext = .

.vfp11_veneer   0x00000000080034ac        0x0
 .vfp11_veneer  0x00000000080034ac        0x0 linker stubs

.v4_bx          0x00000000080034ac        0x0
 .v4_bx         0x00000000080034ac        0x0 linker stubs

.iplt           0x00000000080034ac        0x0
 .iplt          0x00000000080034ac        0x0 /usr/local/Cellar/gcc-arm-none-eabi/20180627/bin/../lib/gcc/arm-none-eabi/7.3.1/thumb/v7e-m/fpv4-sp/softfp/crtbegin.o

.ARM.extab
 *(.ARM.extab* .gnu.linkonce.armextab.*)

.ARM            0x00000000080034ac        0x8
                0x00000000080034ac                __exidx_start = .
 *(.ARM.exidx*)
 .ARM.exidx     0x00000000080034ac        0x8 /usr/local/Cellar/gcc-arm-none-eabi/20180627/bin/../lib/gcc/arm-none-eabi/7.3.1/thumb/v7e-m/fpv4-sp/softfp/libgcc.a(_udivmoddi4.o)
                0x00000000080034b4                __exidx_end = .

.rel.dyn        0x00000000080034b4        0x0
 .rel.iplt      0x00000000080034b4        0x0 /usr/local/Cellar/gcc-arm-none-eabi/20180627/bin/../lib/gcc/arm-none-eabi/7.3.1/thumb/v7e-m/fpv4-sp/softfp/crtbegin.o

.preinit_array  0x00000000080034b4        0x0
                0x00000000080034b4                PROVIDE (__preinit_array_start = .)
 *(.preinit_array*)
                0x00000000080034b4                PROVIDE (__preinit_array_end = .)

.init_array     0x00000000080034b4        0x4
                0x00000000080034b4                PROVIDE (__init_array_start = .)
 *(SORT_BY_NAME(.init_array.*))
 *(.init_array*)
 .init_array    0x00000000080034b4        0x4 /usr/local/Cellar/gcc-arm-none-eabi/20180627/bin/../lib/gcc/arm-none-eabi/7.3.1/thumb/v7e-m/fpv4-sp/softfp/crtbegin.o
                0x00000000080034b8                PROVIDE (__init_array_end = .)

.fini_array     0x00000000080034b8        0x4
                [!provide]                        PROVIDE (__fini_array_start = .)
 *(.fini_array*)
 .fini_array    0x00000000080034b8        0x4 /usr/local/Cellar/gcc-arm-none-eabi/20180627/bin/../lib/gcc/arm-none-eabi/7.3.1/thumb/v7e-m/fpv4-sp/softfp/crtbegin.o
 *(SORT_BY_NAME(.fini_array.*))
                [!provide]                        PROVIDE (__fini_array_end = .)
                0x00000000080034bc                _sidata = .

.data           0x0000000020000000       0x6c load address 0x00000000080034bc
                0x0000000020000000                . = ALIGN (0x4)
                0x0000000020000000                _sdata = .
 *(.data)
 *(.data*)
 .data.SystemCoreClock
                0x0000000020000000        0x4 build/system_at32f4xx.o
                0x0000000020000000                SystemCoreClock
 .data.batteryVoltage
                0x0000000020000004        0x4 build/bldc.o
                0x0000000020000004                batteryVoltage
 .data.rtP      0x0000000020000008       0x64 build/BLDC_controller_data.o
                0x0000000020000008                rtP
                0x000000002000006c                . = ALIGN (0x4)
                0x000000002000006c                _edata = .

.igot.plt       0x000000002000006c        0x0 load address 0x0000000008003528
 .igot.plt      0x000000002000006c        0x0 /usr/local/Cellar/gcc-arm-none-eabi/20180627/bin/../lib/gcc/arm-none-eabi/7.3.1/thumb/v7e-m/fpv4-sp/softfp/crtbegin.o
                0x000000002000006c                . = ALIGN (0x4)

.bss            0x0000000020000070      0x50c load address 0x0000000008003530
                0x0000000020000070                _sbss = .
                0x0000000020000070                __bss_start__ = _sbss
 *(.bss)
 .bss           0x0000000020000070       0x1c /usr/local/Cellar/gcc-arm-none-eabi/20180627/bin/../lib/gcc/arm-none-eabi/7.3.1/thumb/v7e-m/fpv4-sp/softfp/crtbegin.o
 *(.bss*)
 .bss.speed     0x000000002000008c        0x2 build/main.o
                0x000000002000008c                speed
 .bss.OverrunFlag.9194
                0x000000002000008e        0x1 build/bldc.o
 *fill*         0x000000002000008f        0x1 
 .bss.bldc_count_per_hall_counter
                0x0000000020000090        0x8 build/bldc.o
                0x0000000020000090                bldc_count_per_hall_counter
 .bss.buzzerFreq
                0x0000000020000098        0x1 build/bldc.o
                0x0000000020000098                buzzerFreq
 .bss.buzzerPattern
                0x0000000020000099        0x1 build/bldc.o
                0x0000000020000099                buzzerPattern
 *fill*         0x000000002000009a        0x2 
 .bss.buzzerTimer
                0x000000002000009c        0x4 build/bldc.o
 .bss.bldc_count_per_hall
                0x00000000200000a0        0x8 build/hallinterrupts.o
                0x00000000200000a0                bldc_count_per_hall
 .bss.timerwraps
                0x00000000200000a8        0x8 build/hallinterrupts.o
                0x00000000200000a8                timerwraps
 .bss.pwml      0x00000000200000b0        0x4 build/motorcontrol.o
                0x00000000200000b0                pwml
 .bss.pwmr      0x00000000200000b4        0x4 build/motorcontrol.o
                0x00000000200000b4                pwmr
 *(COMMON)
 COMMON         0x00000000200000b8        0x4 build/stm32f1xx_hal.o
                0x00000000200000b8                uwTick
 COMMON         0x00000000200000bc      0x298 build/setup.o
                0x00000000200000bc                hdma_usart2_rx
                0x0000000020000100                hadc2
                0x0000000020000130                hi2c2
                0x0000000020000184                htim_right
                0x00000000200001c4                hdma_i2c2_rx
                0x0000000020000208                hdma_i2c2_tx
                0x000000002000024c                hadc1
                0x000000002000027c                hdma_usart2_tx
                0x00000000200002c0                adc_buffer
                0x00000000200002d4                huart2
                0x0000000020000314                htim_left
 *fill*         0x0000000020000354        0x4 
 COMMON         0x0000000020000358      0x184 build/hallinterrupts.o
                0x0000000020000358                hall_wl
                0x0000000020000359                hall_vl
                0x0000000020000360                timeStats
                0x00000000200003e8                hall_wr
                0x00000000200003ec                local_hall_params
                0x000000002000044e                hall_vr
                0x000000002000044f                hall_ul
                0x0000000020000450                hall_ur
                0x0000000020000454                HallData
                0x000000002000049c                h_timer_hall
 COMMON         0x00000000200004dc       0xa0 build/motorcontrol.o
                0x00000000200004dc                rtY_Right
                0x00000000200004f0                rtDW_Left
                0x0000000020000514                rtY_Left
                0x0000000020000528                rtU_Right
                0x0000000020000530                rtDW_Right
                0x0000000020000554                rtU_Left
                0x000000002000055c                rtM_Right_
                0x000000002000056c                rtM_Left_
                0x000000002000057c                . = ALIGN (0x4)
                0x000000002000057c                _ebss = .
                0x000000002000057c                __bss_end__ = _ebss

._user_heap_stack
                0x000000002000057c      0x400 load address 0x0000000008003a3c
                0x000000002000057c                . = ALIGN (0x4)
                0x000000002000057c                PROVIDE (end = .)
                [!provide]                        PROVIDE (_end = .)
                0x000000002000057c                . = (. + _Min_Heap_Size)
                0x000000002000097c                . = (. + _Min_Stack_Size)
 *fill*         0x000000002000057c      0x400 
                0x000000002000097c                . = ALIGN (0x4)

/DISCARD/
 libc.a(*)
 libm.a(*)
 libgcc.a(*)

.ARM.attributes
                0x0000000000000000       0x2e
 *(.ARM.attributes)
 .ARM.attributes
                0x0000000000000000       0x22 /usr/local/Cellar/gcc-arm-none-eabi/20180627/bin/../lib/gcc/arm-none-eabi/7.3.1/thumb/v7e-m/fpv4-sp/softfp/crti.o
 .ARM.attributes
                0x0000000000000022       0x32 /usr/local/Cellar/gcc-arm-none-eabi/20180627/bin/../lib/gcc/arm-none-eabi/7.3.1/thumb/v7e-m/fpv4-sp/softfp/crtbegin.o
 .ARM.attributes
                0x0000000000000054       0x37 build/stm32f1xx_hal_rcc.o
 .ARM.attributes
                0x000000000000008b       0x37 build/stm32f1xx_hal_tim.o
 .ARM.attributes
                0x00000000000000c2       0x37 build/stm32f1xx_hal_tim_ex.o
 .ARM.attributes
                0x00000000000000f9       0x37 build/stm32f1xx_hal_adc_ex.o
 .ARM.attributes
                0x0000000000000130       0x37 build/stm32f1xx_hal_cortex.o
 .ARM.attributes
                0x0000000000000167       0x37 build/stm32f1xx_hal_gpio.o
 .ARM.attributes
                0x000000000000019e       0x37 build/stm32f1xx_hal.o
 .ARM.attributes
                0x00000000000001d5       0x37 build/stm32f1xx_hal_adc.o
 .ARM.attributes
                0x000000000000020c       0x37 build/stm32f1xx_hal_dma.o
 .ARM.attributes
                0x0000000000000243       0x37 build/system_at32f4xx.o
 .ARM.attributes
                0x000000000000027a       0x37 build/setup.o
 .ARM.attributes
                0x00000000000002b1       0x37 build/main.o
 .ARM.attributes
                0x00000000000002e8       0x37 build/bldc.o
 .ARM.attributes
                0x000000000000031f       0x37 build/stm32f1xx_it.o
 .ARM.attributes
                0x0000000000000356       0x37 build/BLDC_controller_data.o
 .ARM.attributes
                0x000000000000038d       0x37 build/BLDC_controller.o
 .ARM.attributes
                0x00000000000003c4       0x37 build/hallinterrupts.o
 .ARM.attributes
                0x00000000000003fb       0x37 build/motorcontrol.o
 .ARM.attributes
                0x0000000000000432       0x25 build/startup_at32f403xe.o
 .ARM.attributes
                0x0000000000000457       0x22 /usr/local/Cellar/gcc-arm-none-eabi/20180627/bin/../lib/gcc/arm-none-eabi/7.3.1/thumb/v7e-m/fpv4-sp/softfp/libgcc.a(_arm_addsubdf3.o)
 .ARM.attributes
                0x0000000000000479       0x22 /usr/local/Cellar/gcc-arm-none-eabi/20180627/bin/../lib/gcc/arm-none-eabi/7.3.1/thumb/v7e-m/fpv4-sp/softfp/libgcc.a(_arm_muldivdf3.o)
 .ARM.attributes
                0x000000000000049b       0x22 /usr/local/Cellar/gcc-arm-none-eabi/20180627/bin/../lib/gcc/arm-none-eabi/7.3.1/thumb/v7e-m/fpv4-sp/softfp/libgcc.a(_arm_fixdfsi.o)
 .ARM.attributes
                0x00000000000004bd       0x22 /usr/local/Cellar/gcc-arm-none-eabi/20180627/bin/../lib/gcc/arm-none-eabi/7.3.1/thumb/v7e-m/fpv4-sp/softfp/libgcc.a(_aeabi_uldivmod.o)
 .ARM.attributes
                0x00000000000004df       0x32 /usr/local/Cellar/gcc-arm-none-eabi/20180627/bin/../lib/gcc/arm-none-eabi/7.3.1/thumb/v7e-m/fpv4-sp/softfp/libgcc.a(_udivmoddi4.o)
 .ARM.attributes
                0x0000000000000511       0x22 /usr/local/Cellar/gcc-arm-none-eabi/20180627/bin/../lib/gcc/arm-none-eabi/7.3.1/thumb/v7e-m/fpv4-sp/softfp/libgcc.a(_dvmd_tls.o)
 .ARM.attributes
                0x0000000000000533       0x22 /usr/local/Cellar/gcc-arm-none-eabi/20180627/bin/../lib/gcc/arm-none-eabi/7.3.1/thumb/v7e-m/fpv4-sp/softfp/crtn.o
OUTPUT(build/hover.elf elf32-littlearm)

.debug_info     0x0000000000000000    0x184ec
 .debug_info    0x0000000000000000     0x12d4 build/stm32f1xx_hal_rcc.o
 .debug_info    0x00000000000012d4     0x3a01 build/stm32f1xx_hal_tim.o
 .debug_info    0x0000000000004cd5     0x1d0e build/stm32f1xx_hal_tim_ex.o
 .debug_info    0x00000000000069e3     0x1675 build/stm32f1xx_hal_adc_ex.o
 .debug_info    0x0000000000008058     0x1676 build/stm32f1xx_hal_cortex.o
 .debug_info    0x00000000000096ce     0x1016 build/stm32f1xx_hal_gpio.o
 .debug_info    0x000000000000a6e4     0x11f0 build/stm32f1xx_hal.o
 .debug_info    0x000000000000b8d4     0x198a build/stm32f1xx_hal_adc.o
 .debug_info    0x000000000000d25e     0x117c build/stm32f1xx_hal_dma.o
 .debug_info    0x000000000000e3da      0x51d build/system_at32f4xx.o
 .debug_info    0x000000000000e8f7     0x27a0 build/setup.o
 .debug_info    0x0000000000011097     0x16e7 build/main.o
 .debug_info    0x000000000001277e      0xceb build/bldc.o
 .debug_info    0x0000000000013469     0x153e build/stm32f1xx_it.o
 .debug_info    0x00000000000149a7      0x2ba build/BLDC_controller_data.o
 .debug_info    0x0000000000014c61      0x957 build/BLDC_controller.o
 .debug_info    0x00000000000155b8     0x1be1 build/hallinterrupts.o
 .debug_info    0x0000000000017199     0x1331 build/motorcontrol.o
 .debug_info    0x00000000000184ca       0x22 build/startup_at32f403xe.o

.debug_abbrev   0x0000000000000000     0x2f3f
 .debug_abbrev  0x0000000000000000      0x330 build/stm32f1xx_hal_rcc.o
 .debug_abbrev  0x0000000000000330      0x31f build/stm32f1xx_hal_tim.o
 .debug_abbrev  0x000000000000064f      0x2f8 build/stm32f1xx_hal_tim_ex.o
 .debug_abbrev  0x0000000000000947      0x2e2 build/stm32f1xx_hal_adc_ex.o
 .debug_abbrev  0x0000000000000c29      0x3d5 build/stm32f1xx_hal_cortex.o
 .debug_abbrev  0x0000000000000ffe      0x2cf build/stm32f1xx_hal_gpio.o
 .debug_abbrev  0x00000000000012cd      0x2f6 build/stm32f1xx_hal.o
 .debug_abbrev  0x00000000000015c3      0x2b1 build/stm32f1xx_hal_adc.o
 .debug_abbrev  0x0000000000001874      0x310 build/stm32f1xx_hal_dma.o
 .debug_abbrev  0x0000000000001b84      0x19f build/system_at32f4xx.o
 .debug_abbrev  0x0000000000001d23      0x286 build/setup.o
 .debug_abbrev  0x0000000000001fa9      0x2bb build/main.o
 .debug_abbrev  0x0000000000002264      0x211 build/bldc.o
 .debug_abbrev  0x0000000000002475      0x261 build/stm32f1xx_it.o
 .debug_abbrev  0x00000000000026d6       0xb3 build/BLDC_controller_data.o
 .debug_abbrev  0x0000000000002789      0x1f3 build/BLDC_controller.o
 .debug_abbrev  0x000000000000297c      0x362 build/hallinterrupts.o
 .debug_abbrev  0x0000000000002cde      0x24f build/motorcontrol.o
 .debug_abbrev  0x0000000000002f2d       0x12 build/startup_at32f403xe.o

.debug_loc      0x0000000000000000     0x959f
 .debug_loc     0x0000000000000000      0x592 build/stm32f1xx_hal_rcc.o
 .debug_loc     0x0000000000000592     0x404a build/stm32f1xx_hal_tim.o
 .debug_loc     0x00000000000045dc     0x1372 build/stm32f1xx_hal_tim_ex.o
 .debug_loc     0x000000000000594e      0x9b6 build/stm32f1xx_hal_adc_ex.o
 .debug_loc     0x0000000000006304      0x63d build/stm32f1xx_hal_cortex.o
 .debug_loc     0x0000000000006941      0x50b build/stm32f1xx_hal_gpio.o
 .debug_loc     0x0000000000006e4c      0x101 build/stm32f1xx_hal.o
 .debug_loc     0x0000000000006f4d      0xd12 build/stm32f1xx_hal_adc.o
 .debug_loc     0x0000000000007c5f      0x8c3 build/stm32f1xx_hal_dma.o
 .debug_loc     0x0000000000008522      0x12f build/system_at32f4xx.o
 .debug_loc     0x0000000000008651       0xe2 build/setup.o
 .debug_loc     0x0000000000008733       0xf5 build/main.o
 .debug_loc     0x0000000000008828       0x20 build/bldc.o
 .debug_loc     0x0000000000008848       0xbe build/stm32f1xx_it.o
 .debug_loc     0x0000000000008906      0x6db build/BLDC_controller.o
 .debug_loc     0x0000000000008fe1      0x2a7 build/hallinterrupts.o
 .debug_loc     0x0000000000009288      0x317 build/motorcontrol.o

.debug_aranges  0x0000000000000000      0xb08
 .debug_aranges
                0x0000000000000000       0x90 build/stm32f1xx_hal_rcc.o
 .debug_aranges
                0x0000000000000090      0x368 build/stm32f1xx_hal_tim.o
 .debug_aranges
                0x00000000000003f8      0x138 build/stm32f1xx_hal_tim_ex.o
 .debug_aranges
                0x0000000000000530       0x80 build/stm32f1xx_hal_adc_ex.o
 .debug_aranges
                0x00000000000005b0       0x90 build/stm32f1xx_hal_cortex.o
 .debug_aranges
                0x0000000000000640       0x58 build/stm32f1xx_hal_gpio.o
 .debug_aranges
                0x0000000000000698       0xb8 build/stm32f1xx_hal.o
 .debug_aranges
                0x0000000000000750       0xf0 build/stm32f1xx_hal_adc.o
 .debug_aranges
                0x0000000000000840       0x80 build/stm32f1xx_hal_dma.o
 .debug_aranges
                0x00000000000008c0       0x38 build/system_at32f4xx.o
 .debug_aranges
                0x00000000000008f8       0x38 build/setup.o
 .debug_aranges
                0x0000000000000930       0x38 build/main.o
 .debug_aranges
                0x0000000000000968       0x20 build/bldc.o
 .debug_aranges
                0x0000000000000988       0x80 build/stm32f1xx_it.o
 .debug_aranges
                0x0000000000000a08       0x18 build/BLDC_controller_data.o
 .debug_aranges
                0x0000000000000a20       0x40 build/BLDC_controller.o
 .debug_aranges
                0x0000000000000a60       0x58 build/hallinterrupts.o
 .debug_aranges
                0x0000000000000ab8       0x28 build/motorcontrol.o
 .debug_aranges
                0x0000000000000ae0       0x28 build/startup_at32f403xe.o

.debug_ranges   0x0000000000000000      0xa70
 .debug_ranges  0x0000000000000000       0xa0 build/stm32f1xx_hal_rcc.o
 .debug_ranges  0x00000000000000a0      0x358 build/stm32f1xx_hal_tim.o
 .debug_ranges  0x00000000000003f8      0x128 build/stm32f1xx_hal_tim_ex.o
 .debug_ranges  0x0000000000000520       0x70 build/stm32f1xx_hal_adc_ex.o
 .debug_ranges  0x0000000000000590       0xe0 build/stm32f1xx_hal_cortex.o
 .debug_ranges  0x0000000000000670       0x48 build/stm32f1xx_hal_gpio.o
 .debug_ranges  0x00000000000006b8       0xa8 build/stm32f1xx_hal.o
 .debug_ranges  0x0000000000000760       0xe0 build/stm32f1xx_hal_adc.o
 .debug_ranges  0x0000000000000840       0x70 build/stm32f1xx_hal_dma.o
 .debug_ranges  0x00000000000008b0       0x28 build/system_at32f4xx.o
 .debug_ranges  0x00000000000008d8       0x28 build/setup.o
 .debug_ranges  0x0000000000000900       0x28 build/main.o
 .debug_ranges  0x0000000000000928       0x10 build/bldc.o
 .debug_ranges  0x0000000000000938       0x70 build/stm32f1xx_it.o
 .debug_ranges  0x00000000000009a8       0x30 build/BLDC_controller.o
 .debug_ranges  0x00000000000009d8       0x60 build/hallinterrupts.o
 .debug_ranges  0x0000000000000a38       0x18 build/motorcontrol.o
 .debug_ranges  0x0000000000000a50       0x20 build/startup_at32f403xe.o

.debug_line     0x0000000000000000     0x5b55
 .debug_line    0x0000000000000000      0x537 build/stm32f1xx_hal_rcc.o
 .debug_line    0x0000000000000537     0x12de build/stm32f1xx_hal_tim.o
 .debug_line    0x0000000000001815      0x80e build/stm32f1xx_hal_tim_ex.o
 .debug_line    0x0000000000002023      0x653 build/stm32f1xx_hal_adc_ex.o
 .debug_line    0x0000000000002676      0x3d5 build/stm32f1xx_hal_cortex.o
 .debug_line    0x0000000000002a4b      0x40e build/stm32f1xx_hal_gpio.o
 .debug_line    0x0000000000002e59      0x3be build/stm32f1xx_hal.o
 .debug_line    0x0000000000003217      0x7fa build/stm32f1xx_hal_adc.o
 .debug_line    0x0000000000003a11      0x847 build/stm32f1xx_hal_dma.o
 .debug_line    0x0000000000004258      0x212 build/system_at32f4xx.o
 .debug_line    0x000000000000446a      0x40e build/setup.o
 .debug_line    0x0000000000004878      0x35a build/main.o
 .debug_line    0x0000000000004bd2      0x24b build/bldc.o
 .debug_line    0x0000000000004e1d      0x394 build/stm32f1xx_it.o
 .debug_line    0x00000000000051b1       0x62 build/BLDC_controller_data.o
 .debug_line    0x0000000000005213      0x1c7 build/BLDC_controller.o
 .debug_line    0x00000000000053da      0x404 build/hallinterrupts.o
 .debug_line    0x00000000000057de      0x307 build/motorcontrol.o
 .debug_line    0x0000000000005ae5       0x70 build/startup_at32f403xe.o

.debug_str      0x0000000000000000     0x44e0
 .debug_str     0x0000000000000000      0x985 build/stm32f1xx_hal_rcc.o
                                        0xa1f (size before relaxing)
 .debug_str     0x0000000000000985     0x10d9 build/stm32f1xx_hal_tim.o
                                       0x178d (size before relaxing)
 .debug_str     0x0000000000001a5e      0x4ed build/stm32f1xx_hal_tim_ex.o
                                       0x102f (size before relaxing)
 .debug_str     0x0000000000001f4b      0x4a0 build/stm32f1xx_hal_adc_ex.o
                                        0xd07 (size before relaxing)
 .debug_str     0x00000000000023eb      0x74d build/stm32f1xx_hal_cortex.o
                                        0xe36 (size before relaxing)
 .debug_str     0x0000000000002b38      0x179 build/stm32f1xx_hal_gpio.o
                                        0x866 (size before relaxing)
 .debug_str     0x0000000000002cb1      0x223 build/stm32f1xx_hal.o
                                        0xd35 (size before relaxing)
 .debug_str     0x0000000000002ed4      0x2a3 build/stm32f1xx_hal_adc.o
                                        0xd54 (size before relaxing)
 .debug_str     0x0000000000003177      0x217 build/stm32f1xx_hal_dma.o
                                        0xa55 (size before relaxing)
 .debug_str     0x000000000000338e       0x9a build/system_at32f4xx.o
                                        0x342 (size before relaxing)
 .debug_str     0x0000000000003428      0x4e4 build/setup.o
                                       0x1781 (size before relaxing)
 .debug_str     0x000000000000390c       0x6e build/main.o
                                        0xed0 (size before relaxing)
 .debug_str     0x000000000000397a       0x81 build/bldc.o
                                        0x709 (size before relaxing)
 .debug_str     0x00000000000039fb      0x403 build/stm32f1xx_it.o
                                        0xe79 (size before relaxing)
 .debug_str     0x0000000000003dfe      0x1b8 build/BLDC_controller_data.o
                                        0x364 (size before relaxing)
 .debug_str     0x0000000000003fb6      0x317 build/BLDC_controller.o
                                        0x68b (size before relaxing)
 .debug_str     0x00000000000042cd      0x138 build/hallinterrupts.o
                                       0x135e (size before relaxing)
 .debug_str     0x0000000000004405       0xb8 build/motorcontrol.o
                                        0xaea (size before relaxing)
 .debug_str     0x00000000000044bd       0x23 build/startup_at32f403xe.o
                                         0x5c (size before relaxing)

.comment        0x0000000000000000       0x7f
 .comment       0x0000000000000000       0x7f build/stm32f1xx_hal_rcc.o
                                         0x80 (size before relaxing)
 .comment       0x000000000000007f       0x80 build/stm32f1xx_hal_tim.o
 .comment       0x000000000000007f       0x80 build/stm32f1xx_hal_tim_ex.o
 .comment       0x000000000000007f       0x80 build/stm32f1xx_hal_adc_ex.o
 .comment       0x000000000000007f       0x80 build/stm32f1xx_hal_cortex.o
 .comment       0x000000000000007f       0x80 build/stm32f1xx_hal_gpio.o
 .comment       0x000000000000007f       0x80 build/stm32f1xx_hal.o
 .comment       0x000000000000007f       0x80 build/stm32f1xx_hal_adc.o
 .comment       0x000000000000007f       0x80 build/stm32f1xx_hal_dma.o
 .comment       0x000000000000007f       0x80 build/system_at32f4xx.o
 .comment       0x000000000000007f       0x80 build/setup.o
 .comment       0x000000000000007f       0x80 build/main.o
 .comment       0x000000000000007f       0x80 build/bldc.o
 .comment       0x000000000000007f       0x80 build/stm32f1xx_it.o
 .comment       0x000000000000007f       0x80 build/BLDC_controller_data.o
 .comment       0x000000000000007f       0x80 build/BLDC_controller.o
 .comment       0x000000000000007f       0x80 build/hallinterrupts.o
 .comment       0x000000000000007f       0x80 build/motorcontrol.o

.debug_frame    0x0000000000000000     0x2100
 .debug_frame   0x0000000000000000      0x184 build/stm32f1xx_hal_rcc.o
 .debug_frame   0x0000000000000184      0xb04 build/stm32f1xx_hal_tim.o
 .debug_frame   0x0000000000000c88      0x3e4 build/stm32f1xx_hal_tim_ex.o
 .debug_frame   0x000000000000106c      0x1c4 build/stm32f1xx_hal_adc_ex.o
 .debug_frame   0x0000000000001230      0x13c build/stm32f1xx_hal_cortex.o
 .debug_frame   0x000000000000136c       0xe8 build/stm32f1xx_hal_gpio.o
 .debug_frame   0x0000000000001454      0x188 build/stm32f1xx_hal.o
 .debug_frame   0x00000000000015dc      0x31c build/stm32f1xx_hal_adc.o
 .debug_frame   0x00000000000018f8      0x168 build/stm32f1xx_hal_dma.o
 .debug_frame   0x0000000000001a60       0x74 build/system_at32f4xx.o
 .debug_frame   0x0000000000001ad4       0xd8 build/setup.o
 .debug_frame   0x0000000000001bac       0x84 build/main.o
 .debug_frame   0x0000000000001c30       0x2c build/bldc.o
 .debug_frame   0x0000000000001c5c      0x110 build/stm32f1xx_it.o
 .debug_frame   0x0000000000001d6c       0xac build/BLDC_controller.o
 .debug_frame   0x0000000000001e18      0x120 build/hallinterrupts.o
 .debug_frame   0x0000000000001f38       0x48 build/motorcontrol.o
 .debug_frame   0x0000000000001f80       0xac /usr/local/Cellar/gcc-arm-none-eabi/20180627/bin/../lib/gcc/arm-none-eabi/7.3.1/thumb/v7e-m/fpv4-sp/softfp/libgcc.a(_arm_addsubdf3.o)
 .debug_frame   0x000000000000202c       0x50 /usr/local/Cellar/gcc-arm-none-eabi/20180627/bin/../lib/gcc/arm-none-eabi/7.3.1/thumb/v7e-m/fpv4-sp/softfp/libgcc.a(_arm_muldivdf3.o)
 .debug_frame   0x000000000000207c       0x24 /usr/local/Cellar/gcc-arm-none-eabi/20180627/bin/../lib/gcc/arm-none-eabi/7.3.1/thumb/v7e-m/fpv4-sp/softfp/libgcc.a(_arm_fixdfsi.o)
 .debug_frame   0x00000000000020a0       0x2c /usr/local/Cellar/gcc-arm-none-eabi/20180627/bin/../lib/gcc/arm-none-eabi/7.3.1/thumb/v7e-m/fpv4-sp/softfp/libgcc.a(_aeabi_uldivmod.o)
 .debug_frame   0x00000000000020cc       0x34 /usr/local/Cellar/gcc-arm-none-eabi/20180627/bin/../lib/gcc/arm-none-eabi/7.3.1/thumb/v7e-m/fpv4-sp/softfp/libgcc.a(_udivmoddi4.o)

Cross Reference Table

Symbol                                            File
ADC1_2_IRQHandler                                 build/startup_at32f403xe.o
ADC3_IRQHandler                                   build/startup_at32f403xe.o
ADC_ConversionStop_Disable                        build/stm32f1xx_hal_adc.o
                                                  build/stm32f1xx_hal_adc_ex.o
ADC_DMAConvCplt                                   build/stm32f1xx_hal_adc.o
                                                  build/stm32f1xx_hal_adc_ex.o
ADC_DMAError                                      build/stm32f1xx_hal_adc.o
                                                  build/stm32f1xx_hal_adc_ex.o
ADC_DMAHalfConvCplt                               build/stm32f1xx_hal_adc.o
                                                  build/stm32f1xx_hal_adc_ex.o
ADC_Enable                                        build/stm32f1xx_hal_adc.o
                                                  build/stm32f1xx_hal_adc_ex.o
AHBPrescTable                                     build/system_at32f4xx.o
                                                  build/stm32f1xx_hal_rcc.o
AHBPscTable                                       build/system_at32f4xx.o
APBPrescTable                                     build/system_at32f4xx.o
                                                  build/stm32f1xx_hal_rcc.o
BLDC_controller_initialize                        build/BLDC_controller.o
                                                  build/motorcontrol.o
BLDC_controller_step                              build/BLDC_controller.o
                                                  build/motorcontrol.o
BusFault_Handler                                  build/stm32f1xx_it.o
CAN1_RX1_IRQHandler                               build/startup_at32f403xe.o
CAN1_SCE_IRQHandler                               build/startup_at32f403xe.o
DMA1_Channel1_IRQHandler                          build/bldc.o
DMA1_Channel2_IRQHandler                          build/startup_at32f403xe.o
DMA1_Channel3_IRQHandler                          build/startup_at32f403xe.o
DMA1_Channel4_IRQHandler                          build/startup_at32f403xe.o
DMA1_Channel5_IRQHandler                          build/startup_at32f403xe.o
DMA1_Channel6_IRQHandler                          build/stm32f1xx_it.o
DMA1_Channel7_IRQHandler                          build/stm32f1xx_it.o
DMA2_Channel1_IRQHandler                          build/startup_at32f403xe.o
DMA2_Channel2_IRQHandler                          build/startup_at32f403xe.o
DMA2_Channel3_IRQHandler                          build/startup_at32f403xe.o
DMA2_Channel4_5_IRQHandler                        build/startup_at32f403xe.o
DebugMon_Handler                                  build/stm32f1xx_it.o
Default_Handler                                   build/startup_at32f403xe.o
EXTI0_IRQHandler                                  build/startup_at32f403xe.o
EXTI15_10_IRQHandler                              build/stm32f1xx_it.o
EXTI1_IRQHandler                                  build/startup_at32f403xe.o
EXTI2_IRQHandler                                  build/startup_at32f403xe.o
EXTI3_IRQHandler                                  build/startup_at32f403xe.o
EXTI4_IRQHandler                                  build/startup_at32f403xe.o
EXTI9_5_IRQHandler                                build/stm32f1xx_it.o
Error_Handler                                     build/main.o
FLASH_IRQHandler                                  build/startup_at32f403xe.o
FLASH_PageErase                                   build/stm32f1xx_hal_flash_ex.o
                                                  build/stm32f1xx_hal_flash.o
FLASH_WaitForLastOperation                        build/stm32f1xx_hal_flash.o
                                                  build/stm32f1xx_hal_flash_ex.o
HAL_ADCEx_Calibration_Start                       build/stm32f1xx_hal_adc_ex.o
HAL_ADCEx_InjectedConfigChannel                   build/stm32f1xx_hal_adc_ex.o
HAL_ADCEx_InjectedConvCpltCallback                build/stm32f1xx_hal_adc_ex.o
                                                  build/stm32f1xx_hal_adc.o
HAL_ADCEx_InjectedGetValue                        build/stm32f1xx_hal_adc_ex.o
HAL_ADCEx_InjectedPollForConversion               build/stm32f1xx_hal_adc_ex.o
HAL_ADCEx_InjectedStart                           build/stm32f1xx_hal_adc_ex.o
HAL_ADCEx_InjectedStart_IT                        build/stm32f1xx_hal_adc_ex.o
HAL_ADCEx_InjectedStop                            build/stm32f1xx_hal_adc_ex.o
HAL_ADCEx_InjectedStop_IT                         build/stm32f1xx_hal_adc_ex.o
HAL_ADCEx_MultiModeConfigChannel                  build/stm32f1xx_hal_adc_ex.o
                                                  build/setup.o
HAL_ADCEx_MultiModeGetValue                       build/stm32f1xx_hal_adc_ex.o
HAL_ADCEx_MultiModeStart_DMA                      build/stm32f1xx_hal_adc_ex.o
HAL_ADCEx_MultiModeStop_DMA                       build/stm32f1xx_hal_adc_ex.o
HAL_ADC_AnalogWDGConfig                           build/stm32f1xx_hal_adc.o
HAL_ADC_ConfigChannel                             build/stm32f1xx_hal_adc.o
                                                  build/setup.o
HAL_ADC_ConvCpltCallback                          build/stm32f1xx_hal_adc.o
HAL_ADC_ConvHalfCpltCallback                      build/stm32f1xx_hal_adc.o
HAL_ADC_DeInit                                    build/stm32f1xx_hal_adc.o
HAL_ADC_ErrorCallback                             build/stm32f1xx_hal_adc.o
HAL_ADC_GetError                                  build/stm32f1xx_hal_adc.o
HAL_ADC_GetState                                  build/stm32f1xx_hal_adc.o
HAL_ADC_GetValue                                  build/stm32f1xx_hal_adc.o
HAL_ADC_IRQHandler                                build/stm32f1xx_hal_adc.o
HAL_ADC_Init                                      build/stm32f1xx_hal_adc.o
                                                  build/setup.o
HAL_ADC_LevelOutOfWindowCallback                  build/stm32f1xx_hal_adc.o
HAL_ADC_MspDeInit                                 build/stm32f1xx_hal_adc.o
HAL_ADC_MspInit                                   build/stm32f1xx_hal_adc.o
HAL_ADC_PollForConversion                         build/stm32f1xx_hal_adc.o
HAL_ADC_PollForEvent                              build/stm32f1xx_hal_adc.o
HAL_ADC_Start                                     build/stm32f1xx_hal_adc.o
                                                  build/main.o
HAL_ADC_Start_DMA                                 build/stm32f1xx_hal_adc.o
HAL_ADC_Start_IT                                  build/stm32f1xx_hal_adc.o
HAL_ADC_Stop                                      build/stm32f1xx_hal_adc.o
HAL_ADC_Stop_DMA                                  build/stm32f1xx_hal_adc.o
HAL_ADC_Stop_IT                                   build/stm32f1xx_hal_adc.o
HAL_DBGMCU_DisableDBGSleepMode                    build/stm32f1xx_hal.o
HAL_DBGMCU_DisableDBGStandbyMode                  build/stm32f1xx_hal.o
HAL_DBGMCU_DisableDBGStopMode                     build/stm32f1xx_hal.o
HAL_DBGMCU_EnableDBGSleepMode                     build/stm32f1xx_hal.o
HAL_DBGMCU_EnableDBGStandbyMode                   build/stm32f1xx_hal.o
HAL_DBGMCU_EnableDBGStopMode                      build/stm32f1xx_hal.o
HAL_DMA_Abort                                     build/stm32f1xx_hal_dma.o
                                                  build/stm32f1xx_hal_uart.o
                                                  build/stm32f1xx_hal_adc.o
                                                  build/stm32f1xx_hal_adc_ex.o
                                                  build/stm32f1xx_hal_tim.o
HAL_DMA_Abort_IT                                  build/stm32f1xx_hal_dma.o
                                                  build/stm32f1xx_hal_i2c.o
                                                  build/stm32f1xx_hal_uart.o
HAL_DMA_DeInit                                    build/stm32f1xx_hal_dma.o
HAL_DMA_GetError                                  build/stm32f1xx_hal_dma.o
HAL_DMA_GetState                                  build/stm32f1xx_hal_dma.o
HAL_DMA_IRQHandler                                build/stm32f1xx_hal_dma.o
                                                  build/stm32f1xx_it.o
HAL_DMA_Init                                      build/stm32f1xx_hal_dma.o
HAL_DMA_PollForTransfer                           build/stm32f1xx_hal_dma.o
HAL_DMA_RegisterCallback                          build/stm32f1xx_hal_dma.o
HAL_DMA_Start                                     build/stm32f1xx_hal_dma.o
HAL_DMA_Start_IT                                  build/stm32f1xx_hal_dma.o
                                                  build/stm32f1xx_hal_i2c.o
                                                  build/stm32f1xx_hal_uart.o
                                                  build/stm32f1xx_hal_adc.o
                                                  build/stm32f1xx_hal_adc_ex.o
                                                  build/stm32f1xx_hal_tim_ex.o
                                                  build/stm32f1xx_hal_tim.o
HAL_DMA_UnRegisterCallback                        build/stm32f1xx_hal_dma.o
HAL_DeInit                                        build/stm32f1xx_hal.o
HAL_Delay                                         build/stm32f1xx_hal.o
                                                  build/main.o
                                                  build/control.o
HAL_FLASHEx_Erase                                 build/stm32f1xx_hal_flash_ex.o
HAL_FLASHEx_Erase_IT                              build/stm32f1xx_hal_flash_ex.o
HAL_FLASHEx_OBErase                               build/stm32f1xx_hal_flash_ex.o
HAL_FLASHEx_OBGetConfig                           build/stm32f1xx_hal_flash_ex.o
HAL_FLASHEx_OBGetUserData                         build/stm32f1xx_hal_flash_ex.o
HAL_FLASHEx_OBProgram                             build/stm32f1xx_hal_flash_ex.o
HAL_FLASH_EndOfOperationCallback                  build/stm32f1xx_hal_flash.o
HAL_FLASH_GetError                                build/stm32f1xx_hal_flash.o
HAL_FLASH_IRQHandler                              build/stm32f1xx_hal_flash.o
HAL_FLASH_Lock                                    build/stm32f1xx_hal_flash.o
HAL_FLASH_OB_Launch                               build/stm32f1xx_hal_flash.o
HAL_FLASH_OB_Lock                                 build/stm32f1xx_hal_flash.o
HAL_FLASH_OB_Unlock                               build/stm32f1xx_hal_flash.o
HAL_FLASH_OperationErrorCallback                  build/stm32f1xx_hal_flash.o
HAL_FLASH_Program                                 build/stm32f1xx_hal_flash.o
HAL_FLASH_Program_IT                              build/stm32f1xx_hal_flash.o
HAL_FLASH_Unlock                                  build/stm32f1xx_hal_flash.o
HAL_GPIOEx_ConfigEventout                         build/stm32f1xx_hal_gpio_ex.o
HAL_GPIOEx_DisableEventout                        build/stm32f1xx_hal_gpio_ex.o
HAL_GPIOEx_EnableEventout                         build/stm32f1xx_hal_gpio_ex.o
HAL_GPIO_DeInit                                   build/stm32f1xx_hal_gpio.o
HAL_GPIO_EXTI_Callback                            build/stm32f1xx_hal_gpio.o
HAL_GPIO_EXTI_IRQHandler                          build/stm32f1xx_hal_gpio.o
HAL_GPIO_Init                                     build/stm32f1xx_hal_gpio.o
                                                  build/setup.o
                                                  build/stm32f1xx_hal_rcc.o
HAL_GPIO_LockPin                                  build/stm32f1xx_hal_gpio.o
HAL_GPIO_ReadPin                                  build/stm32f1xx_hal_gpio.o
                                                  build/main.o
HAL_GPIO_TogglePin                                build/stm32f1xx_hal_gpio.o
                                                  build/bldc.o
HAL_GPIO_WritePin                                 build/stm32f1xx_hal_gpio.o
                                                  build/bldc.o
                                                  build/main.o
HAL_GetDEVID                                      build/stm32f1xx_hal.o
HAL_GetHalVersion                                 build/stm32f1xx_hal.o
HAL_GetREVID                                      build/stm32f1xx_hal.o
HAL_GetTick                                       build/stm32f1xx_hal.o
                                                  build/stm32f1xx_hal_dma.o
                                                  build/stm32f1xx_hal_i2c.o
                                                  build/stm32f1xx_hal_uart.o
                                                  build/stm32f1xx_hal_adc.o
                                                  build/stm32f1xx_hal_rcc_ex.o
                                                  build/stm32f1xx_hal_adc_ex.o
                                                  build/stm32f1xx_hal_rcc.o
                                                  build/stm32f1xx_hal_flash.o
HAL_GetUID                                        build/stm32f1xx_hal.o
HAL_HalfDuplex_EnableReceiver                     build/stm32f1xx_hal_uart.o
HAL_HalfDuplex_EnableTransmitter                  build/stm32f1xx_hal_uart.o
HAL_HalfDuplex_Init                               build/stm32f1xx_hal_uart.o
HAL_I2C_AbortCpltCallback                         build/stm32f1xx_hal_i2c.o
HAL_I2C_AddrCallback                              build/stm32f1xx_hal_i2c.o
HAL_I2C_DeInit                                    build/stm32f1xx_hal_i2c.o
HAL_I2C_DisableListen_IT                          build/stm32f1xx_hal_i2c.o
HAL_I2C_ER_IRQHandler                             build/stm32f1xx_hal_i2c.o
HAL_I2C_EV_IRQHandler                             build/stm32f1xx_hal_i2c.o
HAL_I2C_EnableListen_IT                           build/stm32f1xx_hal_i2c.o
HAL_I2C_ErrorCallback                             build/stm32f1xx_hal_i2c.o
HAL_I2C_GetError                                  build/stm32f1xx_hal_i2c.o
HAL_I2C_GetMode                                   build/stm32f1xx_hal_i2c.o
HAL_I2C_GetState                                  build/stm32f1xx_hal_i2c.o
HAL_I2C_Init                                      build/stm32f1xx_hal_i2c.o
HAL_I2C_IsDeviceReady                             build/stm32f1xx_hal_i2c.o
HAL_I2C_ListenCpltCallback                        build/stm32f1xx_hal_i2c.o
HAL_I2C_MasterRxCpltCallback                      build/stm32f1xx_hal_i2c.o
HAL_I2C_MasterTxCpltCallback                      build/stm32f1xx_hal_i2c.o
HAL_I2C_Master_Abort_IT                           build/stm32f1xx_hal_i2c.o
HAL_I2C_Master_Receive                            build/stm32f1xx_hal_i2c.o
                                                  build/control.o
HAL_I2C_Master_Receive_DMA                        build/stm32f1xx_hal_i2c.o
HAL_I2C_Master_Receive_IT                         build/stm32f1xx_hal_i2c.o
HAL_I2C_Master_Sequential_Receive_IT              build/stm32f1xx_hal_i2c.o
HAL_I2C_Master_Sequential_Transmit_IT             build/stm32f1xx_hal_i2c.o
HAL_I2C_Master_Transmit                           build/stm32f1xx_hal_i2c.o
                                                  build/control.o
HAL_I2C_Master_Transmit_DMA                       build/stm32f1xx_hal_i2c.o
HAL_I2C_Master_Transmit_IT                        build/stm32f1xx_hal_i2c.o
HAL_I2C_MemRxCpltCallback                         build/stm32f1xx_hal_i2c.o
HAL_I2C_MemTxCpltCallback                         build/stm32f1xx_hal_i2c.o
HAL_I2C_Mem_Read                                  build/stm32f1xx_hal_i2c.o
HAL_I2C_Mem_Read_DMA                              build/stm32f1xx_hal_i2c.o
HAL_I2C_Mem_Read_IT                               build/stm32f1xx_hal_i2c.o
HAL_I2C_Mem_Write                                 build/stm32f1xx_hal_i2c.o
HAL_I2C_Mem_Write_DMA                             build/stm32f1xx_hal_i2c.o
HAL_I2C_Mem_Write_IT                              build/stm32f1xx_hal_i2c.o
HAL_I2C_MspDeInit                                 build/stm32f1xx_hal_i2c.o
HAL_I2C_MspInit                                   build/stm32f1xx_hal_i2c.o
HAL_I2C_SlaveRxCpltCallback                       build/stm32f1xx_hal_i2c.o
HAL_I2C_SlaveTxCpltCallback                       build/stm32f1xx_hal_i2c.o
HAL_I2C_Slave_Receive                             build/stm32f1xx_hal_i2c.o
HAL_I2C_Slave_Receive_DMA                         build/stm32f1xx_hal_i2c.o
HAL_I2C_Slave_Receive_IT                          build/stm32f1xx_hal_i2c.o
HAL_I2C_Slave_Sequential_Receive_IT               build/stm32f1xx_hal_i2c.o
HAL_I2C_Slave_Sequential_Transmit_IT              build/stm32f1xx_hal_i2c.o
HAL_I2C_Slave_Transmit                            build/stm32f1xx_hal_i2c.o
HAL_I2C_Slave_Transmit_DMA                        build/stm32f1xx_hal_i2c.o
HAL_I2C_Slave_Transmit_IT                         build/stm32f1xx_hal_i2c.o
HAL_IncTick                                       build/stm32f1xx_hal.o
                                                  build/stm32f1xx_it.o
HAL_Init                                          build/stm32f1xx_hal.o
                                                  build/main.o
HAL_InitTick                                      build/stm32f1xx_hal.o
                                                  build/stm32f1xx_hal_rcc.o
HAL_LIN_Init                                      build/stm32f1xx_hal_uart.o
HAL_LIN_SendBreak                                 build/stm32f1xx_hal_uart.o
HAL_MspDeInit                                     build/stm32f1xx_hal.o
HAL_MspInit                                       build/stm32f1xx_hal.o
HAL_MultiProcessor_EnterMuteMode                  build/stm32f1xx_hal_uart.o
HAL_MultiProcessor_ExitMuteMode                   build/stm32f1xx_hal_uart.o
HAL_MultiProcessor_Init                           build/stm32f1xx_hal_uart.o
HAL_NVIC_ClearPendingIRQ                          build/stm32f1xx_hal_cortex.o
HAL_NVIC_DisableIRQ                               build/stm32f1xx_hal_cortex.o
                                                  build/hallinterrupts.o
HAL_NVIC_EnableIRQ                                build/stm32f1xx_hal_cortex.o
                                                  build/hallinterrupts.o
                                                  build/setup.o
HAL_NVIC_GetActive                                build/stm32f1xx_hal_cortex.o
HAL_NVIC_GetPendingIRQ                            build/stm32f1xx_hal_cortex.o
HAL_NVIC_GetPriority                              build/stm32f1xx_hal_cortex.o
HAL_NVIC_GetPriorityGrouping                      build/stm32f1xx_hal_cortex.o
HAL_NVIC_SetPendingIRQ                            build/stm32f1xx_hal_cortex.o
HAL_NVIC_SetPriority                              build/stm32f1xx_hal_cortex.o
                                                  build/hallinterrupts.o
                                                  build/main.o
                                                  build/setup.o
                                                  build/stm32f1xx_hal.o
HAL_NVIC_SetPriorityGrouping                      build/stm32f1xx_hal_cortex.o
                                                  build/main.o
                                                  build/stm32f1xx_hal.o
HAL_NVIC_SystemReset                              build/stm32f1xx_hal_cortex.o
                                                  build/stm32f1xx_hal_flash.o
HAL_PWR_ConfigPVD                                 build/stm32f1xx_hal_pwr.o
HAL_PWR_DeInit                                    build/stm32f1xx_hal_pwr.o
HAL_PWR_DisableBkUpAccess                         build/stm32f1xx_hal_pwr.o
HAL_PWR_DisablePVD                                build/stm32f1xx_hal_pwr.o
HAL_PWR_DisableSEVOnPend                          build/stm32f1xx_hal_pwr.o
HAL_PWR_DisableSleepOnExit                        build/stm32f1xx_hal_pwr.o
HAL_PWR_DisableWakeUpPin                          build/stm32f1xx_hal_pwr.o
HAL_PWR_EnableBkUpAccess                          build/stm32f1xx_hal_pwr.o
HAL_PWR_EnablePVD                                 build/stm32f1xx_hal_pwr.o
HAL_PWR_EnableSEVOnPend                           build/stm32f1xx_hal_pwr.o
HAL_PWR_EnableSleepOnExit                         build/stm32f1xx_hal_pwr.o
HAL_PWR_EnableWakeUpPin                           build/stm32f1xx_hal_pwr.o
HAL_PWR_EnterSLEEPMode                            build/stm32f1xx_hal_pwr.o
HAL_PWR_EnterSTANDBYMode                          build/stm32f1xx_hal_pwr.o
HAL_PWR_EnterSTOPMode                             build/stm32f1xx_hal_pwr.o
HAL_PWR_PVDCallback                               build/stm32f1xx_hal_pwr.o
HAL_PWR_PVD_IRQHandler                            build/stm32f1xx_hal_pwr.o
HAL_RCCEx_GetPeriphCLKConfig                      build/stm32f1xx_hal_rcc_ex.o
HAL_RCCEx_GetPeriphCLKFreq                        build/stm32f1xx_hal_rcc_ex.o
                                                  build/stm32f1xx_hal_adc.o
                                                  build/stm32f1xx_hal_adc_ex.o
HAL_RCCEx_PeriphCLKConfig                         build/stm32f1xx_hal_rcc_ex.o
HAL_RCC_CSSCallback                               build/stm32f1xx_hal_rcc.o
HAL_RCC_ClockConfig                               build/stm32f1xx_hal_rcc.o
HAL_RCC_DeInit                                    build/stm32f1xx_hal_rcc.o
HAL_RCC_DisableCSS                                build/stm32f1xx_hal_rcc.o
HAL_RCC_EnableCSS                                 build/stm32f1xx_hal_rcc.o
HAL_RCC_GetClockConfig                            build/stm32f1xx_hal_rcc.o
HAL_RCC_GetHCLKFreq                               build/stm32f1xx_hal_rcc.o
                                                  build/main.o
HAL_RCC_GetOscConfig                              build/stm32f1xx_hal_rcc.o
HAL_RCC_GetPCLK1Freq                              build/stm32f1xx_hal_rcc.o
                                                  build/stm32f1xx_hal_i2c.o
                                                  build/stm32f1xx_hal_uart.o
HAL_RCC_GetPCLK2Freq                              build/stm32f1xx_hal_rcc.o
                                                  build/stm32f1xx_hal_uart.o
                                                  build/stm32f1xx_hal_rcc_ex.o
HAL_RCC_GetSysClockFreq                           build/stm32f1xx_hal_rcc.o
                                                  build/stm32f1xx_hal_rcc_ex.o
HAL_RCC_MCOConfig                                 build/stm32f1xx_hal_rcc.o
HAL_RCC_NMI_IRQHandler                            build/stm32f1xx_hal_rcc.o
HAL_RCC_OscConfig                                 build/stm32f1xx_hal_rcc.o
HAL_ResumeTick                                    build/stm32f1xx_hal.o
HAL_SYSTICK_CLKSourceConfig                       build/stm32f1xx_hal_cortex.o
                                                  build/main.o
HAL_SYSTICK_Callback                              build/stm32f1xx_hal_cortex.o
HAL_SYSTICK_Config                                build/stm32f1xx_hal_cortex.o
                                                  build/main.o
                                                  build/stm32f1xx_hal.o
HAL_SYSTICK_IRQHandler                            build/stm32f1xx_hal_cortex.o
                                                  build/stm32f1xx_it.o
HAL_SuspendTick                                   build/stm32f1xx_hal.o
HAL_TIMEx_BreakCallback                           build/stm32f1xx_hal_tim_ex.o
                                                  build/stm32f1xx_hal_tim.o
HAL_TIMEx_CommutationCallback                     build/stm32f1xx_hal_tim_ex.o
                                                  build/stm32f1xx_hal_tim.o
HAL_TIMEx_ConfigBreakDeadTime                     build/stm32f1xx_hal_tim_ex.o
                                                  build/setup.o
HAL_TIMEx_ConfigCommutationEvent                  build/stm32f1xx_hal_tim_ex.o
HAL_TIMEx_ConfigCommutationEvent_DMA              build/stm32f1xx_hal_tim_ex.o
HAL_TIMEx_ConfigCommutationEvent_IT               build/stm32f1xx_hal_tim_ex.o
HAL_TIMEx_HallSensor_DeInit                       build/stm32f1xx_hal_tim_ex.o
HAL_TIMEx_HallSensor_GetState                     build/stm32f1xx_hal_tim_ex.o
HAL_TIMEx_HallSensor_Init                         build/stm32f1xx_hal_tim_ex.o
HAL_TIMEx_HallSensor_MspDeInit                    build/stm32f1xx_hal_tim_ex.o
HAL_TIMEx_HallSensor_MspInit                      build/stm32f1xx_hal_tim_ex.o
HAL_TIMEx_HallSensor_Start                        build/stm32f1xx_hal_tim_ex.o
HAL_TIMEx_HallSensor_Start_DMA                    build/stm32f1xx_hal_tim_ex.o
HAL_TIMEx_HallSensor_Start_IT                     build/stm32f1xx_hal_tim_ex.o
HAL_TIMEx_HallSensor_Stop                         build/stm32f1xx_hal_tim_ex.o
HAL_TIMEx_HallSensor_Stop_DMA                     build/stm32f1xx_hal_tim_ex.o
HAL_TIMEx_HallSensor_Stop_IT                      build/stm32f1xx_hal_tim_ex.o
HAL_TIMEx_MasterConfigSynchronization             build/stm32f1xx_hal_tim_ex.o
                                                  build/setup.o
HAL_TIMEx_OCN_Start                               build/stm32f1xx_hal_tim_ex.o
HAL_TIMEx_OCN_Start_DMA                           build/stm32f1xx_hal_tim_ex.o
HAL_TIMEx_OCN_Start_IT                            build/stm32f1xx_hal_tim_ex.o
HAL_TIMEx_OCN_Stop                                build/stm32f1xx_hal_tim_ex.o
HAL_TIMEx_OCN_Stop_DMA                            build/stm32f1xx_hal_tim_ex.o
HAL_TIMEx_OCN_Stop_IT                             build/stm32f1xx_hal_tim_ex.o
HAL_TIMEx_OnePulseN_Start                         build/stm32f1xx_hal_tim_ex.o
HAL_TIMEx_OnePulseN_Start_IT                      build/stm32f1xx_hal_tim_ex.o
HAL_TIMEx_OnePulseN_Stop                          build/stm32f1xx_hal_tim_ex.o
HAL_TIMEx_OnePulseN_Stop_IT                       build/stm32f1xx_hal_tim_ex.o
HAL_TIMEx_PWMN_Start                              build/stm32f1xx_hal_tim_ex.o
                                                  build/setup.o
HAL_TIMEx_PWMN_Start_DMA                          build/stm32f1xx_hal_tim_ex.o
HAL_TIMEx_PWMN_Start_IT                           build/stm32f1xx_hal_tim_ex.o
HAL_TIMEx_PWMN_Stop                               build/stm32f1xx_hal_tim_ex.o
HAL_TIMEx_PWMN_Stop_DMA                           build/stm32f1xx_hal_tim_ex.o
HAL_TIMEx_PWMN_Stop_IT                            build/stm32f1xx_hal_tim_ex.o
HAL_TIM_Base_DeInit                               build/stm32f1xx_hal_tim.o
HAL_TIM_Base_GetState                             build/stm32f1xx_hal_tim.o
HAL_TIM_Base_Init                                 build/stm32f1xx_hal_tim.o
                                                  build/hallinterrupts.o
HAL_TIM_Base_MspDeInit                            build/stm32f1xx_hal_tim.o
HAL_TIM_Base_MspInit                              build/stm32f1xx_hal_tim.o
HAL_TIM_Base_Start                                build/stm32f1xx_hal_tim.o
                                                  build/hallinterrupts.o
HAL_TIM_Base_Start_DMA                            build/stm32f1xx_hal_tim.o
HAL_TIM_Base_Start_IT                             build/stm32f1xx_hal_tim.o
HAL_TIM_Base_Stop                                 build/stm32f1xx_hal_tim.o
HAL_TIM_Base_Stop_DMA                             build/stm32f1xx_hal_tim.o
HAL_TIM_Base_Stop_IT                              build/stm32f1xx_hal_tim.o
HAL_TIM_ConfigClockSource                         build/stm32f1xx_hal_tim.o
HAL_TIM_ConfigOCrefClear                          build/stm32f1xx_hal_tim.o
HAL_TIM_ConfigTI1Input                            build/stm32f1xx_hal_tim.o
HAL_TIM_DMABurst_ReadStart                        build/stm32f1xx_hal_tim.o
HAL_TIM_DMABurst_ReadStop                         build/stm32f1xx_hal_tim.o
HAL_TIM_DMABurst_WriteStart                       build/stm32f1xx_hal_tim.o
HAL_TIM_DMABurst_WriteStop                        build/stm32f1xx_hal_tim.o
HAL_TIM_Encoder_DeInit                            build/stm32f1xx_hal_tim.o
HAL_TIM_Encoder_GetState                          build/stm32f1xx_hal_tim.o
HAL_TIM_Encoder_Init                              build/stm32f1xx_hal_tim.o
HAL_TIM_Encoder_MspDeInit                         build/stm32f1xx_hal_tim.o
HAL_TIM_Encoder_MspInit                           build/stm32f1xx_hal_tim.o
HAL_TIM_Encoder_Start                             build/stm32f1xx_hal_tim.o
HAL_TIM_Encoder_Start_DMA                         build/stm32f1xx_hal_tim.o
HAL_TIM_Encoder_Start_IT                          build/stm32f1xx_hal_tim.o
HAL_TIM_Encoder_Stop                              build/stm32f1xx_hal_tim.o
HAL_TIM_Encoder_Stop_DMA                          build/stm32f1xx_hal_tim.o
HAL_TIM_Encoder_Stop_IT                           build/stm32f1xx_hal_tim.o
HAL_TIM_ErrorCallback                             build/stm32f1xx_hal_tim.o
HAL_TIM_GenerateEvent                             build/stm32f1xx_hal_tim.o
HAL_TIM_IC_CaptureCallback                        build/stm32f1xx_hal_tim.o
HAL_TIM_IC_ConfigChannel                          build/stm32f1xx_hal_tim.o
HAL_TIM_IC_DeInit                                 build/stm32f1xx_hal_tim.o
HAL_TIM_IC_GetState                               build/stm32f1xx_hal_tim.o
HAL_TIM_IC_Init                                   build/stm32f1xx_hal_tim.o
HAL_TIM_IC_MspDeInit                              build/stm32f1xx_hal_tim.o
HAL_TIM_IC_MspInit                                build/stm32f1xx_hal_tim.o
HAL_TIM_IC_Start                                  build/stm32f1xx_hal_tim.o
HAL_TIM_IC_Start_DMA                              build/stm32f1xx_hal_tim.o
HAL_TIM_IC_Start_IT                               build/stm32f1xx_hal_tim.o
HAL_TIM_IC_Stop                                   build/stm32f1xx_hal_tim.o
HAL_TIM_IC_Stop_DMA                               build/stm32f1xx_hal_tim.o
HAL_TIM_IC_Stop_IT                                build/stm32f1xx_hal_tim.o
HAL_TIM_IRQHandler                                build/stm32f1xx_hal_tim.o
HAL_TIM_OC_ConfigChannel                          build/stm32f1xx_hal_tim.o
HAL_TIM_OC_DeInit                                 build/stm32f1xx_hal_tim.o
HAL_TIM_OC_DelayElapsedCallback                   build/stm32f1xx_hal_tim.o
HAL_TIM_OC_GetState                               build/stm32f1xx_hal_tim.o
HAL_TIM_OC_Init                                   build/stm32f1xx_hal_tim.o
HAL_TIM_OC_MspDeInit                              build/stm32f1xx_hal_tim.o
HAL_TIM_OC_MspInit                                build/stm32f1xx_hal_tim.o
HAL_TIM_OC_Start                                  build/stm32f1xx_hal_tim.o
HAL_TIM_OC_Start_DMA                              build/stm32f1xx_hal_tim.o
HAL_TIM_OC_Start_IT                               build/stm32f1xx_hal_tim.o
HAL_TIM_OC_Stop                                   build/stm32f1xx_hal_tim.o
HAL_TIM_OC_Stop_DMA                               build/stm32f1xx_hal_tim.o
HAL_TIM_OC_Stop_IT                                build/stm32f1xx_hal_tim.o
HAL_TIM_OnePulse_ConfigChannel                    build/stm32f1xx_hal_tim.o
HAL_TIM_OnePulse_DeInit                           build/stm32f1xx_hal_tim.o
HAL_TIM_OnePulse_GetState                         build/stm32f1xx_hal_tim.o
HAL_TIM_OnePulse_Init                             build/stm32f1xx_hal_tim.o
HAL_TIM_OnePulse_MspDeInit                        build/stm32f1xx_hal_tim.o
HAL_TIM_OnePulse_MspInit                          build/stm32f1xx_hal_tim.o
HAL_TIM_OnePulse_Start                            build/stm32f1xx_hal_tim.o
HAL_TIM_OnePulse_Start_IT                         build/stm32f1xx_hal_tim.o
HAL_TIM_OnePulse_Stop                             build/stm32f1xx_hal_tim.o
HAL_TIM_OnePulse_Stop_IT                          build/stm32f1xx_hal_tim.o
HAL_TIM_PWM_ConfigChannel                         build/stm32f1xx_hal_tim.o
                                                  build/setup.o
HAL_TIM_PWM_DeInit                                build/stm32f1xx_hal_tim.o
HAL_TIM_PWM_GetState                              build/stm32f1xx_hal_tim.o
HAL_TIM_PWM_Init                                  build/stm32f1xx_hal_tim.o
                                                  build/setup.o
HAL_TIM_PWM_MspDeInit                             build/stm32f1xx_hal_tim.o
HAL_TIM_PWM_MspInit                               build/stm32f1xx_hal_tim.o
HAL_TIM_PWM_PulseFinishedCallback                 build/stm32f1xx_hal_tim.o
HAL_TIM_PWM_Start                                 build/stm32f1xx_hal_tim.o
                                                  build/setup.o
HAL_TIM_PWM_Start_DMA                             build/stm32f1xx_hal_tim.o
HAL_TIM_PWM_Start_IT                              build/stm32f1xx_hal_tim.o
HAL_TIM_PWM_Stop                                  build/stm32f1xx_hal_tim.o
HAL_TIM_PWM_Stop_DMA                              build/stm32f1xx_hal_tim.o
HAL_TIM_PWM_Stop_IT                               build/stm32f1xx_hal_tim.o
HAL_TIM_PeriodElapsedCallback                     build/stm32f1xx_hal_tim.o
HAL_TIM_ReadCapturedValue                         build/stm32f1xx_hal_tim.o
HAL_TIM_SlaveConfigSynchronization                build/stm32f1xx_hal_tim.o
                                                  build/setup.o
HAL_TIM_SlaveConfigSynchronization_IT             build/stm32f1xx_hal_tim.o
HAL_TIM_TriggerCallback                           build/stm32f1xx_hal_tim.o
HAL_UART_Abort                                    build/stm32f1xx_hal_uart.o
HAL_UART_AbortCpltCallback                        build/stm32f1xx_hal_uart.o
HAL_UART_AbortReceive                             build/stm32f1xx_hal_uart.o
HAL_UART_AbortReceiveCpltCallback                 build/stm32f1xx_hal_uart.o
HAL_UART_AbortReceive_IT                          build/stm32f1xx_hal_uart.o
HAL_UART_AbortTransmit                            build/stm32f1xx_hal_uart.o
HAL_UART_AbortTransmitCpltCallback                build/stm32f1xx_hal_uart.o
HAL_UART_AbortTransmit_IT                         build/stm32f1xx_hal_uart.o
HAL_UART_Abort_IT                                 build/stm32f1xx_hal_uart.o
HAL_UART_DMAPause                                 build/stm32f1xx_hal_uart.o
HAL_UART_DMAResume                                build/stm32f1xx_hal_uart.o
HAL_UART_DMAStop                                  build/stm32f1xx_hal_uart.o
HAL_UART_DeInit                                   build/stm32f1xx_hal_uart.o
HAL_UART_ErrorCallback                            build/stm32f1xx_hal_uart.o
HAL_UART_GetError                                 build/stm32f1xx_hal_uart.o
HAL_UART_GetState                                 build/stm32f1xx_hal_uart.o
HAL_UART_IRQHandler                               build/stm32f1xx_hal_uart.o
HAL_UART_Init                                     build/stm32f1xx_hal_uart.o
HAL_UART_MspDeInit                                build/stm32f1xx_hal_uart.o
HAL_UART_MspInit                                  build/stm32f1xx_hal_uart.o
HAL_UART_Receive                                  build/stm32f1xx_hal_uart.o
HAL_UART_Receive_DMA                              build/stm32f1xx_hal_uart.o
HAL_UART_Receive_IT                               build/stm32f1xx_hal_uart.o
HAL_UART_RxCpltCallback                           build/stm32f1xx_hal_uart.o
HAL_UART_RxHalfCpltCallback                       build/stm32f1xx_hal_uart.o
HAL_UART_Transmit                                 build/stm32f1xx_hal_uart.o
HAL_UART_Transmit_DMA                             build/stm32f1xx_hal_uart.o
HAL_UART_Transmit_IT                              build/stm32f1xx_hal_uart.o
HAL_UART_TxCpltCallback                           build/stm32f1xx_hal_uart.o
HAL_UART_TxHalfCpltCallback                       build/stm32f1xx_hal_uart.o
HallData                                          build/hallinterrupts.o
HallGetuS                                         build/hallinterrupts.o
HallInterruptReadPosn                             build/hallinterrupts.o
HallInterruptReset                                build/hallinterrupts.o
HallInterruptSetWheelDiameterInches               build/hallinterrupts.o
HallInterruptSetWheelDiameterMM                   build/hallinterrupts.o
HallInterruptinit                                 build/hallinterrupts.o
HallInterruptsInterrupt                           build/hallinterrupts.o
                                                  build/stm32f1xx_it.o
HardFault_Handler                                 build/stm32f1xx_it.o
I2C1_ER_IRQHandler                                build/startup_at32f403xe.o
I2C1_EV_IRQHandler                                build/startup_at32f403xe.o
I2C2_ER_IRQHandler                                build/startup_at32f403xe.o
I2C2_EV_IRQHandler                                build/startup_at32f403xe.o
I2C3_ER_IRQHandler                                build/startup_at32f403xe.o
I2C3_EV_IRQHandler                                build/startup_at32f403xe.o
MX_ADC1_Init                                      build/setup.o
                                                  build/main.o
MX_ADC2_Init                                      build/setup.o
                                                  build/main.o
MX_GPIO_Init                                      build/setup.o
                                                  build/main.o
MX_TIM_Init                                       build/setup.o
                                                  build/main.o
MemManage_Handler                                 build/stm32f1xx_it.o
NMI_Handler                                       build/stm32f1xx_it.o
Nunchuck_Init                                     build/control.o
Nunchuck_Read                                     build/control.o
PVD_IRQHandler                                    build/startup_at32f403xe.o
PendSV_Handler                                    build/stm32f1xx_it.o
RCC_IRQHandler                                    build/startup_at32f403xe.o
RTCAlarm_IRQHandler                               build/startup_at32f403xe.o
RTC_Alarm_IRQHandler                              build/startup_at32f403xe.o
RTC_IRQHandler                                    build/startup_at32f403xe.o
Reset_Handler                                     build/startup_at32f403xe.o
SDIO1_IRQHandler                                  build/startup_at32f403xe.o
SDIO2_IRQHandler                                  build/startup_at32f403xe.o
SPI1_IRQHandler                                   build/startup_at32f403xe.o
SPI2_IRQHandler                                   build/startup_at32f403xe.o
SPI3_IRQHandler                                   build/startup_at32f403xe.o
SPI4_IRQHandler                                   build/startup_at32f403xe.o
SVC_Handler                                       build/stm32f1xx_it.o
SysTick_Handler                                   build/stm32f1xx_it.o
SystemClock_Config                                build/main.o
SystemCoreClock                                   build/system_at32f4xx.o
                                                  build/setup.o
                                                  build/stm32f1xx_hal_i2c.o
                                                  build/stm32f1xx_hal_adc.o
                                                  build/stm32f1xx_hal.o
                                                  build/stm32f1xx_hal_adc_ex.o
                                                  build/stm32f1xx_hal_rcc.o
SystemCoreClockUpdate                             build/system_at32f4xx.o
SystemInit                                        build/system_at32f4xx.o
                                                  build/startup_at32f403xe.o
TAMPER_IRQHandler                                 build/startup_at32f403xe.o
TIMEx_DMACommutationCplt                          build/stm32f1xx_hal_tim_ex.o
                                                  build/stm32f1xx_hal_tim.o
TIM_Base_SetConfig                                build/stm32f1xx_hal_tim.o
                                                  build/stm32f1xx_hal_tim_ex.o
TIM_CCxChannelCmd                                 build/stm32f1xx_hal_tim.o
                                                  build/stm32f1xx_hal_tim_ex.o
TIM_DMACaptureCplt                                build/stm32f1xx_hal_tim.o
                                                  build/stm32f1xx_hal_tim_ex.o
TIM_DMADelayPulseCplt                             build/stm32f1xx_hal_tim.o
                                                  build/stm32f1xx_hal_tim_ex.o
TIM_DMAError                                      build/stm32f1xx_hal_tim.o
                                                  build/stm32f1xx_hal_tim_ex.o
TIM_OC2_SetConfig                                 build/stm32f1xx_hal_tim.o
                                                  build/stm32f1xx_hal_tim_ex.o
TIM_TI1_SetConfig                                 build/stm32f1xx_hal_tim.o
                                                  build/stm32f1xx_hal_tim_ex.o
TMR15_BRK_IRQHandler                              build/startup_at32f403xe.o
TMR15_CC_IRQHandler                               build/startup_at32f403xe.o
TMR15_OV_IRQHandler                               build/startup_at32f403xe.o
TMR15_TRG_HALL_IRQHandler                         build/startup_at32f403xe.o
TMR1_BRK_TMR9_IRQHandler                          build/startup_at32f403xe.o
TMR1_CC_IRQHandler                                build/startup_at32f403xe.o
TMR1_OV_TMR10_IRQHandler                          build/startup_at32f403xe.o
TMR1_TRG_HALL_TMR11_IRQHandler                    build/startup_at32f403xe.o
TMR2_GLOBAL_IRQHandler                            build/startup_at32f403xe.o
TMR3_GLOBAL_IRQHandler                            build/startup_at32f403xe.o
TMR4_GLOBAL_IRQHandler                            build/hallinterrupts.o
TMR5_GLOBAL_IRQHandler                            build/startup_at32f403xe.o
TMR6_GLOBAL_IRQHandler                            build/startup_at32f403xe.o
TMR7_GLOBAL_IRQHandler                            build/startup_at32f403xe.o
TMR8_BRK_TMR12_IRQHandler                         build/startup_at32f403xe.o
TMR8_CC_IRQHandler                                build/startup_at32f403xe.o
TMR8_OV_TMR13_IRQHandler                          build/startup_at32f403xe.o
TMR8_TRG_HALL_TMR14_IRQHandler                    build/startup_at32f403xe.o
TimHandle                                         build/control.o
TimHandleTim3                                     build/control.o
UART4_IRQHandler                                  build/startup_at32f403xe.o
UART5_IRQHandler                                  build/startup_at32f403xe.o
USART1_IRQHandler                                 build/startup_at32f403xe.o
USART2_IRQHandler                                 build/startup_at32f403xe.o
USART3_IRQHandler                                 build/startup_at32f403xe.o
USBWakeUp_IRQHandler                              build/startup_at32f403xe.o
USB_HP_CAN1_TX_IRQHandler                         build/startup_at32f403xe.o
USB_LP_CAN1_RX0_IRQHandler                        build/startup_at32f403xe.o
UsageFault_Handler                                build/stm32f1xx_it.o
WWDG_IRQHandler                                   build/startup_at32f403xe.o
XMC_IRQHandler                                    build/startup_at32f403xe.o
__adddf3                                          /usr/local/Cellar/gcc-arm-none-eabi/20180627/bin/../lib/gcc/arm-none-eabi/7.3.1/thumb/v7e-m/fpv4-sp/softfp/libgcc.a(_arm_addsubdf3.o)
__aeabi_d2f                                       /usr/local/Cellar/gcc-arm-none-eabi/20180627/bin/../lib/gcc/arm-none-eabi/7.3.1/thumb/v7e-m/fpv4-sp/softfp/libgcc.a(_arm_truncdfsf2.o)
                                                  build/hallinterrupts.o
__aeabi_d2iz                                      /usr/local/Cellar/gcc-arm-none-eabi/20180627/bin/../lib/gcc/arm-none-eabi/7.3.1/thumb/v7e-m/fpv4-sp/softfp/libgcc.a(_arm_fixdfsi.o)
                                                  build/hallinterrupts.o
__aeabi_dadd                                      /usr/local/Cellar/gcc-arm-none-eabi/20180627/bin/../lib/gcc/arm-none-eabi/7.3.1/thumb/v7e-m/fpv4-sp/softfp/libgcc.a(_arm_addsubdf3.o)